$ ./.venv/bin/python -u run.py nwsapi_known --seed=20260922 --output-dir=./results/rq1/20261003-0038-nwsapi_known/run1/nwsapi_known --max-wall-seconds=3420

[props] max_repetition=20 (bounds * and + during generation)
[props]   count_a                            0..inf  governed by <more_node>* in <doc>, capped at 20 by max_repetition
[props]   count_an_a                         0..inf  no governing repetition (recursion or alternative)
[props]   count_an_b_sign                    0..inf  no governing repetition (recursion or alternative)
[props]   count_attr_ident                   0..inf  no governing repetition (recursion or alternative)
[props]   count_attr_matcher_ws              0..inf  no governing repetition (recursion or alternative)
[props]   count_attr_modifier                0..inf  no governing repetition (recursion or alternative)
[props]   count_attr_value                   0..inf  no governing repetition (recursion or alternative)
[props]   count_attr_value_words             0..inf  governed by <more_node>* in <doc>, capped at 20 by max_repetition
[props]   count_attribute_selector           0..inf  no governing repetition (recursion or alternative)
[props]   count_attrs                        0..inf  governed by <more_node>* in <doc>, capped at 20 by max_repetition
[props]   count_b                            0..inf  governed by <more_node>* in <doc>, capped at 20 by max_repetition
[props]   count_class_attr                   0..inf  governed by <more_node>* in <doc>, capped at 20 by max_repetition
[props]   count_class_list                   0..inf  governed by <more_node>* in <doc>, capped at 20 by max_repetition
[props]   count_class_selector               0..inf  no governing repetition (recursion or alternative)
[props]   count_combinator                   0..inf  no governing repetition (recursion or alternative)
[props]   count_comma                        0..inf  no governing repetition (recursion or alternative)
[props]   count_complex_selector             1..inf  no governing repetition (recursion or alternative)
[props]   count_complex_selector_in_has       0..inf  no governing repetition (recursion or alternative)
[props]   count_complex_selector_list        1..inf  no governing repetition (recursion or alternative)
[props]   count_complex_selector_list_in_has       0..inf  no governing repetition (recursion or alternative)
[props]   count_data_attr                    0..inf  governed by <more_node>* in <doc>, capped at 20 by max_repetition
[props]   count_digits                       0..inf  no governing repetition (recursion or alternative)
[props]   count_div                          0..inf  governed by <more_node>* in <doc>, capped at 20 by max_repetition
[props]   count_em                           0..inf  governed by <more_node>* in <doc>, capped at 20 by max_repetition
[props]   count_flow_content                 0..inf  governed by <more_node>* in <doc>, capped at 20 by max_repetition
[props]   count_flow_item                    0..inf  governed by <more_node>* in <doc>, capped at 20 by max_repetition
[props]   count_href_attr                    0..inf  governed by <more_node>* in <doc>, capped at 20 by max_repetition
[props]   count_id_attr                      0..inf  governed by <more_node>* in <doc>, capped at 20 by max_repetition
[props]   count_id_selector                  0..inf  no governing repetition (recursion or alternative)
[props]   count_input                        0..inf  governed by <more_node>* in <doc>, capped at 20 by max_repetition
[props]   count_lang_attr                    0..inf  governed by <more_node>* in <doc>, capped at 20 by max_repetition
[props]   count_lang_range                   0..inf  no governing repetition (recursion or alternative)
[props]   count_lang_tag                     0..inf  governed by <more_node>* in <doc>, capped at 20 by max_repetition
[props]   count_lparen                       0..inf  no governing repetition (recursion or alternative)
[props]   count_more_complex_selector        0..inf  no governing repetition (recursion or alternative)
[props]   count_more_complex_selector_in_has       0..inf  no governing repetition (recursion or alternative)
[props]   count_more_node                    0..inf  governed by <more_node>* in <doc>, capped at 20 by max_repetition
[props]   count_more_relative_selector       0..inf  no governing repetition (recursion or alternative)
[props]   count_more_value_word              0..inf  governed by <more_node>* in <doc>, capped at 20 by max_repetition
[props]   count_name                         0..inf  governed by <more_node>* in <doc>, capped at 20 by max_repetition
[props]   count_namechar                     0..inf  governed by <more_node>* in <doc>, capped at 20 by max_repetition
[props]   count_node                         1..inf  governed by <more_node>* in <doc>, capped at 20 by max_repetition
[props]   count_nth_function                 0..inf  no governing repetition (recursion or alternative)
[props]   count_p                            0..inf  governed by <more_node>* in <doc>, capped at 20 by max_repetition
[props]   count_phrasing_content             0..inf  governed by <more_node>* in <doc>, capped at 20 by max_repetition
[props]   count_phrasing_element             0..inf  governed by <more_node>* in <doc>, capped at 20 by max_repetition
[props]   count_phrasing_item                0..inf  governed by <more_node>* in <doc>, capped at 20 by max_repetition
[props]   count_pseudo_class_function        0..inf  no governing repetition (recursion or alternative)
[props]   count_pseudo_class_function_in_has       0..inf  no governing repetition (recursion or alternative)
[props]   count_pseudo_class_ident           0..inf  no governing repetition (recursion or alternative)
[props]   count_pseudo_class_selector        0..inf  no governing repetition (recursion or alternative)
[props]   count_pseudo_class_selector_in_has       0..inf  no governing repetition (recursion or alternative)
[props]   count_relative_combinator          0..inf  no governing repetition (recursion or alternative)
[props]   count_relative_selector_list       0..inf  no governing repetition (recursion or alternative)
[props]   count_rparen                       0..inf  no governing repetition (recursion or alternative)
[props]   count_section                      0..inf  governed by <more_node>* in <doc>, capped at 20 by max_repetition
[props]   count_sign                         0..inf  no governing repetition (recursion or alternative)
[props]   count_signed_integer               0..inf  no governing repetition (recursion or alternative)
[props]   count_span                         0..inf  governed by <more_node>* in <doc>, capped at 20 by max_repetition
[props]   count_subclass_selectors           0..inf  no governing repetition (recursion or alternative)
[props]   count_subclass_selectors_in_has       0..inf  no governing repetition (recursion or alternative)
[props]   count_tchar                        0..inf  governed by <more_node>* in <doc>, capped at 20 by max_repetition
[props]   count_text_run                     0..inf  governed by <more_node>* in <doc>, capped at 20 by max_repetition
[props]   count_title_attr                   0..inf  governed by <more_node>* in <doc>, capped at 20 by max_repetition
[props]   count_type_attr                    0..inf  governed by <more_node>* in <doc>, capped at 20 by max_repetition
[props]   count_type_selector                0..inf  no governing repetition (recursion or alternative)
[props]   count_wq_name                      0..inf  no governing repetition (recursion or alternative)
[props] identical to count_attr_matcher_ws, not derived: count_attr_matcher
[props] identical to count_attribute_selector, not derived: count_attr_name, count_lbracket, count_rbracket
[props] identical to count_attrs, not derived: count_attrs_data, count_attrs_id, count_attrs_lang, count_attrs_title
[props] identical to count_complex_selector, not derived: count_compound
[props] identical to count_complex_selector_in_has, not derived: count_compound_in_has
[props] identical to count_digits, not derived: count_digit
[props] identical to count_flow_item, not derived: count_flow_element
[props] identical to count_input, not derived: count_input_attrs, count_input_checked, count_input_disabled, count_input_readonly, count_input_required
[props] identical to count_lang_tag, not derived: count_lang_subtag
[props] identical to count_nth_function, not derived: count_an_plus_b
[props] identical to count_phrasing_item, not derived: count_phrasing_leaf
[props] identical to count_relative_selector_list, not derived: count_relative_selector
[props] identical to count_subclass_selectors, not derived: count_subclass_selector
[props] identical to count_subclass_selectors_in_has, not derived: count_subclass_selector_in_has
[props] identical to count_wq_name, not derived: count_tag
[props] WARNING <complex_selector> is a separated list written as recursion; write it as `<complex_selector> ::= <compound> <more_compound>*` with `<more_compound> ::= <separator> <compound>` so the length can be banded
[props] WARNING <subclass_selectors> is a list written as recursion; write it as `<subclass_selectors> ::= <subclass_selector>+` so the length can be banded
[props] WARNING <attr_ident> is a separated list written as recursion; write it as `<attr_ident> ::= <name> <more_name>*` with `<more_name> ::= <separator> <name>` so the length can be banded
[props] WARNING <complex_selector_in_has> is a separated list written as recursion; write it as `<complex_selector_in_has> ::= <compound_in_has> <more_compound_in_has>*` with `<more_compound_in_has> ::= <separator> <compound_in_has>` so the length can be banded
[props] WARNING <subclass_selectors_in_has> is a list written as recursion; write it as `<subclass_selectors_in_has> ::= <subclass_selector_in_has>+` so the length can be banded
[props] WARNING <digits> is a list written as recursion; write it as `<digits> ::= <digit>+` so the length can be banded
[props] WARNING <class_list> is a separated list written as recursion; write it as `<class_list> ::= <name> <more_name>*` with `<more_name> ::= <separator> <name>` so the length can be banded
[props] WARNING <lang_tag> is a separated list written as recursion; write it as `<lang_tag> ::= <lang_subtag> <more_lang_subtag>*` with `<more_lang_subtag> ::= <separator> <lang_subtag>` so the length can be banded
[props] fixed count, not derived: <doc>, <selector_list>
[nwsapi_known] properties: ['count_complex_selector_list', 'count_more_complex_selector', 'count_comma', 'count_complex_selector', 'count_combinator', 'count_type_selector', 'count_subclass_selectors', 'count_wq_name', 'count_class_selector', 'count_attribute_selector', 'count_id_selector', 'count_pseudo_class_selector', 'count_name', 'count_attr_value', 'count_attr_matcher_ws', 'count_attr_modifier', 'count_pseudo_class_function', 'count_pseudo_class_ident', 'count_namechar', 'count_attr_ident', 'count_attr_value_words', 'count_relative_selector_list', 'count_rparen', 'count_nth_function', 'count_lparen', 'count_lang_range', 'count_more_value_word', 'count_more_relative_selector', 'count_lang_tag', 'count_relative_combinator', 'count_complex_selector_in_has', 'count_signed_integer', 'count_an_b_sign', 'count_an_a', 'count_digits', 'count_sign', 'count_subclass_selectors_in_has', 'count_pseudo_class_selector_in_has', 'count_pseudo_class_function_in_has', 'count_complex_selector_list_in_has', 'count_more_complex_selector_in_has', 'count_node', 'count_p', 'count_phrasing_content', 'count_phrasing_item', 'count_input', 'count_type_attr', 'count_a', 'count_href_attr', 'count_attrs', 'count_id_attr', 'count_title_attr', 'count_lang_attr', 'count_class_attr', 'count_class_list', 'count_text_run', 'count_tchar', 'count_phrasing_element', 'count_span', 'count_b', 'count_em', 'count_data_attr', 'count_div', 'count_flow_content', 'count_flow_item', 'count_section', 'count_more_node', 'doc_depth', 'doc_bytes', 'selector_len', 'selector_nesting']
[nwsapi_known] auto-stratified exploration: <more_node>[(0, 0), (1, 1), (2, 4), (5, 10), (11, 24)] x <flow_item>[(1, 1), (2, 3), (4, 6), (7, 12), (13, 24)] x <phrasing_item>[(1, 1), (2, 3), (4, 6), (7, 12), (13, 24)] ...
fandango:WARNING: Symbol <more_node> defined, but not used
fandango:WARNING: Symbol <p> defined, but not used
fandango:WARNING: Symbol <section> defined, but not used
fandango:WARNING: Symbol <p> defined, but not used
fandango:WARNING: Symbol <section> defined, but not used
fandango:WARNING: Symbol <p> defined, but not used
fandango:WARNING: Symbol <section> defined, but not used
fandango:WARNING: Symbol <p> defined, but not used
fandango:WARNING: Symbol <section> defined, but not used
fandango:WARNING: Symbol <p> defined, but not used
fandango:WARNING: Symbol <section> defined, but not used
fandango:WARNING: Symbol <div> defined, but not used
fandango:WARNING: Symbol <section> defined, but not used
fandango:WARNING: Symbol <div> defined, but not used
fandango:WARNING: Symbol <section> defined, but not used
fandango:WARNING: Symbol <div> defined, but not used
fandango:WARNING: Symbol <section> defined, but not used
fandango:WARNING: Symbol <div> defined, but not used
fandango:WARNING: Symbol <section> defined, but not used
fandango:WARNING: Symbol <div> defined, but not used
fandango:WARNING: Symbol <section> defined, but not used
fandango:WARNING: Symbol <p> defined, but not used
fandango:WARNING: Symbol <section> defined, but not used
fandango:WARNING: Symbol <p> defined, but not used
fandango:WARNING: Symbol <section> defined, but not used
fandango:WARNING: Symbol <p> defined, but not used
fandango:WARNING: Symbol <section> defined, but not used
fandango:WARNING: Symbol <p> defined, but not used
fandango:WARNING: Symbol <section> defined, but not used
fandango:WARNING: Symbol <p> defined, but not used
fandango:WARNING: Symbol <section> defined, but not used
fandango:WARNING: Symbol <p> defined, but not used
fandango:WARNING: Symbol <section> defined, but not used
fandango:WARNING: Symbol <p> defined, but not used
fandango:WARNING: Symbol <section> defined, but not used
fandango:WARNING: Symbol <p> defined, but not used
fandango:WARNING: Symbol <section> defined, but not used
fandango:WARNING: Symbol <p> defined, but not used
fandango:WARNING: Symbol <section> defined, but not used
fandango:WARNING: Symbol <p> defined, but not used
fandango:WARNING: Symbol <section> defined, but not used
  [explore] 5 axes, 25 strata, 3/stratum -> 75 inputs
[metrics] nwsapi_2_2_21: no measurement after 3 failed attempts; leaving this input unmeasured
[metrics] nwsapi_2_2_22: no measurement after 3 failed attempts; leaving this input unmeasured
[metrics] nwsapi_2_2_23: no measurement after 3 failed attempts; leaving this input unmeasured
[metrics] nwsapi_2_2_24: no measurement after 3 failed attempts; leaving this input unmeasured
[metrics] nwsapi_2_2_25: no measurement after 3 failed attempts; leaving this input unmeasured
[metrics] nwsapi_2_2_26: no measurement after 3 failed attempts; leaving this input unmeasured
[metrics] nwsapi_2_2_27: no measurement after 3 failed attempts; leaving this input unmeasured
[metrics] nwsapi_2_2_21: no measurement after 3 failed attempts; leaving this input unmeasured
[metrics] nwsapi_2_2_22: no measurement after 3 failed attempts; leaving this input unmeasured
[metrics] nwsapi_2_2_23: no measurement after 3 failed attempts; leaving this input unmeasured
[metrics] nwsapi_2_2_24: no measurement after 3 failed attempts; leaving this input unmeasured
[metrics] nwsapi_2_2_25: no measurement after 3 failed attempts; leaving this input unmeasured
[metrics] nwsapi_2_2_26: no measurement after 3 failed attempts; leaving this input unmeasured
[metrics] nwsapi_2_2_27: no measurement after 3 failed attempts; leaving this input unmeasured
[metrics] nwsapi_2_2_21: no measurement after 3 failed attempts; leaving this input unmeasured
[metrics] nwsapi_2_2_22: no measurement after 3 failed attempts; leaving this input unmeasured
[metrics] nwsapi_2_2_23: no measurement after 3 failed attempts; leaving this input unmeasured
[metrics] nwsapi_2_2_24: no measurement after 3 failed attempts; leaving this input unmeasured
[metrics] nwsapi_2_2_25: no measurement after 3 failed attempts; leaving this input unmeasured
[metrics] nwsapi_2_2_26: no measurement after 3 failed attempts; leaving this input unmeasured
[metrics] nwsapi_2_2_27: no measurement after 3 failed attempts; leaving this input unmeasured
[metrics] nwsapi_2_2_21: no measurement after 3 failed attempts; leaving this input unmeasured
[metrics] nwsapi_2_2_22: no measurement after 3 failed attempts; leaving this input unmeasured
[metrics] nwsapi_2_2_23: no measurement after 3 failed attempts; leaving this input unmeasured
[metrics] nwsapi_2_2_24: no measurement after 3 failed attempts; leaving this input unmeasured
[metrics] nwsapi_2_2_25: no measurement after 3 failed attempts; leaving this input unmeasured
[metrics] nwsapi_2_2_26: no measurement after 3 failed attempts; leaving this input unmeasured
[metrics] nwsapi_2_2_27: no measurement after 3 failed attempts; leaving this input unmeasured
[metrics] nwsapi_2_2_21: no measurement after 3 failed attempts; leaving this input unmeasured
[metrics] nwsapi_2_2_22: no measurement after 3 failed attempts; leaving this input unmeasured
[metrics] nwsapi_2_2_23: no measurement after 3 failed attempts; leaving this input unmeasured
[metrics] nwsapi_2_2_24: no measurement after 3 failed attempts; leaving this input unmeasured
[metrics] nwsapi_2_2_25: no measurement after 3 failed attempts; leaving this input unmeasured
[metrics] nwsapi_2_2_26: no measurement after 3 failed attempts; leaving this input unmeasured
[metrics] nwsapi_2_2_27: no measurement after 3 failed attempts; leaving this input unmeasured
[metrics] nwsapi_2_2_21: no measurement after 3 failed attempts; leaving this input unmeasured
[metrics] nwsapi_2_2_22: no measurement after 3 failed attempts; leaving this input unmeasured
[metrics] nwsapi_2_2_23: no measurement after 3 failed attempts; leaving this input unmeasured
[metrics] nwsapi_2_2_25: no measurement after 3 failed attempts; leaving this input unmeasured
[metrics] nwsapi_2_2_26: no measurement after 3 failed attempts; leaving this input unmeasured
[metrics] nwsapi_2_2_27: no measurement after 3 failed attempts; leaving this input unmeasured
[metrics] nwsapi_2_2_21: no measurement after 3 failed attempts; leaving this input unmeasured
[metrics] nwsapi_2_2_22: no measurement after 3 failed attempts; leaving this input unmeasured
[metrics] nwsapi_2_2_23: no measurement after 3 failed attempts; leaving this input unmeasured
[metrics] nwsapi_2_2_24: no measurement after 3 failed attempts; leaving this input unmeasured
[metrics] nwsapi_2_2_25: no measurement after 3 failed attempts; leaving this input unmeasured
[metrics] nwsapi_2_2_26: no measurement after 3 failed attempts; leaving this input unmeasured
[metrics] nwsapi_2_2_27: no measurement after 3 failed attempts; leaving this input unmeasured
[metrics] nwsapi_2_2_21: no measurement after 3 failed attempts; leaving this input unmeasured
[metrics] nwsapi_2_2_22: no measurement after 3 failed attempts; leaving this input unmeasured
[metrics] nwsapi_2_2_23: no measurement after 3 failed attempts; leaving this input unmeasured
[metrics] nwsapi_2_2_24: no measurement after 3 failed attempts; leaving this input unmeasured
[metrics] nwsapi_2_2_25: no measurement after 3 failed attempts; leaving this input unmeasured
[metrics] nwsapi_2_2_26: no measurement after 3 failed attempts; leaving this input unmeasured
[metrics] nwsapi_2_2_27: no measurement after 3 failed attempts; leaving this input unmeasured
[metrics] nwsapi_2_2_21: no measurement after 3 failed attempts; leaving this input unmeasured
[metrics] nwsapi_2_2_22: no measurement after 3 failed attempts; leaving this input unmeasured
[metrics] nwsapi_2_2_23: no measurement after 3 failed attempts; leaving this input unmeasured
[metrics] nwsapi_2_2_24: no measurement after 3 failed attempts; leaving this input unmeasured
[metrics] nwsapi_2_2_25: no measurement after 3 failed attempts; leaving this input unmeasured
[metrics] nwsapi_2_2_26: no measurement after 3 failed attempts; leaving this input unmeasured
[metrics] nwsapi_2_2_27: no measurement after 3 failed attempts; leaving this input unmeasured
[metrics] nwsapi_2_2_21: no measurement after 3 failed attempts; leaving this input unmeasured
[metrics] nwsapi_2_2_22: no measurement after 3 failed attempts; leaving this input unmeasured
[metrics] nwsapi_2_2_23: no measurement after 3 failed attempts; leaving this input unmeasured
[metrics] nwsapi_2_2_24: no measurement after 3 failed attempts; leaving this input unmeasured
[metrics] nwsapi_2_2_25: no measurement after 3 failed attempts; leaving this input unmeasured
[metrics] nwsapi_2_2_26: no measurement after 3 failed attempts; leaving this input unmeasured
[metrics] nwsapi_2_2_27: no measurement after 3 failed attempts; leaving this input unmeasured
[metrics] nwsapi_2_2_21: no measurement after 3 failed attempts; leaving this input unmeasured
[metrics] nwsapi_2_2_22: no measurement after 3 failed attempts; leaving this input unmeasured
[metrics] nwsapi_2_2_23: no measurement after 3 failed attempts; leaving this input unmeasured
[metrics] nwsapi_2_2_24: no measurement after 3 failed attempts; leaving this input unmeasured
[metrics] nwsapi_2_2_25: no measurement after 3 failed attempts; leaving this input unmeasured
[metrics] nwsapi_2_2_26: no measurement after 3 failed attempts; leaving this input unmeasured
[metrics] nwsapi_2_2_27: no measurement after 3 failed attempts; leaving this input unmeasured
[metrics] nwsapi_2_2_21: no measurement after 3 failed attempts; leaving this input unmeasured
[metrics] nwsapi_2_2_22: no measurement after 3 failed attempts; leaving this input unmeasured
[metrics] nwsapi_2_2_23: no measurement after 3 failed attempts; leaving this input unmeasured
[metrics] nwsapi_2_2_24: no measurement after 3 failed attempts; leaving this input unmeasured
[metrics] nwsapi_2_2_25: no measurement after 3 failed attempts; leaving this input unmeasured
[metrics] nwsapi_2_2_26: no measurement after 3 failed attempts; leaving this input unmeasured
[metrics] nwsapi_2_2_27: no measurement after 3 failed attempts; leaving this input unmeasured
[metrics] nwsapi_2_2_21: no measurement after 3 failed attempts; leaving this input unmeasured
[metrics] nwsapi_2_2_22: no measurement after 3 failed attempts; leaving this input unmeasured
[metrics] nwsapi_2_2_23: no measurement after 3 failed attempts; leaving this input unmeasured
[metrics] nwsapi_2_2_24: no measurement after 3 failed attempts; leaving this input unmeasured
[metrics] nwsapi_2_2_25: no measurement after 3 failed attempts; leaving this input unmeasured
[metrics] nwsapi_2_2_26: no measurement after 3 failed attempts; leaving this input unmeasured
[metrics] nwsapi_2_2_27: no measurement after 3 failed attempts; leaving this input unmeasured
[nwsapi_known] iter 0 (explore): corpus=525 (+525 new this run)
[select] relevance (max |rho| vs any metric on any system): count_text_run=0.72, count_type_selector=0.31, count_a=0.72, count_combinator=0.38, count_attrs=0.72, count_complex_selector=0.39, count_title_attr=0.70, doc_bytes=0.70, count_input=0.70, count_class_attr=0.58, doc_depth=0.68, count_tchar=0.67, count_type_attr=0.64, selector_nesting=0.24, count_data_attr=0.60, count_class_list=0.58, count_href_attr=0.59, count_pseudo_class_function=0.23, count_rparen=0.23, count_lparen=0.23, count_name=0.58, count_id_attr=0.55, count_lang_attr=0.53, count_nth_function=0.24, count_lang_tag=0.52, count_pseudo_class_selector=0.42, count_attr_value_words=0.48, count_attr_modifier=0.15, count_more_value_word=0.47, count_attr_value=0.14, count_attr_matcher_ws=0.14, count_complex_selector_list=0.39, count_subclass_selectors=0.35, count_pseudo_class_ident=0.37, selector_len=0.29, count_flow_item=0.36, count_class_selector=0.24, count_section=0.35, count_attribute_selector=0.21, count_span=0.33, count_more_complex_selector=0.33, count_id_selector=0.22, count_comma=0.33, count_em=0.32, count_attr_ident=0.13, count_flow_content=0.29, count_b=0.28, count_namechar=0.26, count_node=0.26, count_phrasing_element=0.26, count_p=0.14, count_div=0.26, count_phrasing_item=0.25, count_wq_name=0.17, count_phrasing_content=0.17, count_complex_selector_in_has=0.10, count_relative_selector_list=0.10, count_more_node=0.20, count_relative_combinator=0.18, count_lang_range=0.18, count_an_b_sign=0.15, count_digits=0.14, count_an_a=0.13, count_sign=0.13, count_more_relative_selector=0.00, count_signed_integer=0.00, count_subclass_selectors_in_has=0.00, count_pseudo_class_selector_in_has=0.00, count_pseudo_class_function_in_has=0.00, count_complex_selector_list_in_has=0.00, count_more_complex_selector_in_has=0.00
[select] comparative relevance (max |rho| vs a between-system ratio): count_text_run=0.37, count_type_selector=0.46, count_a=0.39, count_combinator=0.43, count_attrs=0.37, count_complex_selector=0.43, count_title_attr=0.37, doc_bytes=0.33, count_input=0.34, count_class_attr=0.37, doc_depth=0.27, count_tchar=0.30, count_type_attr=0.29, selector_nesting=0.37, count_data_attr=0.35, count_class_list=0.36, count_href_attr=0.32, count_pseudo_class_function=0.36, count_rparen=0.36, count_lparen=0.36, count_name=0.35, count_id_attr=0.33, count_lang_attr=0.28, count_nth_function=0.35, count_lang_tag=0.28, count_pseudo_class_selector=0.35, count_attr_value_words=0.31, count_attr_modifier=0.35, count_more_value_word=0.30, count_attr_value=0.34, count_attr_matcher_ws=0.34, count_complex_selector_list=0.32, count_subclass_selectors=0.33, count_pseudo_class_ident=0.31, selector_len=0.33, count_flow_item=0.23, count_class_selector=0.33, count_section=0.25, count_attribute_selector=0.33, count_span=0.25, count_more_complex_selector=0.31, count_id_selector=0.32, count_comma=0.31, count_em=0.30, count_attr_ident=0.31, count_flow_content=0.18, count_b=0.26, count_namechar=0.25, count_node=0.24, count_phrasing_element=0.27, count_p=0.30, count_div=0.24, count_phrasing_item=0.25, count_wq_name=0.28, count_phrasing_content=0.28, count_complex_selector_in_has=0.27, count_relative_selector_list=0.27, count_more_node=0.23, count_relative_combinator=0.21, count_lang_range=0.22, count_an_b_sign=0.20, count_digits=0.18, count_an_a=0.18, count_sign=0.18, count_more_relative_selector=0.00, count_signed_integer=0.00, count_subclass_selectors_in_has=0.00, count_pseudo_class_selector_in_has=0.00, count_pseudo_class_function_in_has=0.00, count_complex_selector_list_in_has=0.00, count_more_complex_selector_in_has=0.00
[select] scored on the comparison rather than on the metric: count_type_selector (0.31 -> 0.46), count_combinator (0.38 -> 0.43), selector_nesting (0.24 -> 0.37), count_pseudo_class_function (0.23 -> 0.36), count_rparen (0.23 -> 0.36), count_lparen (0.23 -> 0.36), count_nth_function (0.24 -> 0.35), count_attr_modifier (0.15 -> 0.35), count_attr_value (0.14 -> 0.34), count_attr_matcher_ws (0.14 -> 0.34), count_class_selector (0.24 -> 0.33), count_attribute_selector (0.21 -> 0.33), count_id_selector (0.22 -> 0.32), count_attr_ident (0.13 -> 0.31), count_p (0.14 -> 0.30), count_wq_name (0.17 -> 0.28), count_phrasing_content (0.17 -> 0.28), count_complex_selector_in_has (0.10 -> 0.27), count_relative_selector_list (0.10 -> 0.27), count_an_b_sign (0.15 -> 0.20), count_an_a (0.13 -> 0.18), count_sign (0.13 -> 0.18)
[select] kept count_more_relative_selector despite |rho|=0.00: its axis is not explored yet, so a low score there is absence of data rather than absence of effect
[select] kept count_signed_integer despite |rho|=0.00: its axis is not explored yet, so a low score there is absence of data rather than absence of effect
[select] kept count_subclass_selectors_in_has despite |rho|=0.00: its axis is not explored yet, so a low score there is absence of data rather than absence of effect
[select] kept count_pseudo_class_selector_in_has despite |rho|=0.00: its axis is not explored yet, so a low score there is absence of data rather than absence of effect
[select] kept count_pseudo_class_function_in_has despite |rho|=0.00: its axis is not explored yet, so a low score there is absence of data rather than absence of effect
[select] kept count_complex_selector_list_in_has despite |rho|=0.00: its axis is not explored yet, so a low score there is absence of data rather than absence of effect
[select] kept count_more_complex_selector_in_has despite |rho|=0.00: its axis is not explored yet, so a low score there is absence of data rather than absence of effect
[select] dropped count_a: |rho|=0.95 with count_text_run, which is already kept
[select] dropped count_combinator: |rho|=0.91 with count_type_selector, which is already kept
[select] dropped count_attrs: |rho|=0.97 with count_text_run, which is already kept
[select] dropped count_complex_selector: |rho|=0.94 with count_type_selector, which is already kept
[select] dropped count_title_attr: |rho|=0.95 with count_text_run, which is already kept
[select] dropped doc_bytes: |rho|=0.88 with count_text_run, which is already kept
[select] dropped count_input: |rho|=0.92 with count_text_run, which is already kept
[select] dropped doc_depth: |rho|=0.89 with count_text_run, which is already kept
[select] dropped count_type_attr: over the 4-property cap
[select] dropped selector_nesting: over the 4-property cap
[select] dropped count_data_attr: over the 4-property cap
[select] dropped count_class_list: over the 4-property cap
[select] dropped count_href_attr: over the 4-property cap
[select] dropped count_pseudo_class_function: over the 4-property cap
[select] dropped count_rparen: over the 4-property cap
[select] dropped count_lparen: over the 4-property cap
[select] dropped count_name: over the 4-property cap
[select] dropped count_id_attr: over the 4-property cap
[select] dropped count_lang_attr: over the 4-property cap
[select] dropped count_nth_function: over the 4-property cap
[select] dropped count_lang_tag: over the 4-property cap
[select] dropped count_pseudo_class_selector: over the 4-property cap
[select] dropped count_attr_value_words: over the 4-property cap
[select] dropped count_attr_modifier: over the 4-property cap
[select] dropped count_more_value_word: over the 4-property cap
[select] dropped count_attr_value: over the 4-property cap
[select] dropped count_attr_matcher_ws: over the 4-property cap
[select] dropped count_complex_selector_list: over the 4-property cap
[select] dropped count_subclass_selectors: over the 4-property cap
[select] dropped count_pseudo_class_ident: over the 4-property cap
[select] dropped selector_len: over the 4-property cap
[select] dropped count_flow_item: over the 4-property cap
[select] dropped count_class_selector: over the 4-property cap
[select] dropped count_section: over the 4-property cap
[select] dropped count_attribute_selector: over the 4-property cap
[select] dropped count_span: over the 4-property cap
[select] dropped count_more_complex_selector: over the 4-property cap
[select] dropped count_id_selector: over the 4-property cap
[select] dropped count_comma: over the 4-property cap
[select] dropped count_em: over the 4-property cap
[select] dropped count_attr_ident: over the 4-property cap
[select] dropped count_flow_content: over the 4-property cap
[select] dropped count_b: over the 4-property cap
[select] dropped count_namechar: over the 4-property cap
[select] dropped count_node: over the 4-property cap
[select] dropped count_phrasing_element: over the 4-property cap
[select] dropped count_p: over the 4-property cap
[select] dropped count_div: over the 4-property cap
[select] dropped count_phrasing_item: over the 4-property cap
[select] dropped count_wq_name: over the 4-property cap
[select] dropped count_phrasing_content: over the 4-property cap
[select] dropped count_complex_selector_in_has: over the 4-property cap
[select] dropped count_relative_selector_list: over the 4-property cap
[select] dropped count_more_node: over the 4-property cap
[select] dropped count_relative_combinator: over the 4-property cap
[select] dropped count_lang_range: over the 4-property cap
[select] dropped count_an_b_sign: over the 4-property cap
[select] dropped count_digits: over the 4-property cap
[select] dropped count_an_a: over the 4-property cap
[select] dropped count_sign: over the 4-property cap
[select] dropped count_more_relative_selector: over the 4-property cap
[select] dropped count_signed_integer: over the 4-property cap
[select] dropped count_subclass_selectors_in_has: over the 4-property cap
[select] dropped count_pseudo_class_selector_in_has: over the 4-property cap
[select] dropped count_pseudo_class_function_in_has: over the 4-property cap
[select] dropped count_complex_selector_list_in_has: over the 4-property cap
[select] dropped count_more_complex_selector_in_has: over the 4-property cap
[select] count_type_selector stands for count_combinator, count_complex_selector (indistinguishable here)
[select] count_text_run stands for count_a, count_attrs, count_title_attr, doc_bytes, count_input, doc_depth (indistinguishable here)
[select] joint fit uses 4 of 71 properties: count_type_selector, count_class_attr, count_text_run, count_tchar (1,296 model fits)
[nwsapi_known] loop targets 4 of 71 properties: count_type_selector, count_class_attr, count_text_run, count_tchar
[nwsapi_known] targeting 8 regions: runtime_ns_divergence, count_class_attr_dominance0, count_text_run_undecided0, count_class_attr_x_count_type_selector_joint, count_type_selector_beyond, runtime_ns_high, count_text_run_edge0, runtime_ns_sparse0
  [runtime_ns_divergence] 38s: +1 new input(s), 1 distinct shape(s), 1 measured
  [count_class_attr_dominance0] settling count_class_attr [10.29,18.43) would decide 2 dominance verdict(s): nwsapi_2_2_22 vs nwsapi_2_2_27 (runtime_ns undecided) and 1 more -> <more_node>{3,5}
[metrics] nwsapi_2_2_21: no measurement after 3 failed attempts; leaving this input unmeasured
[metrics] nwsapi_2_2_22: no measurement after 3 failed attempts; leaving this input unmeasured
[metrics] nwsapi_2_2_23: no measurement after 3 failed attempts; leaving this input unmeasured
[metrics] nwsapi_2_2_24: no measurement after 3 failed attempts; leaving this input unmeasured
[metrics] nwsapi_2_2_25: no measurement after 3 failed attempts; leaving this input unmeasured
[metrics] nwsapi_2_2_26: no measurement after 3 failed attempts; leaving this input unmeasured
[metrics] nwsapi_2_2_27: no measurement after 3 failed attempts; leaving this input unmeasured
[metrics] nwsapi_2_2_21: no measurement after 3 failed attempts; leaving this input unmeasured
[metrics] nwsapi_2_2_22: no measurement after 3 failed attempts; leaving this input unmeasured
[metrics] nwsapi_2_2_23: no measurement after 3 failed attempts; leaving this input unmeasured
[metrics] nwsapi_2_2_24: no measurement after 3 failed attempts; leaving this input unmeasured
[metrics] nwsapi_2_2_25: no measurement after 3 failed attempts; leaving this input unmeasured
[metrics] nwsapi_2_2_26: no measurement after 3 failed attempts; leaving this input unmeasured
[metrics] nwsapi_2_2_27: no measurement after 3 failed attempts; leaving this input unmeasured
  [count_class_attr_dominance0] 150s: +10 new input(s), 10 distinct shape(s), 8 measured
  [count_text_run_undecided0] 42 comparison(s) undecided in count_text_run =0: nwsapi_2_2_21 vs nwsapi_2_2_22 on runtime_ns and 41 more -> <more_node>{0,0}
fandango:WARNING: Symbol <more_node> defined, but not used
[metrics] nwsapi_2_2_21: no measurement after 3 failed attempts; leaving this input unmeasured
[metrics] nwsapi_2_2_22: no measurement after 3 failed attempts; leaving this input unmeasured
[metrics] nwsapi_2_2_23: no measurement after 3 failed attempts; leaving this input unmeasured
[metrics] nwsapi_2_2_24: no measurement after 3 failed attempts; leaving this input unmeasured
[metrics] nwsapi_2_2_25: no measurement after 3 failed attempts; leaving this input unmeasured
[metrics] nwsapi_2_2_26: no measurement after 3 failed attempts; leaving this input unmeasured
[metrics] nwsapi_2_2_27: no measurement after 3 failed attempts; leaving this input unmeasured
[metrics] nwsapi_2_2_21: no measurement after 3 failed attempts; leaving this input unmeasured
[metrics] nwsapi_2_2_22: no measurement after 3 failed attempts; leaving this input unmeasured
[metrics] nwsapi_2_2_23: no measurement after 3 failed attempts; leaving this input unmeasured
[metrics] nwsapi_2_2_24: no measurement after 3 failed attempts; leaving this input unmeasured
[metrics] nwsapi_2_2_25: no measurement after 3 failed attempts; leaving this input unmeasured
[metrics] nwsapi_2_2_26: no measurement after 3 failed attempts; leaving this input unmeasured
[metrics] nwsapi_2_2_27: no measurement after 3 failed attempts; leaving this input unmeasured
[metrics] nwsapi_2_2_21: no measurement after 3 failed attempts; leaving this input unmeasured
[metrics] nwsapi_2_2_22: no measurement after 3 failed attempts; leaving this input unmeasured
[metrics] nwsapi_2_2_23: no measurement after 3 failed attempts; leaving this input unmeasured
[metrics] nwsapi_2_2_25: no measurement after 3 failed attempts; leaving this input unmeasured
[metrics] nwsapi_2_2_26: no measurement after 3 failed attempts; leaving this input unmeasured
[metrics] nwsapi_2_2_27: no measurement after 3 failed attempts; leaving this input unmeasured
  [count_text_run_undecided0] 151s: +10 new input(s), 10 distinct shape(s), 8 measured
  [count_class_attr_x_count_type_selector_joint] count_type_selector spans 0..28 overall, 0..9 at count_class_attr in [27,32.4]; maximizing it at <more_node>{10,12}
  [count_class_attr_x_count_type_selector_joint] 9 of 10 seeds do not parse; seeding with 1.
[budget] generation cut at 300s after 50 generations (385 solutions); this request is not reproducible
  [soft] maximizing count_type_selector: 385 candidates, best=49, keeping 10 spanning 49..24
[metrics] nwsapi_2_2_24: no measurement after 3 failed attempts; leaving this input unmeasured
[metrics] nwsapi_2_2_21: no measurement after 3 failed attempts; leaving this input unmeasured
[metrics] nwsapi_2_2_22: no measurement after 3 failed attempts; leaving this input unmeasured
[metrics] nwsapi_2_2_23: no measurement after 3 failed attempts; leaving this input unmeasured
[metrics] nwsapi_2_2_24: no measurement after 3 failed attempts; leaving this input unmeasured
[metrics] nwsapi_2_2_25: no measurement after 3 failed attempts; leaving this input unmeasured
[metrics] nwsapi_2_2_26: no measurement after 3 failed attempts; leaving this input unmeasured
[metrics] nwsapi_2_2_27: no measurement after 3 failed attempts; leaving this input unmeasured
[metrics] nwsapi_2_2_21: no measurement after 3 failed attempts; leaving this input unmeasured
[metrics] nwsapi_2_2_22: no measurement after 3 failed attempts; leaving this input unmeasured
[metrics] nwsapi_2_2_23: no measurement after 3 failed attempts; leaving this input unmeasured
[metrics] nwsapi_2_2_24: no measurement after 3 failed attempts; leaving this input unmeasured
[metrics] nwsapi_2_2_25: no measurement after 3 failed attempts; leaving this input unmeasured
[metrics] nwsapi_2_2_26: no measurement after 3 failed attempts; leaving this input unmeasured
[metrics] nwsapi_2_2_27: no measurement after 3 failed attempts; leaving this input unmeasured
[metrics] nwsapi_2_2_21: no measurement after 3 failed attempts; leaving this input unmeasured
[metrics] nwsapi_2_2_22: no measurement after 3 failed attempts; leaving this input unmeasured
[metrics] nwsapi_2_2_23: no measurement after 3 failed attempts; leaving this input unmeasured
[metrics] nwsapi_2_2_24: no measurement after 3 failed attempts; leaving this input unmeasured
[metrics] nwsapi_2_2_25: no measurement after 3 failed attempts; leaving this input unmeasured
[metrics] nwsapi_2_2_26: no measurement after 3 failed attempts; leaving this input unmeasured
[metrics] nwsapi_2_2_27: no measurement after 3 failed attempts; leaving this input unmeasured
[metrics] nwsapi_2_2_21: no measurement after 3 failed attempts; leaving this input unmeasured
[metrics] nwsapi_2_2_22: no measurement after 3 failed attempts; leaving this input unmeasured
[metrics] nwsapi_2_2_23: no measurement after 3 failed attempts; leaving this input unmeasured
[metrics] nwsapi_2_2_24: no measurement after 3 failed attempts; leaving this input unmeasured
[metrics] nwsapi_2_2_25: no measurement after 3 failed attempts; leaving this input unmeasured
[metrics] nwsapi_2_2_26: no measurement after 3 failed attempts; leaving this input unmeasured
[metrics] nwsapi_2_2_27: no measurement after 3 failed attempts; leaving this input unmeasured
[metrics] nwsapi_2_2_21: no measurement after 3 failed attempts; leaving this input unmeasured
[metrics] nwsapi_2_2_22: no measurement after 3 failed attempts; leaving this input unmeasured
[metrics] nwsapi_2_2_23: no measurement after 3 failed attempts; leaving this input unmeasured
[metrics] nwsapi_2_2_24: no measurement after 3 failed attempts; leaving this input unmeasured
[metrics] nwsapi_2_2_25: no measurement after 3 failed attempts; leaving this input unmeasured
[metrics] nwsapi_2_2_26: no measurement after 3 failed attempts; leaving this input unmeasured
[metrics] nwsapi_2_2_27: no measurement after 3 failed attempts; leaving this input unmeasured
[metrics] nwsapi_2_2_21: no measurement after 3 failed attempts; leaving this input unmeasured
[metrics] nwsapi_2_2_22: no measurement after 3 failed attempts; leaving this input unmeasured
[metrics] nwsapi_2_2_23: no measurement after 3 failed attempts; leaving this input unmeasured
[metrics] nwsapi_2_2_24: no measurement after 3 failed attempts; leaving this input unmeasured
[metrics] nwsapi_2_2_25: no measurement after 3 failed attempts; leaving this input unmeasured
[metrics] nwsapi_2_2_26: no measurement after 3 failed attempts; leaving this input unmeasured
[metrics] nwsapi_2_2_27: no measurement after 3 failed attempts; leaving this input unmeasured
[metrics] nwsapi_2_2_21: no measurement after 3 failed attempts; leaving this input unmeasured
[metrics] nwsapi_2_2_22: no measurement after 3 failed attempts; leaving this input unmeasured
[metrics] nwsapi_2_2_23: no measurement after 3 failed attempts; leaving this input unmeasured
[metrics] nwsapi_2_2_24: no measurement after 3 failed attempts; leaving this input unmeasured
[metrics] nwsapi_2_2_25: no measurement after 3 failed attempts; leaving this input unmeasured
[metrics] nwsapi_2_2_26: no measurement after 3 failed attempts; leaving this input unmeasured
[metrics] nwsapi_2_2_27: no measurement after 3 failed attempts; leaving this input unmeasured
[metrics] nwsapi_2_2_24: no measurement after 3 failed attempts; leaving this input unmeasured
[metrics] nwsapi_2_2_24: no measurement after 3 failed attempts; leaving this input unmeasured
  [count_class_attr_x_count_type_selector_joint] 413s: +10 new input(s), 10 distinct shape(s), 3 measured [CUT: generation budget, not reproducible]
  [count_type_selector_beyond] rung 1
[WARNING] Fandango did not generate any valid inputs.
  [count_type_selector_beyond] 55s: no new inputs
  [runtime_ns_high] 22s: no new inputs
  [count_text_run_edge0] <more_node>{12,14} for the top 15% of count_text_run ([56,86])
  [count_text_run_edge0] 177s: +10 new input(s), 10 distinct shape(s), 10 measured
  [runtime_ns_sparse0] 51s: no new inputs
[nwsapi_known] iter 1: corpus=812 (+287 new)
[select] relevance (max |rho| vs any metric on any system): count_a=0.71, count_attribute_selector=0.33, count_text_run=0.71, count_complex_selector_list=0.50, count_tchar=0.69, count_attr_modifier=0.21, count_attrs=0.69, count_more_complex_selector=0.47, count_title_attr=0.69, count_comma=0.47, count_class_list=0.68, count_subclass_selectors=0.40, doc_bytes=0.68, count_attr_value=0.27, count_input=0.67, count_attr_matcher_ws=0.27, count_href_attr=0.66, count_id_selector=0.33, count_class_attr=0.66, selector_len=0.36, count_data_attr=0.66, count_lang_tag=0.59, count_name=0.65, count_lang_attr=0.61, count_type_attr=0.65, count_more_value_word=0.59, doc_depth=0.63, count_attr_value_words=0.59, count_id_attr=0.62, count_node=0.44, count_combinator=0.40, count_type_selector=0.39, selector_nesting=0.31, count_namechar=0.49, count_pseudo_class_function=0.31, count_complex_selector=0.47, count_rparen=0.31, count_lparen=0.31, count_flow_item=0.43, count_p=0.23, count_span=0.40, count_pseudo_class_selector=0.40, count_phrasing_item=0.39, count_em=0.39, count_class_selector=0.28, count_b=0.36, count_pseudo_class_ident=0.36, count_flow_content=0.36, count_div=0.34, count_relative_combinator=0.12, count_phrasing_element=0.34, count_phrasing_content=0.31, count_nth_function=0.26, count_more_node=0.24, count_subclass_selectors_in_has=0.13, count_relative_selector_list=0.11, count_complex_selector_in_has=0.11, count_attr_ident=0.21, count_section=0.18, count_wq_name=0.18, count_more_relative_selector=0.17, count_lang_range=0.14, count_an_b_sign=0.12, count_digits=0.10, count_an_a=0.10, count_sign=0.10, count_signed_integer=0.00, count_pseudo_class_selector_in_has=0.00, count_pseudo_class_function_in_has=0.00, count_complex_selector_list_in_has=0.00, count_more_complex_selector_in_has=0.00
[select] comparative relevance (max |rho| vs a between-system ratio): count_a=0.22, count_attribute_selector=0.36, count_text_run=0.21, count_complex_selector_list=0.35, count_tchar=0.27, count_attr_modifier=0.34, count_attrs=0.23, count_more_complex_selector=0.34, count_title_attr=0.27, count_comma=0.34, count_class_list=0.20, count_subclass_selectors=0.32, doc_bytes=0.27, count_attr_value=0.30, count_input=0.25, count_attr_matcher_ws=0.30, count_href_attr=0.28, count_id_selector=0.30, count_class_attr=0.23, selector_len=0.29, count_data_attr=0.27, count_lang_tag=0.29, count_name=0.26, count_lang_attr=0.29, count_type_attr=0.24, count_more_value_word=0.29, doc_depth=0.20, count_attr_value_words=0.28, count_id_attr=0.19, count_node=0.28, count_combinator=0.28, count_type_selector=0.28, selector_nesting=0.28, count_namechar=0.24, count_pseudo_class_function=0.27, count_complex_selector=0.26, count_rparen=0.27, count_lparen=0.27, count_flow_item=0.24, count_p=0.27, count_span=0.24, count_pseudo_class_selector=0.24, count_phrasing_item=0.25, count_em=0.18, count_class_selector=0.24, count_b=0.19, count_pseudo_class_ident=0.23, count_flow_content=0.19, count_div=0.20, count_relative_combinator=0.23, count_phrasing_element=0.18, count_phrasing_content=0.23, count_nth_function=0.23, count_more_node=0.21, count_subclass_selectors_in_has=0.21, count_relative_selector_list=0.21, count_complex_selector_in_has=0.21, count_attr_ident=0.21, count_section=0.18, count_wq_name=0.17, count_more_relative_selector=0.00, count_lang_range=0.18, count_an_b_sign=0.16, count_digits=0.15, count_an_a=0.15, count_sign=0.15, count_signed_integer=0.00, count_pseudo_class_selector_in_has=0.00, count_pseudo_class_function_in_has=0.00, count_complex_selector_list_in_has=0.00, count_more_complex_selector_in_has=0.00
[select] scored on the comparison rather than on the metric: count_attr_modifier (0.21 -> 0.34), count_relative_combinator (0.12 -> 0.23), count_subclass_selectors_in_has (0.13 -> 0.21), count_relative_selector_list (0.11 -> 0.21), count_complex_selector_in_has (0.11 -> 0.21), count_digits (0.10 -> 0.15), count_an_a (0.10 -> 0.15), count_sign (0.10 -> 0.15)
[select] kept count_signed_integer despite |rho|=0.00: its axis is not explored yet, so a low score there is absence of data rather than absence of effect
[select] kept count_pseudo_class_selector_in_has despite |rho|=0.00: its axis is not explored yet, so a low score there is absence of data rather than absence of effect
[select] kept count_pseudo_class_function_in_has despite |rho|=0.00: its axis is not explored yet, so a low score there is absence of data rather than absence of effect
[select] kept count_complex_selector_list_in_has despite |rho|=0.00: its axis is not explored yet, so a low score there is absence of data rather than absence of effect
[select] kept count_more_complex_selector_in_has despite |rho|=0.00: its axis is not explored yet, so a low score there is absence of data rather than absence of effect
[select] dropped count_text_run: |rho|=0.96 with count_a, which is already kept
[select] dropped count_tchar: |rho|=0.83 with count_a, which is already kept
[select] dropped count_attrs: over the 4-property cap
[select] dropped count_more_complex_selector: over the 4-property cap
[select] dropped count_title_attr: over the 4-property cap
[select] dropped count_comma: over the 4-property cap
[select] dropped count_class_list: over the 4-property cap
[select] dropped count_subclass_selectors: over the 4-property cap
[select] dropped doc_bytes: over the 4-property cap
[select] dropped count_attr_value: over the 4-property cap
[select] dropped count_input: over the 4-property cap
[select] dropped count_attr_matcher_ws: over the 4-property cap
[select] dropped count_href_attr: over the 4-property cap
[select] dropped count_id_selector: over the 4-property cap
[select] dropped count_class_attr: over the 4-property cap
[select] dropped selector_len: over the 4-property cap
[select] dropped count_data_attr: over the 4-property cap
[select] dropped count_lang_tag: over the 4-property cap
[select] dropped count_name: over the 4-property cap
[select] dropped count_lang_attr: over the 4-property cap
[select] dropped count_type_attr: over the 4-property cap
[select] dropped count_more_value_word: over the 4-property cap
[select] dropped doc_depth: over the 4-property cap
[select] dropped count_attr_value_words: over the 4-property cap
[select] dropped count_id_attr: over the 4-property cap
[select] dropped count_node: over the 4-property cap
[select] dropped count_combinator: over the 4-property cap
[select] dropped count_type_selector: over the 4-property cap
[select] dropped selector_nesting: over the 4-property cap
[select] dropped count_namechar: over the 4-property cap
[select] dropped count_pseudo_class_function: over the 4-property cap
[select] dropped count_complex_selector: over the 4-property cap
[select] dropped count_rparen: over the 4-property cap
[select] dropped count_lparen: over the 4-property cap
[select] dropped count_flow_item: over the 4-property cap
[select] dropped count_p: over the 4-property cap
[select] dropped count_span: over the 4-property cap
[select] dropped count_pseudo_class_selector: over the 4-property cap
[select] dropped count_phrasing_item: over the 4-property cap
[select] dropped count_em: over the 4-property cap
[select] dropped count_class_selector: over the 4-property cap
[select] dropped count_b: over the 4-property cap
[select] dropped count_pseudo_class_ident: over the 4-property cap
[select] dropped count_flow_content: over the 4-property cap
[select] dropped count_div: over the 4-property cap
[select] dropped count_relative_combinator: over the 4-property cap
[select] dropped count_phrasing_element: over the 4-property cap
[select] dropped count_phrasing_content: over the 4-property cap
[select] dropped count_nth_function: over the 4-property cap
[select] dropped count_more_node: over the 4-property cap
[select] dropped count_subclass_selectors_in_has: over the 4-property cap
[select] dropped count_relative_selector_list: over the 4-property cap
[select] dropped count_complex_selector_in_has: over the 4-property cap
[select] dropped count_attr_ident: over the 4-property cap
[select] dropped count_section: over the 4-property cap
[select] dropped count_wq_name: over the 4-property cap
[select] dropped count_more_relative_selector: over the 4-property cap
[select] dropped count_lang_range: over the 4-property cap
[select] dropped count_an_b_sign: over the 4-property cap
[select] dropped count_digits: over the 4-property cap
[select] dropped count_an_a: over the 4-property cap
[select] dropped count_sign: over the 4-property cap
[select] dropped count_signed_integer: over the 4-property cap
[select] dropped count_pseudo_class_selector_in_has: over the 4-property cap
[select] dropped count_pseudo_class_function_in_has: over the 4-property cap
[select] dropped count_complex_selector_list_in_has: over the 4-property cap
[select] dropped count_more_complex_selector_in_has: over the 4-property cap
[select] count_a stands for count_text_run, count_tchar (indistinguishable here)
[select] joint fit uses 4 of 71 properties: count_complex_selector_list, count_attribute_selector, count_attr_modifier, count_a (1,296 model fits)
[nwsapi_known] loop targets 4 of 71 properties: count_complex_selector_list, count_attribute_selector, count_attr_modifier, count_a
[nwsapi_known] targeting 8 regions: runtime_ns_divergence, count_attribute_selector_dominance, count_attr_modifier_undecided, count_a_x_count_complex_selector_list_joint, count_complex_selector_list_beyond, runtime_ns_high, count_attr_modifier_edge, runtime_ns_sparse0
[metrics] nwsapi_2_2_24: no measurement after 3 failed attempts; leaving this input unmeasured
  [runtime_ns_divergence] 23s: no new inputs
  [count_attribute_selector_dominance] settling count_attribute_selector =0 would decide 7 dominance verdict(s): nwsapi_2_2_21 vs nwsapi_2_2_26 (runtime_ns undecided) and 6 more
  [count_attribute_selector_dominance] 169s: +9 new input(s), 6 distinct shape(s), 9 measured
  [count_attr_modifier_undecided] 42 comparison(s) undecided in count_attr_modifier [2.333,3.667): nwsapi_2_2_21 vs nwsapi_2_2_22 on runtime_ns and 41 more
[metrics] nwsapi_2_2_21: no measurement after 3 failed attempts; leaving this input unmeasured
[metrics] nwsapi_2_2_22: no measurement after 3 failed attempts; leaving this input unmeasured
[metrics] nwsapi_2_2_23: no measurement after 3 failed attempts; leaving this input unmeasured
[metrics] nwsapi_2_2_24: no measurement after 3 failed attempts; leaving this input unmeasured
[metrics] nwsapi_2_2_25: no measurement after 3 failed attempts; leaving this input unmeasured
[metrics] nwsapi_2_2_26: no measurement after 3 failed attempts; leaving this input unmeasured
[metrics] nwsapi_2_2_27: no measurement after 3 failed attempts; leaving this input unmeasured
[metrics] nwsapi_2_2_21: no measurement after 3 failed attempts; leaving this input unmeasured
[metrics] nwsapi_2_2_22: no measurement after 3 failed attempts; leaving this input unmeasured
[metrics] nwsapi_2_2_23: no measurement after 3 failed attempts; leaving this input unmeasured
[metrics] nwsapi_2_2_24: no measurement after 3 failed attempts; leaving this input unmeasured
[metrics] nwsapi_2_2_25: no measurement after 3 failed attempts; leaving this input unmeasured
[metrics] nwsapi_2_2_26: no measurement after 3 failed attempts; leaving this input unmeasured
[metrics] nwsapi_2_2_27: no measurement after 3 failed attempts; leaving this input unmeasured
[metrics] nwsapi_2_2_21: no measurement after 3 failed attempts; leaving this input unmeasured
[metrics] nwsapi_2_2_22: no measurement after 3 failed attempts; leaving this input unmeasured
[metrics] nwsapi_2_2_23: no measurement after 3 failed attempts; leaving this input unmeasured
[metrics] nwsapi_2_2_24: no measurement after 3 failed attempts; leaving this input unmeasured
[metrics] nwsapi_2_2_25: no measurement after 3 failed attempts; leaving this input unmeasured
[metrics] nwsapi_2_2_26: no measurement after 3 failed attempts; leaving this input unmeasured
[metrics] nwsapi_2_2_27: no measurement after 3 failed attempts; leaving this input unmeasured
[metrics] nwsapi_2_2_21: no measurement after 3 failed attempts; leaving this input unmeasured
[metrics] nwsapi_2_2_22: no measurement after 3 failed attempts; leaving this input unmeasured
[metrics] nwsapi_2_2_23: no measurement after 3 failed attempts; leaving this input unmeasured
[metrics] nwsapi_2_2_24: no measurement after 3 failed attempts; leaving this input unmeasured
[metrics] nwsapi_2_2_25: no measurement after 3 failed attempts; leaving this input unmeasured
[metrics] nwsapi_2_2_26: no measurement after 3 failed attempts; leaving this input unmeasured
[metrics] nwsapi_2_2_27: no measurement after 3 failed attempts; leaving this input unmeasured
[metrics] nwsapi_2_2_21: no measurement after 3 failed attempts; leaving this input unmeasured
[metrics] nwsapi_2_2_22: no measurement after 3 failed attempts; leaving this input unmeasured
[metrics] nwsapi_2_2_23: no measurement after 3 failed attempts; leaving this input unmeasured
[metrics] nwsapi_2_2_24: no measurement after 3 failed attempts; leaving this input unmeasured
[metrics] nwsapi_2_2_25: no measurement after 3 failed attempts; leaving this input unmeasured
[metrics] nwsapi_2_2_26: no measurement after 3 failed attempts; leaving this input unmeasured
[metrics] nwsapi_2_2_27: no measurement after 3 failed attempts; leaving this input unmeasured
[metrics] nwsapi_2_2_21: no measurement after 3 failed attempts; leaving this input unmeasured
[metrics] nwsapi_2_2_22: no measurement after 3 failed attempts; leaving this input unmeasured
[metrics] nwsapi_2_2_23: no measurement after 3 failed attempts; leaving this input unmeasured
[metrics] nwsapi_2_2_24: no measurement after 3 failed attempts; leaving this input unmeasured
[metrics] nwsapi_2_2_25: no measurement after 3 failed attempts; leaving this input unmeasured
[metrics] nwsapi_2_2_26: no measurement after 3 failed attempts; leaving this input unmeasured
[metrics] nwsapi_2_2_27: no measurement after 3 failed attempts; leaving this input unmeasured
[metrics] nwsapi_2_2_21: no measurement after 3 failed attempts; leaving this input unmeasured
[metrics] nwsapi_2_2_22: no measurement after 3 failed attempts; leaving this input unmeasured
[metrics] nwsapi_2_2_23: no measurement after 3 failed attempts; leaving this input unmeasured
[metrics] nwsapi_2_2_24: no measurement after 3 failed attempts; leaving this input unmeasured
[metrics] nwsapi_2_2_25: no measurement after 3 failed attempts; leaving this input unmeasured
[metrics] nwsapi_2_2_26: no measurement after 3 failed attempts; leaving this input unmeasured
[metrics] nwsapi_2_2_27: no measurement after 3 failed attempts; leaving this input unmeasured
[metrics] nwsapi_2_2_21: no measurement after 3 failed attempts; leaving this input unmeasured
[metrics] nwsapi_2_2_22: no measurement after 3 failed attempts; leaving this input unmeasured
[metrics] nwsapi_2_2_23: no measurement after 3 failed attempts; leaving this input unmeasured
[metrics] nwsapi_2_2_24: no measurement after 3 failed attempts; leaving this input unmeasured
[metrics] nwsapi_2_2_25: no measurement after 3 failed attempts; leaving this input unmeasured
[metrics] nwsapi_2_2_26: no measurement after 3 failed attempts; leaving this input unmeasured
[metrics] nwsapi_2_2_27: no measurement after 3 failed attempts; leaving this input unmeasured
[metrics] nwsapi_2_2_21: no measurement after 3 failed attempts; leaving this input unmeasured
[metrics] nwsapi_2_2_22: no measurement after 3 failed attempts; leaving this input unmeasured
[metrics] nwsapi_2_2_23: no measurement after 3 failed attempts; leaving this input unmeasured
[metrics] nwsapi_2_2_24: no measurement after 3 failed attempts; leaving this input unmeasured
[metrics] nwsapi_2_2_25: no measurement after 3 failed attempts; leaving this input unmeasured
[metrics] nwsapi_2_2_26: no measurement after 3 failed attempts; leaving this input unmeasured
[metrics] nwsapi_2_2_27: no measurement after 3 failed attempts; leaving this input unmeasured
[metrics] nwsapi_2_2_21: no measurement after 3 failed attempts; leaving this input unmeasured
[metrics] nwsapi_2_2_22: no measurement after 3 failed attempts; leaving this input unmeasured
[metrics] nwsapi_2_2_23: no measurement after 3 failed attempts; leaving this input unmeasured
[metrics] nwsapi_2_2_24: no measurement after 3 failed attempts; leaving this input unmeasured
[metrics] nwsapi_2_2_25: no measurement after 3 failed attempts; leaving this input unmeasured
[metrics] nwsapi_2_2_26: no measurement after 3 failed attempts; leaving this input unmeasured
[metrics] nwsapi_2_2_27: no measurement after 3 failed attempts; leaving this input unmeasured
  [count_attr_modifier_undecided] 79s: +9 new input(s), 6 distinct shape(s), 0 measured
  [count_a_x_count_complex_selector_list_joint] count_complex_selector_list spans 1..29 overall, 1..4 at count_a in [21,25.2]; maximizing it at <more_node>{16,19}
  [count_a_x_count_complex_selector_list_joint] 7 of 7 seeds do not parse; seeding with 0.
[budget] generation cut at 300s after 45 generations (427 solutions); this request is not reproducible
  [soft] maximizing count_complex_selector_list: 427 candidates, best=44, keeping 10 spanning 44..21
[metrics] nwsapi_2_2_21: no measurement after 3 failed attempts; leaving this input unmeasured
[metrics] nwsapi_2_2_22: no measurement after 3 failed attempts; leaving this input unmeasured
[metrics] nwsapi_2_2_23: no measurement after 3 failed attempts; leaving this input unmeasured
[metrics] nwsapi_2_2_24: no measurement after 3 failed attempts; leaving this input unmeasured
[metrics] nwsapi_2_2_25: no measurement after 3 failed attempts; leaving this input unmeasured
[metrics] nwsapi_2_2_26: no measurement after 3 failed attempts; leaving this input unmeasured
[metrics] nwsapi_2_2_27: no measurement after 3 failed attempts; leaving this input unmeasured
[metrics] nwsapi_2_2_21: no measurement after 3 failed attempts; leaving this input unmeasured
[metrics] nwsapi_2_2_22: no measurement after 3 failed attempts; leaving this input unmeasured
[metrics] nwsapi_2_2_23: no measurement after 3 failed attempts; leaving this input unmeasured
[metrics] nwsapi_2_2_24: no measurement after 3 failed attempts; leaving this input unmeasured
[metrics] nwsapi_2_2_25: no measurement after 3 failed attempts; leaving this input unmeasured
[metrics] nwsapi_2_2_26: no measurement after 3 failed attempts; leaving this input unmeasured
[metrics] nwsapi_2_2_27: no measurement after 3 failed attempts; leaving this input unmeasured
[metrics] nwsapi_2_2_21: no measurement after 3 failed attempts; leaving this input unmeasured
[metrics] nwsapi_2_2_22: no measurement after 3 failed attempts; leaving this input unmeasured
[metrics] nwsapi_2_2_23: no measurement after 3 failed attempts; leaving this input unmeasured
[metrics] nwsapi_2_2_24: no measurement after 3 failed attempts; leaving this input unmeasured
[metrics] nwsapi_2_2_25: no measurement after 3 failed attempts; leaving this input unmeasured
[metrics] nwsapi_2_2_26: no measurement after 3 failed attempts; leaving this input unmeasured
[metrics] nwsapi_2_2_27: no measurement after 3 failed attempts; leaving this input unmeasured
[metrics] nwsapi_2_2_21: no measurement after 3 failed attempts; leaving this input unmeasured
[metrics] nwsapi_2_2_22: no measurement after 3 failed attempts; leaving this input unmeasured
[metrics] nwsapi_2_2_23: no measurement after 3 failed attempts; leaving this input unmeasured
[metrics] nwsapi_2_2_24: no measurement after 3 failed attempts; leaving this input unmeasured
[metrics] nwsapi_2_2_25: no measurement after 3 failed attempts; leaving this input unmeasured
[metrics] nwsapi_2_2_26: no measurement after 3 failed attempts; leaving this input unmeasured
[metrics] nwsapi_2_2_27: no measurement after 3 failed attempts; leaving this input unmeasured
[metrics] nwsapi_2_2_21: no measurement after 3 failed attempts; leaving this input unmeasured
[metrics] nwsapi_2_2_22: no measurement after 3 failed attempts; leaving this input unmeasured
[metrics] nwsapi_2_2_23: no measurement after 3 failed attempts; leaving this input unmeasured
[metrics] nwsapi_2_2_24: no measurement after 3 failed attempts; leaving this input unmeasured
[metrics] nwsapi_2_2_25: no measurement after 3 failed attempts; leaving this input unmeasured
[metrics] nwsapi_2_2_26: no measurement after 3 failed attempts; leaving this input unmeasured
[metrics] nwsapi_2_2_27: no measurement after 3 failed attempts; leaving this input unmeasured
[metrics] nwsapi_2_2_21: no measurement after 3 failed attempts; leaving this input unmeasured
[metrics] nwsapi_2_2_22: no measurement after 3 failed attempts; leaving this input unmeasured
[metrics] nwsapi_2_2_23: no measurement after 3 failed attempts; leaving this input unmeasured
[metrics] nwsapi_2_2_24: no measurement after 3 failed attempts; leaving this input unmeasured
[metrics] nwsapi_2_2_25: no measurement after 3 failed attempts; leaving this input unmeasured
[metrics] nwsapi_2_2_26: no measurement after 3 failed attempts; leaving this input unmeasured
[metrics] nwsapi_2_2_27: no measurement after 3 failed attempts; leaving this input unmeasured
[metrics] nwsapi_2_2_21: no measurement after 3 failed attempts; leaving this input unmeasured
[metrics] nwsapi_2_2_22: no measurement after 3 failed attempts; leaving this input unmeasured
[metrics] nwsapi_2_2_23: no measurement after 3 failed attempts; leaving this input unmeasured
[metrics] nwsapi_2_2_24: no measurement after 3 failed attempts; leaving this input unmeasured
[metrics] nwsapi_2_2_25: no measurement after 3 failed attempts; leaving this input unmeasured
[metrics] nwsapi_2_2_26: no measurement after 3 failed attempts; leaving this input unmeasured
[metrics] nwsapi_2_2_27: no measurement after 3 failed attempts; leaving this input unmeasured
[metrics] nwsapi_2_2_21: no measurement after 3 failed attempts; leaving this input unmeasured
[metrics] nwsapi_2_2_22: no measurement after 3 failed attempts; leaving this input unmeasured
[metrics] nwsapi_2_2_23: no measurement after 3 failed attempts; leaving this input unmeasured
[metrics] nwsapi_2_2_24: no measurement after 3 failed attempts; leaving this input unmeasured
[metrics] nwsapi_2_2_25: no measurement after 3 failed attempts; leaving this input unmeasured
[metrics] nwsapi_2_2_26: no measurement after 3 failed attempts; leaving this input unmeasured
[metrics] nwsapi_2_2_27: no measurement after 3 failed attempts; leaving this input unmeasured
[metrics] nwsapi_2_2_21: no measurement after 3 failed attempts; leaving this input unmeasured
[metrics] nwsapi_2_2_22: no measurement after 3 failed attempts; leaving this input unmeasured
[metrics] nwsapi_2_2_23: no measurement after 3 failed attempts; leaving this input unmeasured
[metrics] nwsapi_2_2_24: no measurement after 3 failed attempts; leaving this input unmeasured
[metrics] nwsapi_2_2_25: no measurement after 3 failed attempts; leaving this input unmeasured
[metrics] nwsapi_2_2_26: no measurement after 3 failed attempts; leaving this input unmeasured
[metrics] nwsapi_2_2_27: no measurement after 3 failed attempts; leaving this input unmeasured
[metrics] nwsapi_2_2_21: no measurement after 3 failed attempts; leaving this input unmeasured
[metrics] nwsapi_2_2_22: no measurement after 3 failed attempts; leaving this input unmeasured
[metrics] nwsapi_2_2_23: no measurement after 3 failed attempts; leaving this input unmeasured
[metrics] nwsapi_2_2_24: no measurement after 3 failed attempts; leaving this input unmeasured
[metrics] nwsapi_2_2_25: no measurement after 3 failed attempts; leaving this input unmeasured
[metrics] nwsapi_2_2_26: no measurement after 3 failed attempts; leaving this input unmeasured
[metrics] nwsapi_2_2_27: no measurement after 3 failed attempts; leaving this input unmeasured
  [count_a_x_count_complex_selector_list_joint] 379s: +10 new input(s), 8 distinct shape(s), 0 measured [CUT: generation budget, not reproducible]
  [count_complex_selector_list_beyond] rung 1
[WARNING] Fandango did not generate any valid inputs.
  [count_complex_selector_list_beyond] 77s: no new inputs
  [runtime_ns_high] 22s: no new inputs
[metrics] nwsapi_2_2_21: no measurement after 3 failed attempts; leaving this input unmeasured
[metrics] nwsapi_2_2_22: no measurement after 3 failed attempts; leaving this input unmeasured
[metrics] nwsapi_2_2_23: no measurement after 3 failed attempts; leaving this input unmeasured
[metrics] nwsapi_2_2_24: no measurement after 3 failed attempts; leaving this input unmeasured
[metrics] nwsapi_2_2_25: no measurement after 3 failed attempts; leaving this input unmeasured
[metrics] nwsapi_2_2_26: no measurement after 3 failed attempts; leaving this input unmeasured
[metrics] nwsapi_2_2_27: no measurement after 3 failed attempts; leaving this input unmeasured
[metrics] nwsapi_2_2_21: no measurement after 3 failed attempts; leaving this input unmeasured
[metrics] nwsapi_2_2_22: no measurement after 3 failed attempts; leaving this input unmeasured
[metrics] nwsapi_2_2_23: no measurement after 3 failed attempts; leaving this input unmeasured
[metrics] nwsapi_2_2_24: no measurement after 3 failed attempts; leaving this input unmeasured
[metrics] nwsapi_2_2_25: no measurement after 3 failed attempts; leaving this input unmeasured
[metrics] nwsapi_2_2_26: no measurement after 3 failed attempts; leaving this input unmeasured
[metrics] nwsapi_2_2_27: no measurement after 3 failed attempts; leaving this input unmeasured
[metrics] nwsapi_2_2_21: no measurement after 3 failed attempts; leaving this input unmeasured
[metrics] nwsapi_2_2_22: no measurement after 3 failed attempts; leaving this input unmeasured
[metrics] nwsapi_2_2_23: no measurement after 3 failed attempts; leaving this input unmeasured
[metrics] nwsapi_2_2_24: no measurement after 3 failed attempts; leaving this input unmeasured
[metrics] nwsapi_2_2_25: no measurement after 3 failed attempts; leaving this input unmeasured
[metrics] nwsapi_2_2_26: no measurement after 3 failed attempts; leaving this input unmeasured
[metrics] nwsapi_2_2_27: no measurement after 3 failed attempts; leaving this input unmeasured
[metrics] nwsapi_2_2_21: no measurement after 3 failed attempts; leaving this input unmeasured
[metrics] nwsapi_2_2_22: no measurement after 3 failed attempts; leaving this input unmeasured
[metrics] nwsapi_2_2_23: no measurement after 3 failed attempts; leaving this input unmeasured
[metrics] nwsapi_2_2_25: no measurement after 3 failed attempts; leaving this input unmeasured
[metrics] nwsapi_2_2_26: no measurement after 3 failed attempts; leaving this input unmeasured
[metrics] nwsapi_2_2_27: no measurement after 3 failed attempts; leaving this input unmeasured
  [count_attr_modifier_edge] 45s: no new inputs
  [runtime_ns_sparse0] 52s: no new inputs
[nwsapi_known] iter 2: corpus=1008 (+196 new)
[select] relevance (max |rho| vs any metric on any system): count_a=0.75, count_complex_selector_list=0.51, count_text_run=0.74, count_more_complex_selector=0.48, count_tchar=0.72, count_comma=0.48, count_attrs=0.72, count_attr_modifier=0.24, count_title_attr=0.71, count_attribute_selector=0.37, doc_bytes=0.70, count_id_selector=0.36, count_data_attr=0.70, count_subclass_selectors=0.44, count_class_list=0.69, count_attr_value=0.31, count_input=0.69, count_attr_matcher_ws=0.31, count_name=0.69, count_lang_tag=0.64, count_href_attr=0.68, count_lang_attr=0.65, count_class_attr=0.67, count_more_value_word=0.64, count_type_attr=0.67, count_id_attr=0.66, selector_len=0.42, count_span=0.41, doc_depth=0.64, count_attr_value_words=0.64, selector_nesting=0.32, count_node=0.45, count_namechar=0.54, count_pseudo_class_function=0.32, count_rparen=0.32, count_complex_selector=0.49, count_lparen=0.32, count_type_selector=0.40, count_p=0.18, count_flow_item=0.42, count_pseudo_class_selector=0.42, count_phrasing_item=0.40, count_combinator=0.41, count_em=0.40, count_nth_function=0.25, count_pseudo_class_ident=0.38, count_relative_combinator=0.13, count_b=0.37, count_phrasing_content=0.32, count_flow_content=0.37, count_div=0.36, count_phrasing_element=0.34, count_subclass_selectors_in_has=0.13, count_relative_selector_list=0.12, count_class_selector=0.30, count_complex_selector_in_has=0.12, count_more_node=0.24, count_attr_ident=0.23, count_section=0.15, count_wq_name=0.19, count_more_relative_selector=0.16, count_lang_range=0.13, count_an_b_sign=0.12, count_digits=0.09, count_an_a=0.09, count_sign=0.09, count_signed_integer=0.00, count_pseudo_class_selector_in_has=0.00, count_pseudo_class_function_in_has=0.00, count_complex_selector_list_in_has=0.00, count_more_complex_selector_in_has=0.00
[select] comparative relevance (max |rho| vs a between-system ratio): count_a=0.23, count_complex_selector_list=0.36, count_text_run=0.22, count_more_complex_selector=0.35, count_tchar=0.27, count_comma=0.35, count_attrs=0.21, count_attr_modifier=0.33, count_title_attr=0.25, count_attribute_selector=0.32, doc_bytes=0.24, count_id_selector=0.31, count_data_attr=0.26, count_subclass_selectors=0.30, count_class_list=0.18, count_attr_value=0.29, count_input=0.23, count_attr_matcher_ws=0.29, count_name=0.23, count_lang_tag=0.28, count_href_attr=0.25, count_lang_attr=0.27, count_class_attr=0.20, count_more_value_word=0.27, count_type_attr=0.22, count_id_attr=0.18, selector_len=0.27, count_span=0.27, doc_depth=0.19, count_attr_value_words=0.26, selector_nesting=0.26, count_node=0.25, count_namechar=0.21, count_pseudo_class_function=0.25, count_rparen=0.25, count_complex_selector=0.23, count_lparen=0.25, count_type_selector=0.25, count_p=0.25, count_flow_item=0.25, count_pseudo_class_selector=0.22, count_phrasing_item=0.24, count_combinator=0.20, count_em=0.19, count_nth_function=0.23, count_pseudo_class_ident=0.21, count_relative_combinator=0.23, count_b=0.18, count_phrasing_content=0.22, count_flow_content=0.20, count_div=0.20, count_phrasing_element=0.19, count_subclass_selectors_in_has=0.20, count_relative_selector_list=0.20, count_class_selector=0.17, count_complex_selector_in_has=0.20, count_more_node=0.18, count_attr_ident=0.19, count_section=0.19, count_wq_name=0.16, count_more_relative_selector=0.00, count_lang_range=0.17, count_an_b_sign=0.16, count_digits=0.15, count_an_a=0.15, count_sign=0.15, count_signed_integer=0.00, count_pseudo_class_selector_in_has=0.00, count_pseudo_class_function_in_has=0.00, count_complex_selector_list_in_has=0.00, count_more_complex_selector_in_has=0.00
[select] scored on the comparison rather than on the metric: count_attr_modifier (0.24 -> 0.33), count_p (0.18 -> 0.25), count_relative_combinator (0.13 -> 0.23), count_subclass_selectors_in_has (0.13 -> 0.20), count_relative_selector_list (0.12 -> 0.20), count_complex_selector_in_has (0.12 -> 0.20), count_digits (0.09 -> 0.15), count_an_a (0.09 -> 0.15), count_sign (0.09 -> 0.15)
[select] kept count_signed_integer despite |rho|=0.00: its axis is not explored yet, so a low score there is absence of data rather than absence of effect
[select] kept count_pseudo_class_selector_in_has despite |rho|=0.00: its axis is not explored yet, so a low score there is absence of data rather than absence of effect
[select] kept count_pseudo_class_function_in_has despite |rho|=0.00: its axis is not explored yet, so a low score there is absence of data rather than absence of effect
[select] kept count_complex_selector_list_in_has despite |rho|=0.00: its axis is not explored yet, so a low score there is absence of data rather than absence of effect
[select] kept count_more_complex_selector_in_has despite |rho|=0.00: its axis is not explored yet, so a low score there is absence of data rather than absence of effect
[select] dropped count_text_run: |rho|=0.97 with count_a, which is already kept
[select] dropped count_more_complex_selector: |rho|=0.99 with count_complex_selector_list, which is already kept
[select] dropped count_tchar: |rho|=0.88 with count_a, which is already kept
[select] dropped count_comma: |rho|=0.98 with count_complex_selector_list, which is already kept
[select] dropped count_attrs: |rho|=0.97 with count_a, which is already kept
[select] dropped count_title_attr: |rho|=0.95 with count_a, which is already kept
[select] dropped count_attribute_selector: |rho|=0.82 with count_complex_selector_list, which is already kept
[select] dropped doc_bytes: |rho|=0.93 with count_a, which is already kept
[select] dropped count_id_selector: |rho|=0.81 with count_complex_selector_list, which is already kept
[select] dropped count_data_attr: |rho|=0.90 with count_a, which is already kept
[select] dropped count_subclass_selectors: |rho|=0.87 with count_complex_selector_list, which is already kept
[select] dropped count_class_list: |rho|=0.85 with count_a, which is already kept
[select] dropped count_attr_value: |rho|=0.81 with count_complex_selector_list, which is already kept
[select] dropped count_input: |rho|=0.93 with count_a, which is already kept
[select] dropped count_attr_matcher_ws: |rho|=0.81 with count_complex_selector_list, which is already kept
[select] dropped count_name: |rho|=0.85 with count_a, which is already kept
[select] dropped count_lang_tag: |rho|=0.84 with count_a, which is already kept
[select] dropped count_href_attr: |rho|=0.93 with count_a, which is already kept
[select] dropped count_lang_attr: |rho|=0.87 with count_a, which is already kept
[select] dropped count_class_attr: |rho|=0.88 with count_a, which is already kept
[select] dropped count_more_value_word: |rho|=0.80 with count_a, which is already kept
[select] dropped count_type_attr: |rho|=0.81 with count_a, which is already kept
[select] dropped count_id_attr: |rho|=0.85 with count_a, which is already kept
[select] dropped selector_len: |rho|=0.84 with count_complex_selector_list, which is already kept
[select] dropped doc_depth: over the 4-property cap
[select] dropped count_attr_value_words: over the 4-property cap
[select] dropped selector_nesting: over the 4-property cap
[select] dropped count_node: over the 4-property cap
[select] dropped count_namechar: over the 4-property cap
[select] dropped count_pseudo_class_function: over the 4-property cap
[select] dropped count_rparen: over the 4-property cap
[select] dropped count_complex_selector: over the 4-property cap
[select] dropped count_lparen: over the 4-property cap
[select] dropped count_type_selector: over the 4-property cap
[select] dropped count_p: over the 4-property cap
[select] dropped count_flow_item: over the 4-property cap
[select] dropped count_pseudo_class_selector: over the 4-property cap
[select] dropped count_phrasing_item: over the 4-property cap
[select] dropped count_combinator: over the 4-property cap
[select] dropped count_em: over the 4-property cap
[select] dropped count_nth_function: over the 4-property cap
[select] dropped count_pseudo_class_ident: over the 4-property cap
[select] dropped count_relative_combinator: over the 4-property cap
[select] dropped count_b: over the 4-property cap
[select] dropped count_phrasing_content: over the 4-property cap
[select] dropped count_flow_content: over the 4-property cap
[select] dropped count_div: over the 4-property cap
[select] dropped count_phrasing_element: over the 4-property cap
[select] dropped count_subclass_selectors_in_has: over the 4-property cap
[select] dropped count_relative_selector_list: over the 4-property cap
[select] dropped count_class_selector: over the 4-property cap
[select] dropped count_complex_selector_in_has: over the 4-property cap
[select] dropped count_more_node: over the 4-property cap
[select] dropped count_attr_ident: over the 4-property cap
[select] dropped count_section: over the 4-property cap
[select] dropped count_wq_name: over the 4-property cap
[select] dropped count_more_relative_selector: over the 4-property cap
[select] dropped count_lang_range: over the 4-property cap
[select] dropped count_an_b_sign: over the 4-property cap
[select] dropped count_digits: over the 4-property cap
[select] dropped count_an_a: over the 4-property cap
[select] dropped count_sign: over the 4-property cap
[select] dropped count_signed_integer: over the 4-property cap
[select] dropped count_pseudo_class_selector_in_has: over the 4-property cap
[select] dropped count_pseudo_class_function_in_has: over the 4-property cap
[select] dropped count_complex_selector_list_in_has: over the 4-property cap
[select] dropped count_more_complex_selector_in_has: over the 4-property cap
[select] count_complex_selector_list stands for count_more_complex_selector, count_comma, count_attribute_selector, count_id_selector, count_subclass_selectors, count_attr_value, count_attr_matcher_ws, selector_len (indistinguishable here)
[select] count_a stands for count_text_run, count_tchar, count_attrs, count_title_attr, doc_bytes, count_data_attr, count_class_list, count_input, count_name, count_lang_tag, count_href_attr, count_lang_attr, count_class_attr, count_more_value_word, count_type_attr, count_id_attr (indistinguishable here)
[select] joint fit uses 4 of 71 properties: count_complex_selector_list, count_attr_modifier, count_a, count_span (1,296 model fits)
[nwsapi_known] loop targets 4 of 71 properties: count_complex_selector_list, count_attr_modifier, count_a, count_span
[nwsapi_known] targeting 8 regions: runtime_ns_divergence, count_a_dominance0, count_a_undecided0, count_span_x_count_complex_selector_list_joint, count_attr_modifier_beyond, runtime_ns_high, count_a_edge0, runtime_ns_sparse0
  [runtime_ns_divergence] 21s: no new inputs
  [count_a_dominance0] settling count_a =0 would decide 11 dominance verdict(s): nwsapi_2_2_21 vs nwsapi_2_2_25 (runtime_ns undecided) and 10 more -> <more_node>{0,0}
fandango:WARNING: Symbol <more_node> defined, but not used
[metrics] nwsapi_2_2_21: no measurement after 3 failed attempts; leaving this input unmeasured
[metrics] nwsapi_2_2_22: no measurement after 3 failed attempts; leaving this input unmeasured
[metrics] nwsapi_2_2_23: no measurement after 3 failed attempts; leaving this input unmeasured
[metrics] nwsapi_2_2_24: no measurement after 3 failed attempts; leaving this input unmeasured
[metrics] nwsapi_2_2_25: no measurement after 3 failed attempts; leaving this input unmeasured
[metrics] nwsapi_2_2_26: no measurement after 3 failed attempts; leaving this input unmeasured
[metrics] nwsapi_2_2_27: no measurement after 3 failed attempts; leaving this input unmeasured
  [count_a_dominance0] 176s: +10 new input(s), 7 distinct shape(s), 9 measured
  [count_a_undecided0] 42 comparison(s) undecided in count_a [45.25,97): nwsapi_2_2_21 vs nwsapi_2_2_22 on runtime_ns and 41 more -> <more_node>{24,26}
[metrics] nwsapi_2_2_21: no measurement after 3 failed attempts; leaving this input unmeasured
[metrics] nwsapi_2_2_22: no measurement after 3 failed attempts; leaving this input unmeasured
[metrics] nwsapi_2_2_23: no measurement after 3 failed attempts; leaving this input unmeasured
[metrics] nwsapi_2_2_24: no measurement after 3 failed attempts; leaving this input unmeasured
[metrics] nwsapi_2_2_25: no measurement after 3 failed attempts; leaving this input unmeasured
[metrics] nwsapi_2_2_26: no measurement after 3 failed attempts; leaving this input unmeasured
[metrics] nwsapi_2_2_27: no measurement after 3 failed attempts; leaving this input unmeasured
[metrics] nwsapi_2_2_21: no measurement after 3 failed attempts; leaving this input unmeasured
[metrics] nwsapi_2_2_22: no measurement after 3 failed attempts; leaving this input unmeasured
[metrics] nwsapi_2_2_23: no measurement after 3 failed attempts; leaving this input unmeasured
[metrics] nwsapi_2_2_24: no measurement after 3 failed attempts; leaving this input unmeasured
[metrics] nwsapi_2_2_25: no measurement after 3 failed attempts; leaving this input unmeasured
[metrics] nwsapi_2_2_26: no measurement after 3 failed attempts; leaving this input unmeasured
[metrics] nwsapi_2_2_27: no measurement after 3 failed attempts; leaving this input unmeasured
[metrics] nwsapi_2_2_21: no measurement after 3 failed attempts; leaving this input unmeasured
[metrics] nwsapi_2_2_22: no measurement after 3 failed attempts; leaving this input unmeasured
[metrics] nwsapi_2_2_23: no measurement after 3 failed attempts; leaving this input unmeasured
[metrics] nwsapi_2_2_24: no measurement after 3 failed attempts; leaving this input unmeasured
[metrics] nwsapi_2_2_25: no measurement after 3 failed attempts; leaving this input unmeasured
[metrics] nwsapi_2_2_26: no measurement after 3 failed attempts; leaving this input unmeasured
[metrics] nwsapi_2_2_27: no measurement after 3 failed attempts; leaving this input unmeasured
[WARNING] wall-clock budget reached after 7 of 10 inputs; keeping what is measured.
  [count_a_undecided0] 98s: +7 new input(s), 7 distinct shape(s), 4 measured
  [budget] wall-clock reached; skipping the remaining 5 request(s) this iteration.
[nwsapi_known] iter 3: corpus=1127 (+119 new)
[nwsapi_known] wall-clock budget (3420s) reached before iteration 4; stopping with the corpus intact.
[nwsapi_known] grammar frontier (targeting stopped asking here):
  count_a: pinned at 97 by the SEARCH; 1 escalating request(s) returned nothing further.
[compare] runtime_ns: 115 inputs, 7 systems (paired; ratios, 1.10x equivalence band)
[compare] overall verdicts are weighted by what the corpus contains, which the loop itself shapes; the per-region lines are the portable claim.
[compare] count_more_complex_selector bins move with count_attribute_selector (1..3 across bins) -- those regions are joint, not count_more_complex_selector findings
[compare] count_attribute_selector bins move with count_a (4..14 across bins) -- those regions are joint, not count_attribute_selector findings
[compare] count_a bins move with count_more_complex_selector (0.5..4 across bins); count_attribute_selector (1..15 across bins) -- those regions are joint, not count_a findings
  nwsapi_2_2_21 and nwsapi_2_2_22 equivalent: ratio 0.99x within the equivalence band (95% CI 0.98-1.01, n=113)
  nwsapi_2_2_21 and nwsapi_2_2_23 equivalent: ratio 0.99x within the equivalence band (95% CI 0.98-1.01, n=113)
  nwsapi_2_2_21 and nwsapi_2_2_24 equivalent: ratio 0.99x within the equivalence band (95% CI 0.98-1.01, n=110)
      undecided on count_a (confounded) in [4.595,9.849) -- needs more inputs
  nwsapi_2_2_21 and nwsapi_2_2_25 equivalent: ratio 1.02x within the equivalence band (95% CI 1.00-1.03, n=113)
      undecided on count_a (confounded) in =0, [1,2.144), [4.595,9.849) -- needs more inputs
  nwsapi_2_2_21 and nwsapi_2_2_26 equivalent: ratio 1.04x within the equivalence band (95% CI 1.02-1.06, n=113)
      undecided on count_more_complex_selector (confounded) in =0 -- needs more inputs
      undecided on count_attribute_selector (confounded) in =0 -- needs more inputs
      undecided on count_a (confounded) in =0, [1,2.144), [2.144,4.595), [4.595,9.849) -- needs more inputs
  nwsapi_2_2_21 and nwsapi_2_2_27 equivalent: ratio 1.05x within the equivalence band (95% CI 1.03-1.08, n=113)
      undecided on count_more_complex_selector (confounded) in =0 -- needs more inputs
      undecided on count_attribute_selector (confounded) in [1,1.753) -- needs more inputs
      undecided on count_a (confounded) in =0, [1,2.144), [2.144,4.595), [4.595,9.849) -- needs more inputs
  nwsapi_2_2_22 and nwsapi_2_2_23 equivalent: ratio 0.99x within the equivalence band (95% CI 0.99-1.00, n=113)
  nwsapi_2_2_22 and nwsapi_2_2_24 equivalent: ratio 1.00x within the equivalence band (95% CI 0.99-1.01, n=110)
  nwsapi_2_2_22 and nwsapi_2_2_25 equivalent: ratio 1.02x within the equivalence band (95% CI 1.01-1.04, n=113)
      undecided on count_a (confounded) in =0, [1,2.144) -- needs more inputs
  nwsapi_2_2_22 and nwsapi_2_2_26 equivalent: ratio 1.04x within the equivalence band (95% CI 1.03-1.06, n=113)
      undecided on count_a (confounded) in =0, [1,2.144), [21.11,45.25) -- needs more inputs
  nwsapi_2_2_22 and nwsapi_2_2_27 equivalent: ratio 1.06x within the equivalence band (95% CI 1.04-1.08, n=113)
      undecided on count_more_complex_selector (confounded) in =0 -- needs more inputs
      undecided on count_attribute_selector (confounded) in =0 -- needs more inputs
      undecided on count_attr_modifier in =0 -- needs more inputs
      undecided on count_a (confounded) in =0, [1,2.144), [2.144,4.595), [4.595,9.849), [21.11,45.25) -- needs more inputs
  nwsapi_2_2_23 and nwsapi_2_2_24 equivalent: ratio 1.01x within the equivalence band (95% CI 0.99-1.02, n=110)
  nwsapi_2_2_23 and nwsapi_2_2_25 equivalent: ratio 1.03x within the equivalence band (95% CI 1.02-1.05, n=113)
  nwsapi_2_2_23 and nwsapi_2_2_26 equivalent: ratio 1.05x within the equivalence band (95% CI 1.03-1.07, n=113)
      undecided on count_more_complex_selector (confounded) in =0 -- needs more inputs
      undecided on count_a (confounded) in =0, [1,2.144), [2.144,4.595), [4.595,9.849), [21.11,45.25) -- needs more inputs
  nwsapi_2_2_23 and nwsapi_2_2_27 equivalent: ratio 1.07x within the equivalence band (95% CI 1.04-1.09, n=113)
      undecided on count_more_complex_selector (confounded) in =0 -- needs more inputs
      undecided on count_attribute_selector (confounded) in =0 -- needs more inputs
      undecided on count_a (confounded) in =0, [1,2.144), [2.144,4.595), [4.595,9.849), [21.11,45.25) -- needs more inputs
  nwsapi_2_2_24 and nwsapi_2_2_25 equivalent: ratio 1.02x within the equivalence band (95% CI 1.01-1.04, n=110)
      undecided on count_a (confounded) in =0 -- needs more inputs
  nwsapi_2_2_24 and nwsapi_2_2_26 equivalent: ratio 1.04x within the equivalence band (95% CI 1.03-1.05, n=110)
      undecided on count_more_complex_selector (confounded) in =0 -- needs more inputs
      undecided on count_attribute_selector (confounded) in =0 -- needs more inputs
      undecided on count_a (confounded) in =0, [1,2.144), [2.144,4.595) -- needs more inputs
  nwsapi_2_2_24 and nwsapi_2_2_27 equivalent: ratio 1.04x within the equivalence band (95% CI 1.04-1.07, n=110)
      undecided on count_more_complex_selector (confounded) in =0 -- needs more inputs
      undecided on count_attribute_selector (confounded) in =0 -- needs more inputs
      undecided on count_a (confounded) in =0, [1,2.144), [4.595,9.849), [21.11,45.25) -- needs more inputs
  nwsapi_2_2_25 and nwsapi_2_2_26 equivalent: ratio 1.02x within the equivalence band (95% CI 1.01-1.04, n=113)
  nwsapi_2_2_25 and nwsapi_2_2_27 equivalent: ratio 1.03x within the equivalence band (95% CI 1.02-1.04, n=113)
      undecided on count_a (confounded) in [4.595,9.849) -- needs more inputs
  nwsapi_2_2_26 and nwsapi_2_2_27 equivalent: ratio 1.01x within the equivalence band (95% CI 0.99-1.02, n=113)
[compare] rss: 115 inputs, 7 systems (paired; ratios, 1.10x equivalence band)
[compare] overall verdicts are weighted by what the corpus contains, which the loop itself shapes; the per-region lines are the portable claim.
[compare] count_more_complex_selector bins move with count_attribute_selector (1..3 across bins) -- those regions are joint, not count_more_complex_selector findings
[compare] count_attribute_selector bins move with count_a (4..14 across bins) -- those regions are joint, not count_attribute_selector findings
[compare] count_a bins move with count_more_complex_selector (0.5..4 across bins); count_attribute_selector (1..15 across bins) -- those regions are joint, not count_a findings
  nwsapi_2_2_21 and nwsapi_2_2_22 equivalent: ratio 1.00x within the equivalence band (95% CI 1.00-1.00, n=113)
  nwsapi_2_2_21 and nwsapi_2_2_23 equivalent: ratio 1.00x within the equivalence band (95% CI 1.00-1.00, n=113)
  nwsapi_2_2_21 and nwsapi_2_2_24 equivalent: ratio 1.00x within the equivalence band (95% CI 1.00-1.00, n=110)
  nwsapi_2_2_21 and nwsapi_2_2_25 equivalent: ratio 1.00x within the equivalence band (95% CI 1.00-1.00, n=113)
  nwsapi_2_2_21 and nwsapi_2_2_26 equivalent: ratio 1.00x within the equivalence band (95% CI 1.00-1.00, n=113)
  nwsapi_2_2_21 and nwsapi_2_2_27 equivalent: ratio 1.00x within the equivalence band (95% CI 1.00-1.00, n=113)
  nwsapi_2_2_22 and nwsapi_2_2_23 equivalent: ratio 1.00x within the equivalence band (95% CI 1.00-1.00, n=113)
  nwsapi_2_2_22 and nwsapi_2_2_24 equivalent: ratio 1.00x within the equivalence band (95% CI 1.00-1.00, n=110)
  nwsapi_2_2_22 and nwsapi_2_2_25 equivalent: ratio 1.00x within the equivalence band (95% CI 1.00-1.00, n=113)
  nwsapi_2_2_22 and nwsapi_2_2_26 equivalent: ratio 1.00x within the equivalence band (95% CI 1.00-1.00, n=113)
  nwsapi_2_2_22 and nwsapi_2_2_27 equivalent: ratio 1.00x within the equivalence band (95% CI 1.00-1.00, n=113)
  nwsapi_2_2_23 and nwsapi_2_2_24 equivalent: ratio 1.00x within the equivalence band (95% CI 1.00-1.00, n=110)
  nwsapi_2_2_23 and nwsapi_2_2_25 equivalent: ratio 1.00x within the equivalence band (95% CI 1.00-1.00, n=113)
  nwsapi_2_2_23 and nwsapi_2_2_26 equivalent: ratio 1.00x within the equivalence band (95% CI 1.00-1.00, n=113)
  nwsapi_2_2_23 and nwsapi_2_2_27 equivalent: ratio 1.00x within the equivalence band (95% CI 1.00-1.00, n=113)
  nwsapi_2_2_24 and nwsapi_2_2_25 equivalent: ratio 1.00x within the equivalence band (95% CI 1.00-1.00, n=110)
  nwsapi_2_2_24 and nwsapi_2_2_26 equivalent: ratio 1.00x within the equivalence band (95% CI 1.00-1.00, n=110)
  nwsapi_2_2_24 and nwsapi_2_2_27 equivalent: ratio 1.00x within the equivalence band (95% CI 1.00-1.00, n=110)
  nwsapi_2_2_25 and nwsapi_2_2_26 equivalent: ratio 1.00x within the equivalence band (95% CI 1.00-1.00, n=113)
  nwsapi_2_2_25 and nwsapi_2_2_27 equivalent: ratio 1.00x within the equivalence band (95% CI 1.00-1.00, n=113)
  nwsapi_2_2_26 and nwsapi_2_2_27 equivalent: ratio 1.00x within the equivalence band (95% CI 1.00-1.00, n=113)
[compare] dominance across runtime_ns, rss:
  nwsapi_2_2_21 and nwsapi_2_2_22 EQUIVALENT on every metric
  nwsapi_2_2_21 and nwsapi_2_2_23 EQUIVALENT on every metric
  nwsapi_2_2_21 and nwsapi_2_2_24 EQUIVALENT on every metric
  nwsapi_2_2_21 and nwsapi_2_2_25 EQUIVALENT on every metric
  nwsapi_2_2_21 and nwsapi_2_2_26 EQUIVALENT on every metric
  nwsapi_2_2_21 and nwsapi_2_2_27 EQUIVALENT on every metric
  nwsapi_2_2_22 and nwsapi_2_2_23 EQUIVALENT on every metric
  nwsapi_2_2_22 and nwsapi_2_2_24 EQUIVALENT on every metric
  nwsapi_2_2_22 and nwsapi_2_2_25 EQUIVALENT on every metric
  nwsapi_2_2_22 and nwsapi_2_2_26 EQUIVALENT on every metric
  nwsapi_2_2_22 and nwsapi_2_2_27 EQUIVALENT on every metric
  nwsapi_2_2_23 and nwsapi_2_2_24 EQUIVALENT on every metric
  nwsapi_2_2_23 and nwsapi_2_2_25 EQUIVALENT on every metric
  nwsapi_2_2_23 and nwsapi_2_2_26 EQUIVALENT on every metric
  nwsapi_2_2_23 and nwsapi_2_2_27 EQUIVALENT on every metric
  nwsapi_2_2_24 and nwsapi_2_2_25 EQUIVALENT on every metric
  nwsapi_2_2_24 and nwsapi_2_2_26 EQUIVALENT on every metric
  nwsapi_2_2_24 and nwsapi_2_2_27 EQUIVALENT on every metric
  nwsapi_2_2_25 and nwsapi_2_2_26 EQUIVALENT on every metric
  nwsapi_2_2_25 and nwsapi_2_2_27 EQUIVALENT on every metric
  nwsapi_2_2_26 and nwsapi_2_2_27 EQUIVALENT on every metric
      count_more_complex_selector =0 (n=67): nwsapi_2_2_21, nwsapi_2_2_22, nwsapi_2_2_23, nwsapi_2_2_24, nwsapi_2_2_25, nwsapi_2_2_26, nwsapi_2_2_27 not dominated
      count_more_complex_selector [1,1.763) (n=22): nwsapi_2_2_21, nwsapi_2_2_22, nwsapi_2_2_23, nwsapi_2_2_24, nwsapi_2_2_25, nwsapi_2_2_26, nwsapi_2_2_27 not dominated
      count_more_complex_selector [1.763,3.107) (n=31): nwsapi_2_2_21, nwsapi_2_2_22, nwsapi_2_2_23, nwsapi_2_2_24, nwsapi_2_2_25, nwsapi_2_2_26, nwsapi_2_2_27 not dominated
      count_more_complex_selector [3.107,5.477) (n=10): nwsapi_2_2_21, nwsapi_2_2_22, nwsapi_2_2_23, nwsapi_2_2_24, nwsapi_2_2_25, nwsapi_2_2_26, nwsapi_2_2_27 not dominated
      count_more_complex_selector [5.477,9.655) (n=12): nwsapi_2_2_21, nwsapi_2_2_22, nwsapi_2_2_23, nwsapi_2_2_24, nwsapi_2_2_25, nwsapi_2_2_26, nwsapi_2_2_27 not dominated
      count_more_complex_selector [9.655,17.02) (n=12): nwsapi_2_2_21, nwsapi_2_2_22, nwsapi_2_2_23, nwsapi_2_2_24, nwsapi_2_2_25, nwsapi_2_2_26, nwsapi_2_2_27 not dominated
      count_attribute_selector =0 (n=58): nwsapi_2_2_21, nwsapi_2_2_22, nwsapi_2_2_23, nwsapi_2_2_24, nwsapi_2_2_25, nwsapi_2_2_26, nwsapi_2_2_27 not dominated
      count_attribute_selector [1,1.753) (n=21): nwsapi_2_2_21, nwsapi_2_2_22, nwsapi_2_2_23, nwsapi_2_2_24, nwsapi_2_2_25, nwsapi_2_2_26, nwsapi_2_2_27 not dominated
      count_attribute_selector [1.753,3.072) (n=31): nwsapi_2_2_21, nwsapi_2_2_22, nwsapi_2_2_23, nwsapi_2_2_24, nwsapi_2_2_25, nwsapi_2_2_26, nwsapi_2_2_27 not dominated
      count_attribute_selector [3.072,5.385) (n=15): nwsapi_2_2_21, nwsapi_2_2_22, nwsapi_2_2_23, nwsapi_2_2_24, nwsapi_2_2_25, nwsapi_2_2_26, nwsapi_2_2_27 not dominated
      count_attribute_selector [9.439,16.54) (n=16): nwsapi_2_2_21, nwsapi_2_2_22, nwsapi_2_2_23, nwsapi_2_2_24, nwsapi_2_2_25, nwsapi_2_2_26, nwsapi_2_2_27 not dominated
      count_attribute_selector [16.54,29] (n=13): nwsapi_2_2_21, nwsapi_2_2_22, nwsapi_2_2_23, nwsapi_2_2_24, nwsapi_2_2_25, nwsapi_2_2_26, nwsapi_2_2_27 not dominated
      count_attr_modifier =0 (n=93): nwsapi_2_2_21, nwsapi_2_2_22, nwsapi_2_2_23, nwsapi_2_2_24, nwsapi_2_2_25, nwsapi_2_2_26, nwsapi_2_2_27 not dominated
      count_attr_modifier [1,2.333) (n=50): nwsapi_2_2_21, nwsapi_2_2_22, nwsapi_2_2_23, nwsapi_2_2_24, nwsapi_2_2_25, nwsapi_2_2_26, nwsapi_2_2_27 not dominated
      count_attr_modifier [2.333,3.667) (n=12): nwsapi_2_2_21, nwsapi_2_2_22, nwsapi_2_2_23, nwsapi_2_2_24, nwsapi_2_2_25, nwsapi_2_2_26, nwsapi_2_2_27 not dominated
      count_a =0 (n=32): nwsapi_2_2_21, nwsapi_2_2_22, nwsapi_2_2_23, nwsapi_2_2_24, nwsapi_2_2_25, nwsapi_2_2_26, nwsapi_2_2_27 not dominated
      count_a [1,2.144) (n=21): nwsapi_2_2_21, nwsapi_2_2_22, nwsapi_2_2_23, nwsapi_2_2_24, nwsapi_2_2_25, nwsapi_2_2_26, nwsapi_2_2_27 not dominated
      count_a [2.144,4.595) (n=18): nwsapi_2_2_21, nwsapi_2_2_22, nwsapi_2_2_23, nwsapi_2_2_24, nwsapi_2_2_25, nwsapi_2_2_26, nwsapi_2_2_27 not dominated
      count_a [4.595,9.849) (n=23): nwsapi_2_2_21, nwsapi_2_2_22, nwsapi_2_2_23, nwsapi_2_2_24, nwsapi_2_2_25, nwsapi_2_2_26, nwsapi_2_2_27 not dominated
      count_a [9.849,21.11) (n=50): nwsapi_2_2_21, nwsapi_2_2_22, nwsapi_2_2_23, nwsapi_2_2_24, nwsapi_2_2_25, nwsapi_2_2_26, nwsapi_2_2_27 not dominated
      count_a [21.11,45.25) (n=11): nwsapi_2_2_21, nwsapi_2_2_22, nwsapi_2_2_23, nwsapi_2_2_24, nwsapi_2_2_25, nwsapi_2_2_26, nwsapi_2_2_27 not dominated
[interference] 3 property pair(s) tested over 1127 rows; 1 show a dependence
  count_attr_modifier vs runtime_ns changes with count_a: rho by count_a stratum = [+0.32, +0.24, +0.02, +0.31], spread 0.30, p=0.003
  -> a one-dimensional region on these properties states less than it appears to; they are candidates for a joint request.
[nwsapi_known] past the wall-clock budget; skipping the model fits and plots and writing the report. They are a function of corpus.csv, which is checkpointed, so the next run recomputes them from the same inputs rather than re-measuring.
[nwsapi_known] metric cache: 1127 entries, 7287 SUT executions this run
[nwsapi_known] wall clock: 3443s of 3420s budget
[nwsapi_known] report -> ./results/rq1/20261003-0038-nwsapi_known/run1/nwsapi_known/report.md
[nwsapi_known] done. corpus=1127 rows (161 inputs x 7 systems). Artifacts in ./results/rq1/20261003-0038-nwsapi_known/run1/nwsapi_known
