$ ./.venv/bin/python -u run.py nwsapi_tailored --seed=20260922 --output-dir=./results/rq1/20261002-2243-tailored-nwsapi_tailored/run1/nwsapi_tailored --max-wall-seconds=3420

[props] max_repetition=20 (bounds * and + during generation)
[props]   count_a                            0..inf  governed by <more_node>{19,399} in <doc>
[props]   count_an_a                         0..inf  no governing repetition (recursion or alternative)
[props]   count_an_b_sign                    0..inf  no governing repetition (recursion or alternative)
[props]   count_attr_ident                   0..inf  no governing repetition (recursion or alternative)
[props]   count_attr_matcher_ws              0..inf  no governing repetition (recursion or alternative)
[props]   count_attr_modifier                0..inf  no governing repetition (recursion or alternative)
[props]   count_attr_value                   0..inf  no governing repetition (recursion or alternative)
[props]   count_attr_value_words             0..inf  governed by <more_node>{19,399} in <doc>
[props]   count_attribute_selector           0..inf  no governing repetition (recursion or alternative)
[props]   count_attrs                        0..inf  governed by <more_node>{19,399} in <doc>
[props]   count_b                            0..inf  governed by <more_node>{19,399} in <doc>
[props]   count_class_attr                   0..inf  governed by <more_node>{19,399} in <doc>
[props]   count_class_list                   0..inf  governed by <more_node>{19,399} in <doc>
[props]   count_class_selector               0..inf  no governing repetition (recursion or alternative)
[props]   count_combinator                   0..inf  no governing repetition (recursion or alternative)
[props]   count_comma                        0..inf  no governing repetition (recursion or alternative)
[props]   count_complex_selector             1..inf  no governing repetition (recursion or alternative)
[props]   count_complex_selector_in_has       0..inf  no governing repetition (recursion or alternative)
[props]   count_complex_selector_list        1..inf  no governing repetition (recursion or alternative)
[props]   count_complex_selector_list_in_has       0..inf  no governing repetition (recursion or alternative)
[props]   count_data_attr                    0..inf  governed by <more_node>{19,399} in <doc>
[props]   count_digits                       0..inf  no governing repetition (recursion or alternative)
[props]   count_div                          0..inf  governed by <more_node>{19,399} in <doc>
[props]   count_em                           0..inf  governed by <more_node>{19,399} in <doc>
[props]   count_escape                       0..inf  governed by <sel_namechar>+ in <sel_name>, capped at 20 by max_repetition
[props]   count_flow_content                 0..inf  governed by <more_node>{19,399} in <doc>
[props]   count_flow_item                    0..inf  governed by <more_node>{19,399} in <doc>
[props]   count_hex_pad                      0..inf  governed by <sel_namechar>+ in <sel_name>, capped at 20 by max_repetition
[props]   count_href_attr                    0..inf  governed by <more_node>{19,399} in <doc>
[props]   count_id_attr                      0..inf  governed by <more_node>{19,399} in <doc>
[props]   count_id_selector                  0..inf  no governing repetition (recursion or alternative)
[props]   count_input                        0..inf  governed by <more_node>{19,399} in <doc>
[props]   count_lang_attr                    0..inf  governed by <more_node>{19,399} in <doc>
[props]   count_lang_range                   0..inf  no governing repetition (recursion or alternative)
[props]   count_lang_tag                     0..inf  governed by <more_node>{19,399} in <doc>
[props]   count_lparen                       0..inf  no governing repetition (recursion or alternative)
[props]   count_more_complex_selector        0..inf  no governing repetition (recursion or alternative)
[props]   count_more_complex_selector_in_has       0..inf  no governing repetition (recursion or alternative)
[props]   count_more_node                   19..399  governed by <more_node>{19,399} in <doc>
[props]   count_more_relative_selector       0..inf  no governing repetition (recursion or alternative)
[props]   count_more_sel_value_word          0..inf  no governing repetition (recursion or alternative)
[props]   count_more_value_word              0..inf  governed by <more_node>{19,399} in <doc>
[props]   count_name                         0..inf  governed by <more_node>{19,399} in <doc>
[props]   count_namechar                     0..inf  governed by <more_node>{19,399} in <doc>
[props]   count_node                        20..inf  governed by <more_node>{19,399} in <doc>
[props]   count_nth_function                 0..inf  no governing repetition (recursion or alternative)
[props]   count_p                            0..inf  governed by <more_node>{19,399} in <doc>
[props]   count_phrasing_content             0..inf  governed by <more_node>{19,399} in <doc>
[props]   count_phrasing_element             0..inf  governed by <more_node>{19,399} in <doc>
[props]   count_phrasing_item                0..inf  governed by <more_node>{19,399} in <doc>
[props]   count_pseudo_class_function        0..inf  no governing repetition (recursion or alternative)
[props]   count_pseudo_class_function_in_has       0..inf  no governing repetition (recursion or alternative)
[props]   count_pseudo_class_ident           0..inf  no governing repetition (recursion or alternative)
[props]   count_pseudo_class_selector        0..inf  no governing repetition (recursion or alternative)
[props]   count_pseudo_class_selector_in_has       0..inf  no governing repetition (recursion or alternative)
[props]   count_relative_combinator          0..inf  no governing repetition (recursion or alternative)
[props]   count_relative_selector_list       0..inf  no governing repetition (recursion or alternative)
[props]   count_rparen                       0..inf  no governing repetition (recursion or alternative)
[props]   count_section                      0..inf  governed by <more_node>{19,399} in <doc>
[props]   count_sel_name                     0..inf  no governing repetition (recursion or alternative)
[props]   count_sel_namechar                 0..inf  governed by <sel_namechar>+ in <sel_name>, capped at 20 by max_repetition
[props]   count_sel_value_words              0..inf  no governing repetition (recursion or alternative)
[props]   count_sign                         0..inf  no governing repetition (recursion or alternative)
[props]   count_signed_integer               0..inf  no governing repetition (recursion or alternative)
[props]   count_span                         0..inf  governed by <more_node>{19,399} in <doc>
[props]   count_subclass_selectors           0..inf  no governing repetition (recursion or alternative)
[props]   count_subclass_selectors_in_has       0..inf  no governing repetition (recursion or alternative)
[props]   count_tchar                        0..inf  governed by <more_node>{19,399} in <doc>
[props]   count_text_run                     0..inf  governed by <more_node>{19,399} in <doc>
[props]   count_title_attr                   0..inf  governed by <more_node>{19,399} in <doc>
[props]   count_type_attr                    0..inf  governed by <more_node>{19,399} in <doc>
[props]   count_type_selector                0..inf  no governing repetition (recursion or alternative)
[props]   count_wq_name                      0..inf  no governing repetition (recursion or alternative)
[props] identical to count_attr_matcher_ws, not derived: count_attr_matcher
[props] identical to count_attribute_selector, not derived: count_attr_name, count_lbracket, count_rbracket
[props] identical to count_attrs, not derived: count_attrs_data, count_attrs_id, count_attrs_lang, count_attrs_title
[props] identical to count_complex_selector, not derived: count_compound
[props] identical to count_complex_selector_in_has, not derived: count_compound_in_has
[props] identical to count_digits, not derived: count_digit
[props] identical to count_escape, not derived: count_hex_low
[props] identical to count_flow_item, not derived: count_flow_element
[props] identical to count_input, not derived: count_input_attrs, count_input_checked, count_input_disabled, count_input_readonly, count_input_required
[props] identical to count_lang_tag, not derived: count_lang_subtag
[props] identical to count_nth_function, not derived: count_an_plus_b
[props] identical to count_phrasing_item, not derived: count_phrasing_leaf
[props] identical to count_relative_selector_list, not derived: count_relative_selector
[props] identical to count_subclass_selectors, not derived: count_subclass_selector
[props] identical to count_subclass_selectors_in_has, not derived: count_subclass_selector_in_has
[props] identical to count_wq_name, not derived: count_tag
[props] WARNING <complex_selector> is a separated list written as recursion; write it as `<complex_selector> ::= <compound> <more_compound>*` with `<more_compound> ::= <separator> <compound>` so the length can be banded
[props] WARNING <subclass_selectors> is a list written as recursion; write it as `<subclass_selectors> ::= <subclass_selector>+` so the length can be banded
[props] WARNING <attr_ident> is a separated list written as recursion; write it as `<attr_ident> ::= <sel_name> <more_sel_name>*` with `<more_sel_name> ::= <separator> <sel_name>` so the length can be banded
[props] WARNING <complex_selector_in_has> is a separated list written as recursion; write it as `<complex_selector_in_has> ::= <compound_in_has> <more_compound_in_has>*` with `<more_compound_in_has> ::= <separator> <compound_in_has>` so the length can be banded
[props] WARNING <subclass_selectors_in_has> is a list written as recursion; write it as `<subclass_selectors_in_has> ::= <subclass_selector_in_has>+` so the length can be banded
[props] WARNING <digits> is a list written as recursion; write it as `<digits> ::= <digit>+` so the length can be banded
[props] WARNING <class_list> is a separated list written as recursion; write it as `<class_list> ::= <name> <more_name>*` with `<more_name> ::= <separator> <name>` so the length can be banded
[props] WARNING <lang_tag> is a separated list written as recursion; write it as `<lang_tag> ::= <lang_subtag> <more_lang_subtag>*` with `<more_lang_subtag> ::= <separator> <lang_subtag>` so the length can be banded
[props] fixed count, not derived: <doc>, <selector_list>
[nwsapi_tailored] properties: ['count_complex_selector_list', 'count_complex_selector', 'count_type_selector', 'count_wq_name', 'count_subclass_selectors', 'count_attribute_selector', 'count_pseudo_class_selector', 'count_id_selector', 'count_class_selector', 'count_attr_matcher_ws', 'count_attr_modifier', 'count_attr_value', 'count_pseudo_class_ident', 'count_pseudo_class_function', 'count_sel_name', 'count_name', 'count_sel_value_words', 'count_attr_ident', 'count_nth_function', 'count_more_complex_selector', 'count_rparen', 'count_lparen', 'count_relative_selector_list', 'count_lang_range', 'count_sel_namechar', 'count_namechar', 'count_more_sel_value_word', 'count_combinator', 'count_comma', 'count_more_relative_selector', 'count_lang_tag', 'count_escape', 'count_signed_integer', 'count_an_a', 'count_digits', 'count_an_b_sign', 'count_relative_combinator', 'count_complex_selector_in_has', 'count_hex_pad', 'count_sign', 'count_subclass_selectors_in_has', 'count_pseudo_class_selector_in_has', 'count_pseudo_class_function_in_has', 'count_complex_selector_list_in_has', 'count_more_complex_selector_in_has', 'count_node', 'count_p', 'count_phrasing_content', 'count_phrasing_item', 'count_text_run', 'count_tchar', 'count_input', 'count_type_attr', 'count_attrs', 'count_id_attr', 'count_class_attr', 'count_class_list', 'count_a', 'count_href_attr', 'count_title_attr', 'count_attr_value_words', 'count_more_value_word', 'count_data_attr', 'count_lang_attr', 'count_phrasing_element', 'count_b', 'count_em', 'count_span', 'count_div', 'count_flow_content', 'count_flow_item', 'count_section', 'count_more_node', 'doc_depth', 'doc_bytes', 'selector_len', 'selector_nesting']
[nwsapi_tailored] range-stratified exploration: <more_node> bands=[(19, 49), (49, 99), (99, 199), (199, 399)]
  [explore] band more_node19-49: 20 inputs (max_nodes=8000)
  [explore] band more_node49-99: 20 inputs (max_nodes=8000)
  [explore] band more_node99-199: 20 inputs (max_nodes=8000)
  [explore] band more_node199-399: 20 inputs (max_nodes=8000)
[metrics] nwsapi_2_2_21: no measurement after 3 failed attempts; leaving this input unmeasured
[metrics] nwsapi_2_2_22: no measurement after 3 failed attempts; leaving this input unmeasured
[metrics] nwsapi_2_2_23: no measurement after 3 failed attempts; leaving this input unmeasured
[metrics] nwsapi_2_2_24: no measurement after 3 failed attempts; leaving this input unmeasured
[metrics] nwsapi_2_2_25: no measurement after 3 failed attempts; leaving this input unmeasured
[metrics] nwsapi_2_2_26: no measurement after 3 failed attempts; leaving this input unmeasured
[metrics] nwsapi_2_2_27: no measurement after 3 failed attempts; leaving this input unmeasured
[metrics] nwsapi_2_2_21: no measurement after 3 failed attempts; leaving this input unmeasured
[metrics] nwsapi_2_2_22: no measurement after 3 failed attempts; leaving this input unmeasured
[metrics] nwsapi_2_2_23: no measurement after 3 failed attempts; leaving this input unmeasured
[metrics] nwsapi_2_2_24: no measurement after 3 failed attempts; leaving this input unmeasured
[metrics] nwsapi_2_2_25: no measurement after 3 failed attempts; leaving this input unmeasured
[metrics] nwsapi_2_2_26: no measurement after 3 failed attempts; leaving this input unmeasured
[metrics] nwsapi_2_2_27: no measurement after 3 failed attempts; leaving this input unmeasured
[metrics] nwsapi_2_2_21: no measurement after 3 failed attempts; leaving this input unmeasured
[metrics] nwsapi_2_2_22: no measurement after 3 failed attempts; leaving this input unmeasured
[metrics] nwsapi_2_2_23: no measurement after 3 failed attempts; leaving this input unmeasured
[metrics] nwsapi_2_2_24: no measurement after 3 failed attempts; leaving this input unmeasured
[metrics] nwsapi_2_2_25: no measurement after 3 failed attempts; leaving this input unmeasured
[metrics] nwsapi_2_2_26: no measurement after 3 failed attempts; leaving this input unmeasured
[metrics] nwsapi_2_2_27: no measurement after 3 failed attempts; leaving this input unmeasured
[metrics] nwsapi_2_2_21: no measurement after 3 failed attempts; leaving this input unmeasured
[metrics] nwsapi_2_2_22: no measurement after 3 failed attempts; leaving this input unmeasured
[metrics] nwsapi_2_2_23: no measurement after 3 failed attempts; leaving this input unmeasured
[metrics] nwsapi_2_2_24: no measurement after 3 failed attempts; leaving this input unmeasured
[metrics] nwsapi_2_2_25: no measurement after 3 failed attempts; leaving this input unmeasured
[metrics] nwsapi_2_2_26: no measurement after 3 failed attempts; leaving this input unmeasured
[metrics] nwsapi_2_2_27: no measurement after 3 failed attempts; leaving this input unmeasured
[metrics] nwsapi_2_2_21: no measurement after 3 failed attempts; leaving this input unmeasured
[metrics] nwsapi_2_2_22: no measurement after 3 failed attempts; leaving this input unmeasured
[metrics] nwsapi_2_2_23: no measurement after 3 failed attempts; leaving this input unmeasured
[metrics] nwsapi_2_2_24: no measurement after 3 failed attempts; leaving this input unmeasured
[metrics] nwsapi_2_2_25: no measurement after 3 failed attempts; leaving this input unmeasured
[metrics] nwsapi_2_2_26: no measurement after 3 failed attempts; leaving this input unmeasured
[metrics] nwsapi_2_2_27: no measurement after 3 failed attempts; leaving this input unmeasured
[metrics] nwsapi_2_2_21: no measurement after 3 failed attempts; leaving this input unmeasured
[metrics] nwsapi_2_2_22: no measurement after 3 failed attempts; leaving this input unmeasured
[metrics] nwsapi_2_2_23: no measurement after 3 failed attempts; leaving this input unmeasured
[metrics] nwsapi_2_2_24: no measurement after 3 failed attempts; leaving this input unmeasured
[metrics] nwsapi_2_2_25: no measurement after 3 failed attempts; leaving this input unmeasured
[metrics] nwsapi_2_2_26: no measurement after 3 failed attempts; leaving this input unmeasured
[metrics] nwsapi_2_2_27: no measurement after 3 failed attempts; leaving this input unmeasured
[metrics] nwsapi_2_2_21: no measurement after 3 failed attempts; leaving this input unmeasured
[metrics] nwsapi_2_2_22: no measurement after 3 failed attempts; leaving this input unmeasured
[metrics] nwsapi_2_2_23: no measurement after 3 failed attempts; leaving this input unmeasured
[metrics] nwsapi_2_2_24: no measurement after 3 failed attempts; leaving this input unmeasured
[metrics] nwsapi_2_2_25: no measurement after 3 failed attempts; leaving this input unmeasured
[metrics] nwsapi_2_2_26: no measurement after 3 failed attempts; leaving this input unmeasured
[metrics] nwsapi_2_2_27: no measurement after 3 failed attempts; leaving this input unmeasured
[metrics] nwsapi_2_2_21: no measurement after 3 failed attempts; leaving this input unmeasured
[metrics] nwsapi_2_2_22: no measurement after 3 failed attempts; leaving this input unmeasured
[metrics] nwsapi_2_2_23: no measurement after 3 failed attempts; leaving this input unmeasured
[metrics] nwsapi_2_2_24: no measurement after 3 failed attempts; leaving this input unmeasured
[metrics] nwsapi_2_2_25: no measurement after 3 failed attempts; leaving this input unmeasured
[metrics] nwsapi_2_2_26: no measurement after 3 failed attempts; leaving this input unmeasured
[metrics] nwsapi_2_2_27: no measurement after 3 failed attempts; leaving this input unmeasured
[metrics] nwsapi_2_2_21: no measurement after 3 failed attempts; leaving this input unmeasured
[metrics] nwsapi_2_2_22: no measurement after 3 failed attempts; leaving this input unmeasured
[metrics] nwsapi_2_2_23: no measurement after 3 failed attempts; leaving this input unmeasured
[metrics] nwsapi_2_2_24: no measurement after 3 failed attempts; leaving this input unmeasured
[metrics] nwsapi_2_2_25: no measurement after 3 failed attempts; leaving this input unmeasured
[metrics] nwsapi_2_2_26: no measurement after 3 failed attempts; leaving this input unmeasured
[metrics] nwsapi_2_2_27: no measurement after 3 failed attempts; leaving this input unmeasured
[metrics] nwsapi_2_2_21: no measurement after 3 failed attempts; leaving this input unmeasured
[metrics] nwsapi_2_2_22: no measurement after 3 failed attempts; leaving this input unmeasured
[metrics] nwsapi_2_2_23: no measurement after 3 failed attempts; leaving this input unmeasured
[metrics] nwsapi_2_2_24: no measurement after 3 failed attempts; leaving this input unmeasured
[metrics] nwsapi_2_2_25: no measurement after 3 failed attempts; leaving this input unmeasured
[metrics] nwsapi_2_2_26: no measurement after 3 failed attempts; leaving this input unmeasured
[metrics] nwsapi_2_2_27: no measurement after 3 failed attempts; leaving this input unmeasured
[metrics] nwsapi_2_2_21: no measurement after 3 failed attempts; leaving this input unmeasured
[metrics] nwsapi_2_2_22: no measurement after 3 failed attempts; leaving this input unmeasured
[metrics] nwsapi_2_2_23: no measurement after 3 failed attempts; leaving this input unmeasured
[metrics] nwsapi_2_2_24: no measurement after 3 failed attempts; leaving this input unmeasured
[metrics] nwsapi_2_2_25: no measurement after 3 failed attempts; leaving this input unmeasured
[metrics] nwsapi_2_2_26: no measurement after 3 failed attempts; leaving this input unmeasured
[metrics] nwsapi_2_2_27: no measurement after 3 failed attempts; leaving this input unmeasured
[metrics] nwsapi_2_2_21: no measurement after 3 failed attempts; leaving this input unmeasured
[metrics] nwsapi_2_2_22: no measurement after 3 failed attempts; leaving this input unmeasured
[metrics] nwsapi_2_2_23: no measurement after 3 failed attempts; leaving this input unmeasured
[metrics] nwsapi_2_2_24: no measurement after 3 failed attempts; leaving this input unmeasured
[metrics] nwsapi_2_2_25: no measurement after 3 failed attempts; leaving this input unmeasured
[metrics] nwsapi_2_2_26: no measurement after 3 failed attempts; leaving this input unmeasured
[metrics] nwsapi_2_2_27: no measurement after 3 failed attempts; leaving this input unmeasured
[metrics] nwsapi_2_2_21: no measurement after 3 failed attempts; leaving this input unmeasured
[metrics] nwsapi_2_2_22: no measurement after 3 failed attempts; leaving this input unmeasured
[metrics] nwsapi_2_2_23: no measurement after 3 failed attempts; leaving this input unmeasured
[metrics] nwsapi_2_2_24: no measurement after 3 failed attempts; leaving this input unmeasured
[metrics] nwsapi_2_2_25: no measurement after 3 failed attempts; leaving this input unmeasured
[metrics] nwsapi_2_2_26: no measurement after 3 failed attempts; leaving this input unmeasured
[metrics] nwsapi_2_2_27: no measurement after 3 failed attempts; leaving this input unmeasured
[metrics] nwsapi_2_2_21: no measurement after 3 failed attempts; leaving this input unmeasured
[metrics] nwsapi_2_2_22: no measurement after 3 failed attempts; leaving this input unmeasured
[metrics] nwsapi_2_2_23: no measurement after 3 failed attempts; leaving this input unmeasured
[metrics] nwsapi_2_2_24: no measurement after 3 failed attempts; leaving this input unmeasured
[metrics] nwsapi_2_2_25: no measurement after 3 failed attempts; leaving this input unmeasured
[metrics] nwsapi_2_2_26: no measurement after 3 failed attempts; leaving this input unmeasured
[metrics] nwsapi_2_2_27: no measurement after 3 failed attempts; leaving this input unmeasured
[metrics] nwsapi_2_2_21: no measurement after 3 failed attempts; leaving this input unmeasured
[metrics] nwsapi_2_2_22: no measurement after 3 failed attempts; leaving this input unmeasured
[metrics] nwsapi_2_2_23: no measurement after 3 failed attempts; leaving this input unmeasured
[metrics] nwsapi_2_2_24: no measurement after 3 failed attempts; leaving this input unmeasured
[metrics] nwsapi_2_2_25: no measurement after 3 failed attempts; leaving this input unmeasured
[metrics] nwsapi_2_2_26: no measurement after 3 failed attempts; leaving this input unmeasured
[metrics] nwsapi_2_2_27: no measurement after 3 failed attempts; leaving this input unmeasured
[metrics] nwsapi_2_2_21: no measurement after 3 failed attempts; leaving this input unmeasured
[metrics] nwsapi_2_2_22: no measurement after 3 failed attempts; leaving this input unmeasured
[metrics] nwsapi_2_2_23: no measurement after 3 failed attempts; leaving this input unmeasured
[metrics] nwsapi_2_2_24: no measurement after 3 failed attempts; leaving this input unmeasured
[metrics] nwsapi_2_2_25: no measurement after 3 failed attempts; leaving this input unmeasured
[metrics] nwsapi_2_2_26: no measurement after 3 failed attempts; leaving this input unmeasured
[metrics] nwsapi_2_2_27: no measurement after 3 failed attempts; leaving this input unmeasured
[metrics] nwsapi_2_2_21: no measurement after 3 failed attempts; leaving this input unmeasured
[metrics] nwsapi_2_2_22: no measurement after 3 failed attempts; leaving this input unmeasured
[metrics] nwsapi_2_2_23: no measurement after 3 failed attempts; leaving this input unmeasured
[metrics] nwsapi_2_2_24: no measurement after 3 failed attempts; leaving this input unmeasured
[metrics] nwsapi_2_2_25: no measurement after 3 failed attempts; leaving this input unmeasured
[metrics] nwsapi_2_2_26: no measurement after 3 failed attempts; leaving this input unmeasured
[metrics] nwsapi_2_2_27: no measurement after 3 failed attempts; leaving this input unmeasured
[metrics] nwsapi_2_2_21: no measurement after 3 failed attempts; leaving this input unmeasured
[metrics] nwsapi_2_2_22: no measurement after 3 failed attempts; leaving this input unmeasured
[metrics] nwsapi_2_2_23: no measurement after 3 failed attempts; leaving this input unmeasured
[metrics] nwsapi_2_2_24: no measurement after 3 failed attempts; leaving this input unmeasured
[metrics] nwsapi_2_2_25: no measurement after 3 failed attempts; leaving this input unmeasured
[metrics] nwsapi_2_2_26: no measurement after 3 failed attempts; leaving this input unmeasured
[metrics] nwsapi_2_2_27: no measurement after 3 failed attempts; leaving this input unmeasured
[metrics] nwsapi_2_2_21: no measurement after 3 failed attempts; leaving this input unmeasured
[metrics] nwsapi_2_2_22: no measurement after 3 failed attempts; leaving this input unmeasured
[metrics] nwsapi_2_2_23: no measurement after 3 failed attempts; leaving this input unmeasured
[metrics] nwsapi_2_2_24: no measurement after 3 failed attempts; leaving this input unmeasured
[metrics] nwsapi_2_2_25: no measurement after 3 failed attempts; leaving this input unmeasured
[metrics] nwsapi_2_2_26: no measurement after 3 failed attempts; leaving this input unmeasured
[metrics] nwsapi_2_2_27: no measurement after 3 failed attempts; leaving this input unmeasured
[metrics] nwsapi_2_2_21: no measurement after 3 failed attempts; leaving this input unmeasured
[metrics] nwsapi_2_2_22: no measurement after 3 failed attempts; leaving this input unmeasured
[metrics] nwsapi_2_2_23: no measurement after 3 failed attempts; leaving this input unmeasured
[metrics] nwsapi_2_2_24: no measurement after 3 failed attempts; leaving this input unmeasured
[metrics] nwsapi_2_2_25: no measurement after 3 failed attempts; leaving this input unmeasured
[metrics] nwsapi_2_2_26: no measurement after 3 failed attempts; leaving this input unmeasured
[metrics] nwsapi_2_2_27: no measurement after 3 failed attempts; leaving this input unmeasured
[metrics] nwsapi_2_2_21: no measurement after 3 failed attempts; leaving this input unmeasured
[metrics] nwsapi_2_2_22: no measurement after 3 failed attempts; leaving this input unmeasured
[metrics] nwsapi_2_2_23: no measurement after 3 failed attempts; leaving this input unmeasured
[metrics] nwsapi_2_2_24: no measurement after 3 failed attempts; leaving this input unmeasured
[metrics] nwsapi_2_2_25: no measurement after 3 failed attempts; leaving this input unmeasured
[metrics] nwsapi_2_2_26: no measurement after 3 failed attempts; leaving this input unmeasured
[metrics] nwsapi_2_2_27: no measurement after 3 failed attempts; leaving this input unmeasured
[metrics] nwsapi_2_2_21: no measurement after 3 failed attempts; leaving this input unmeasured
[metrics] nwsapi_2_2_22: no measurement after 3 failed attempts; leaving this input unmeasured
[metrics] nwsapi_2_2_23: no measurement after 3 failed attempts; leaving this input unmeasured
[metrics] nwsapi_2_2_24: no measurement after 3 failed attempts; leaving this input unmeasured
[metrics] nwsapi_2_2_25: no measurement after 3 failed attempts; leaving this input unmeasured
[metrics] nwsapi_2_2_26: no measurement after 3 failed attempts; leaving this input unmeasured
[metrics] nwsapi_2_2_27: no measurement after 3 failed attempts; leaving this input unmeasured
[metrics] nwsapi_2_2_21: no measurement after 3 failed attempts; leaving this input unmeasured
[metrics] nwsapi_2_2_22: no measurement after 3 failed attempts; leaving this input unmeasured
[metrics] nwsapi_2_2_23: no measurement after 3 failed attempts; leaving this input unmeasured
[metrics] nwsapi_2_2_24: no measurement after 3 failed attempts; leaving this input unmeasured
[metrics] nwsapi_2_2_25: no measurement after 3 failed attempts; leaving this input unmeasured
[metrics] nwsapi_2_2_26: no measurement after 3 failed attempts; leaving this input unmeasured
[metrics] nwsapi_2_2_27: no measurement after 3 failed attempts; leaving this input unmeasured
[nwsapi_tailored] iter 0 (explore): corpus=560 (+560 new this run)
[select] relevance (max |rho| vs any metric on any system): count_more_complex_selector=0.51, count_sel_name=0.35, count_comma=0.51, count_hex_pad=0.31, count_complex_selector_list=0.51, count_sel_namechar=0.30, count_pseudo_class_selector=0.49, count_escape=0.34, count_complex_selector=0.47, count_attribute_selector=0.36, count_subclass_selectors=0.47, selector_len=0.43, count_lang_range=0.42, count_class_selector=0.27, count_pseudo_class_ident=0.41, count_span=0.26, count_pseudo_class_function=0.39, count_id_selector=0.36, count_rparen=0.39, count_more_value_word=0.18, count_lparen=0.39, count_attr_ident=0.30, selector_nesting=0.39, count_phrasing_element=0.25, count_type_selector=0.35, count_attr_matcher_ws=0.26, count_attr_value=0.26, count_attr_value_words=0.18, count_combinator=0.32, count_name=0.20, count_id_attr=0.31, count_phrasing_content=0.24, count_href_attr=0.21, count_tchar=0.28, doc_depth=0.18, count_digits=0.20, count_an_a=0.27, count_nth_function=0.20, count_class_list=0.16, count_node=0.17, count_flow_item=0.25, count_em=0.17, count_signed_integer=0.23, count_an_b_sign=0.23, count_attr_modifier=0.08, count_sign=0.22, count_type_attr=0.19, count_more_sel_value_word=0.21, count_phrasing_item=0.17, count_more_node=0.15, count_p=0.18, count_a=0.19, count_b=0.19, count_input=0.15, count_lang_attr=0.18, count_text_run=0.18, count_div=0.15, count_data_attr=0.16, count_sel_value_words=0.18, count_section=0.17, count_namechar=0.17, count_lang_tag=0.13, count_title_attr=0.17, count_attrs=0.14, doc_bytes=0.17, count_flow_content=0.14, count_wq_name=0.16, count_class_attr=0.10, count_relative_selector_list=0.00, count_more_relative_selector=0.00, count_relative_combinator=0.00, count_complex_selector_in_has=0.00, count_subclass_selectors_in_has=0.00, count_pseudo_class_selector_in_has=0.00, count_pseudo_class_function_in_has=0.00, count_complex_selector_list_in_has=0.00, count_more_complex_selector_in_has=0.00
[select] comparative relevance (max |rho| vs a between-system ratio): count_more_complex_selector=0.45, count_sel_name=0.61, count_comma=0.45, count_hex_pad=0.60, count_complex_selector_list=0.43, count_sel_namechar=0.59, count_pseudo_class_selector=0.26, count_escape=0.59, count_complex_selector=0.44, count_attribute_selector=0.57, count_subclass_selectors=0.51, selector_len=0.50, count_lang_range=0.31, count_class_selector=0.50, count_pseudo_class_ident=0.31, count_span=0.50, count_pseudo_class_function=0.34, count_id_selector=0.49, count_rparen=0.34, count_more_value_word=0.46, count_lparen=0.34, count_attr_ident=0.45, selector_nesting=0.35, count_phrasing_element=0.45, count_type_selector=0.41, count_attr_matcher_ws=0.45, count_attr_value=0.45, count_attr_value_words=0.45, count_combinator=0.37, count_name=0.44, count_id_attr=0.27, count_phrasing_content=0.42, count_href_attr=0.42, count_tchar=0.30, doc_depth=0.42, count_digits=0.41, count_an_a=0.30, count_nth_function=0.40, count_class_list=0.39, count_node=0.39, count_flow_item=0.27, count_em=0.37, count_signed_integer=0.36, count_an_b_sign=0.22, count_attr_modifier=0.35, count_sign=0.35, count_type_attr=0.35, count_more_sel_value_word=0.26, count_phrasing_item=0.34, count_more_node=0.34, count_p=0.34, count_a=0.34, count_b=0.33, count_input=0.34, count_lang_attr=0.27, count_text_run=0.31, count_div=0.33, count_data_attr=0.32, count_sel_value_words=0.31, count_section=0.31, count_namechar=0.29, count_lang_tag=0.31, count_title_attr=0.30, count_attrs=0.30, doc_bytes=0.24, count_flow_content=0.29, count_wq_name=0.27, count_class_attr=0.12, count_relative_selector_list=0.00, count_more_relative_selector=0.00, count_relative_combinator=0.00, count_complex_selector_in_has=0.00, count_subclass_selectors_in_has=0.00, count_pseudo_class_selector_in_has=0.00, count_pseudo_class_function_in_has=0.00, count_complex_selector_list_in_has=0.00, count_more_complex_selector_in_has=0.00
[select] scored on the comparison rather than on the metric: count_sel_name (0.35 -> 0.61), count_hex_pad (0.31 -> 0.60), count_sel_namechar (0.30 -> 0.59), count_escape (0.34 -> 0.59), count_attribute_selector (0.36 -> 0.57), selector_len (0.43 -> 0.50), count_class_selector (0.27 -> 0.50), count_span (0.26 -> 0.50), count_id_selector (0.36 -> 0.49), count_more_value_word (0.18 -> 0.46), count_attr_ident (0.30 -> 0.45), count_phrasing_element (0.25 -> 0.45), count_type_selector (0.35 -> 0.41), count_attr_matcher_ws (0.26 -> 0.45), count_attr_value (0.26 -> 0.45), count_attr_value_words (0.18 -> 0.45), count_name (0.20 -> 0.44), count_phrasing_content (0.24 -> 0.42), count_href_attr (0.21 -> 0.42), doc_depth (0.18 -> 0.42), count_digits (0.20 -> 0.41), count_nth_function (0.20 -> 0.40), count_class_list (0.16 -> 0.39), count_node (0.17 -> 0.39), count_em (0.17 -> 0.37), count_signed_integer (0.23 -> 0.36), count_attr_modifier (0.08 -> 0.35), count_sign (0.22 -> 0.35), count_type_attr (0.19 -> 0.35), count_more_sel_value_word (0.21 -> 0.26), count_phrasing_item (0.17 -> 0.34), count_more_node (0.15 -> 0.34), count_p (0.18 -> 0.34), count_a (0.19 -> 0.34), count_b (0.19 -> 0.33), count_input (0.15 -> 0.34), count_lang_attr (0.18 -> 0.27), count_text_run (0.18 -> 0.31), count_div (0.15 -> 0.33), count_data_attr (0.16 -> 0.32), count_sel_value_words (0.18 -> 0.31), count_section (0.17 -> 0.31), count_namechar (0.17 -> 0.29), count_lang_tag (0.13 -> 0.31), count_title_attr (0.17 -> 0.30), count_attrs (0.14 -> 0.30), doc_bytes (0.17 -> 0.24), count_flow_content (0.14 -> 0.29), count_wq_name (0.16 -> 0.27)
[select] kept count_relative_selector_list despite |rho|=0.00: its axis is not explored yet, so a low score there is absence of data rather than absence of effect
[select] kept count_more_relative_selector despite |rho|=0.00: its axis is not explored yet, so a low score there is absence of data rather than absence of effect
[select] kept count_relative_combinator despite |rho|=0.00: its axis is not explored yet, so a low score there is absence of data rather than absence of effect
[select] kept count_complex_selector_in_has despite |rho|=0.00: its axis is not explored yet, so a low score there is absence of data rather than absence of effect
[select] kept count_subclass_selectors_in_has despite |rho|=0.00: its axis is not explored yet, so a low score there is absence of data rather than absence of effect
[select] kept count_pseudo_class_selector_in_has despite |rho|=0.00: its axis is not explored yet, so a low score there is absence of data rather than absence of effect
[select] kept count_pseudo_class_function_in_has despite |rho|=0.00: its axis is not explored yet, so a low score there is absence of data rather than absence of effect
[select] kept count_complex_selector_list_in_has despite |rho|=0.00: its axis is not explored yet, so a low score there is absence of data rather than absence of effect
[select] kept count_more_complex_selector_in_has despite |rho|=0.00: its axis is not explored yet, so a low score there is absence of data rather than absence of effect
[select] dropped count_comma: |rho|=0.96 with count_more_complex_selector, which is already kept
[select] dropped count_hex_pad: |rho|=0.90 with count_sel_name, which is already kept
[select] dropped count_complex_selector_list: |rho|=0.97 with count_more_complex_selector, which is already kept
[select] dropped count_sel_namechar: |rho|=0.95 with count_sel_name, which is already kept
[select] dropped count_escape: |rho|=0.94 with count_sel_name, which is already kept
[select] dropped count_complex_selector: |rho|=0.83 with count_more_complex_selector, which is already kept
[select] dropped count_attribute_selector: |rho|=0.88 with count_sel_name, which is already kept
[select] dropped count_subclass_selectors: |rho|=0.91 with count_sel_name, which is already kept
[select] dropped selector_len: |rho|=0.92 with count_sel_name, which is already kept
[select] dropped count_class_selector: over the 4-property cap
[select] dropped count_pseudo_class_ident: over the 4-property cap
[select] dropped count_span: over the 4-property cap
[select] dropped count_pseudo_class_function: over the 4-property cap
[select] dropped count_id_selector: over the 4-property cap
[select] dropped count_rparen: over the 4-property cap
[select] dropped count_more_value_word: over the 4-property cap
[select] dropped count_lparen: over the 4-property cap
[select] dropped count_attr_ident: over the 4-property cap
[select] dropped selector_nesting: over the 4-property cap
[select] dropped count_phrasing_element: over the 4-property cap
[select] dropped count_type_selector: over the 4-property cap
[select] dropped count_attr_matcher_ws: over the 4-property cap
[select] dropped count_attr_value: over the 4-property cap
[select] dropped count_attr_value_words: over the 4-property cap
[select] dropped count_combinator: over the 4-property cap
[select] dropped count_name: over the 4-property cap
[select] dropped count_id_attr: over the 4-property cap
[select] dropped count_phrasing_content: over the 4-property cap
[select] dropped count_href_attr: over the 4-property cap
[select] dropped count_tchar: over the 4-property cap
[select] dropped doc_depth: over the 4-property cap
[select] dropped count_digits: over the 4-property cap
[select] dropped count_an_a: over the 4-property cap
[select] dropped count_nth_function: over the 4-property cap
[select] dropped count_class_list: over the 4-property cap
[select] dropped count_node: over the 4-property cap
[select] dropped count_flow_item: over the 4-property cap
[select] dropped count_em: over the 4-property cap
[select] dropped count_signed_integer: over the 4-property cap
[select] dropped count_an_b_sign: over the 4-property cap
[select] dropped count_attr_modifier: over the 4-property cap
[select] dropped count_sign: over the 4-property cap
[select] dropped count_type_attr: over the 4-property cap
[select] dropped count_more_sel_value_word: over the 4-property cap
[select] dropped count_phrasing_item: over the 4-property cap
[select] dropped count_more_node: over the 4-property cap
[select] dropped count_p: over the 4-property cap
[select] dropped count_a: over the 4-property cap
[select] dropped count_b: over the 4-property cap
[select] dropped count_input: over the 4-property cap
[select] dropped count_lang_attr: over the 4-property cap
[select] dropped count_text_run: over the 4-property cap
[select] dropped count_div: over the 4-property cap
[select] dropped count_data_attr: over the 4-property cap
[select] dropped count_sel_value_words: over the 4-property cap
[select] dropped count_section: over the 4-property cap
[select] dropped count_namechar: over the 4-property cap
[select] dropped count_lang_tag: over the 4-property cap
[select] dropped count_title_attr: over the 4-property cap
[select] dropped count_attrs: over the 4-property cap
[select] dropped doc_bytes: over the 4-property cap
[select] dropped count_flow_content: over the 4-property cap
[select] dropped count_wq_name: over the 4-property cap
[select] dropped count_class_attr: over the 4-property cap
[select] dropped count_relative_selector_list: over the 4-property cap
[select] dropped count_more_relative_selector: over the 4-property cap
[select] dropped count_relative_combinator: over the 4-property cap
[select] dropped count_complex_selector_in_has: over the 4-property cap
[select] dropped count_subclass_selectors_in_has: over the 4-property cap
[select] dropped count_pseudo_class_selector_in_has: over the 4-property cap
[select] dropped count_pseudo_class_function_in_has: over the 4-property cap
[select] dropped count_complex_selector_list_in_has: over the 4-property cap
[select] dropped count_more_complex_selector_in_has: over the 4-property cap
[select] count_sel_name stands for count_hex_pad, count_sel_namechar, count_escape, count_attribute_selector, count_subclass_selectors, selector_len (indistinguishable here)
[select] count_more_complex_selector stands for count_comma, count_complex_selector_list, count_complex_selector (indistinguishable here)
[select] joint fit uses 4 of 77 properties: count_pseudo_class_selector, count_sel_name, count_more_complex_selector, count_lang_range (1,296 model fits)
[nwsapi_tailored] loop targets 4 of 77 properties: count_pseudo_class_selector, count_sel_name, count_more_complex_selector, count_lang_range
[nwsapi_tailored] targeting 8 regions: runtime_ns_divergence, count_sel_name_dominance, count_more_complex_selector_undecided, count_lang_range_beyond, runtime_ns_high, count_sel_name_edge, runtime_ns_sparse0, count_lang_range_sparse1
  [seeds] skipped 8 seed(s) over 4096B; parsing one costs more than the request it would seed
[metrics] nwsapi_2_2_21: no measurement after 3 failed attempts; leaving this input unmeasured
[metrics] nwsapi_2_2_22: no measurement after 3 failed attempts; leaving this input unmeasured
[metrics] nwsapi_2_2_23: no measurement after 3 failed attempts; leaving this input unmeasured
[metrics] nwsapi_2_2_24: no measurement after 3 failed attempts; leaving this input unmeasured
[metrics] nwsapi_2_2_25: no measurement after 3 failed attempts; leaving this input unmeasured
[metrics] nwsapi_2_2_26: no measurement after 3 failed attempts; leaving this input unmeasured
[metrics] nwsapi_2_2_27: no measurement after 3 failed attempts; leaving this input unmeasured
  [runtime_ns_divergence] 162s: +10 new input(s), 8 distinct shape(s), 9 measured
  [count_sel_name_dominance] settling count_sel_name [1,2.035) would decide 3 dominance verdict(s): nwsapi_2_2_22 vs nwsapi_2_2_26 (runtime_ns undecided) and 2 more
  [seeds] skipped 1 seed(s) over 4096B; parsing one costs more than the request it would seed
  [count_sel_name_dominance] 188s: +10 new input(s), 5 distinct shape(s), 10 measured
  [count_more_complex_selector_undecided] 42 comparison(s) undecided in count_more_complex_selector [1.552,2.41): nwsapi_2_2_21 vs nwsapi_2_2_22 on runtime_ns and 41 more
  [seeds] skipped 1 seed(s) over 4096B; parsing one costs more than the request it would seed
[metrics] nwsapi_2_2_21: no measurement after 3 failed attempts; leaving this input unmeasured
[metrics] nwsapi_2_2_22: no measurement after 3 failed attempts; leaving this input unmeasured
[metrics] nwsapi_2_2_23: no measurement after 3 failed attempts; leaving this input unmeasured
[metrics] nwsapi_2_2_24: no measurement after 3 failed attempts; leaving this input unmeasured
[metrics] nwsapi_2_2_25: no measurement after 3 failed attempts; leaving this input unmeasured
[metrics] nwsapi_2_2_26: no measurement after 3 failed attempts; leaving this input unmeasured
[metrics] nwsapi_2_2_27: no measurement after 3 failed attempts; leaving this input unmeasured
[metrics] nwsapi_2_2_21: no measurement after 3 failed attempts; leaving this input unmeasured
[metrics] nwsapi_2_2_22: no measurement after 3 failed attempts; leaving this input unmeasured
[metrics] nwsapi_2_2_23: no measurement after 3 failed attempts; leaving this input unmeasured
[metrics] nwsapi_2_2_24: no measurement after 3 failed attempts; leaving this input unmeasured
[metrics] nwsapi_2_2_25: no measurement after 3 failed attempts; leaving this input unmeasured
[metrics] nwsapi_2_2_26: no measurement after 3 failed attempts; leaving this input unmeasured
[metrics] nwsapi_2_2_27: no measurement after 3 failed attempts; leaving this input unmeasured
[metrics] nwsapi_2_2_21: no measurement after 3 failed attempts; leaving this input unmeasured
[metrics] nwsapi_2_2_22: no measurement after 3 failed attempts; leaving this input unmeasured
[metrics] nwsapi_2_2_23: no measurement after 3 failed attempts; leaving this input unmeasured
[metrics] nwsapi_2_2_24: no measurement after 3 failed attempts; leaving this input unmeasured
[metrics] nwsapi_2_2_25: no measurement after 3 failed attempts; leaving this input unmeasured
[metrics] nwsapi_2_2_26: no measurement after 3 failed attempts; leaving this input unmeasured
[metrics] nwsapi_2_2_27: no measurement after 3 failed attempts; leaving this input unmeasured
[metrics] nwsapi_2_2_21: no measurement after 3 failed attempts; leaving this input unmeasured
[metrics] nwsapi_2_2_22: no measurement after 3 failed attempts; leaving this input unmeasured
[metrics] nwsapi_2_2_23: no measurement after 3 failed attempts; leaving this input unmeasured
[metrics] nwsapi_2_2_24: no measurement after 3 failed attempts; leaving this input unmeasured
[metrics] nwsapi_2_2_25: no measurement after 3 failed attempts; leaving this input unmeasured
[metrics] nwsapi_2_2_26: no measurement after 3 failed attempts; leaving this input unmeasured
[metrics] nwsapi_2_2_27: no measurement after 3 failed attempts; leaving this input unmeasured
[metrics] nwsapi_2_2_21: no measurement after 3 failed attempts; leaving this input unmeasured
[metrics] nwsapi_2_2_22: no measurement after 3 failed attempts; leaving this input unmeasured
[metrics] nwsapi_2_2_23: no measurement after 3 failed attempts; leaving this input unmeasured
[metrics] nwsapi_2_2_24: no measurement after 3 failed attempts; leaving this input unmeasured
[metrics] nwsapi_2_2_25: no measurement after 3 failed attempts; leaving this input unmeasured
[metrics] nwsapi_2_2_26: no measurement after 3 failed attempts; leaving this input unmeasured
[metrics] nwsapi_2_2_27: no measurement after 3 failed attempts; leaving this input unmeasured
[metrics] nwsapi_2_2_21: no measurement after 3 failed attempts; leaving this input unmeasured
[metrics] nwsapi_2_2_22: no measurement after 3 failed attempts; leaving this input unmeasured
[metrics] nwsapi_2_2_23: no measurement after 3 failed attempts; leaving this input unmeasured
[metrics] nwsapi_2_2_24: no measurement after 3 failed attempts; leaving this input unmeasured
[metrics] nwsapi_2_2_25: no measurement after 3 failed attempts; leaving this input unmeasured
[metrics] nwsapi_2_2_26: no measurement after 3 failed attempts; leaving this input unmeasured
[metrics] nwsapi_2_2_27: no measurement after 3 failed attempts; leaving this input unmeasured
[metrics] nwsapi_2_2_21: no measurement after 3 failed attempts; leaving this input unmeasured
[metrics] nwsapi_2_2_22: no measurement after 3 failed attempts; leaving this input unmeasured
[metrics] nwsapi_2_2_23: no measurement after 3 failed attempts; leaving this input unmeasured
[metrics] nwsapi_2_2_24: no measurement after 3 failed attempts; leaving this input unmeasured
[metrics] nwsapi_2_2_25: no measurement after 3 failed attempts; leaving this input unmeasured
[metrics] nwsapi_2_2_26: no measurement after 3 failed attempts; leaving this input unmeasured
[metrics] nwsapi_2_2_27: no measurement after 3 failed attempts; leaving this input unmeasured
  [count_more_complex_selector_undecided] 166s: +10 new input(s), 5 distinct shape(s), 3 measured
  [count_lang_range_beyond] rung 1
  [seeds] skipped 10 seed(s) over 4096B; parsing one costs more than the request it would seed
[budget] generation cut at 300s after 10 generations (1 solutions); this request is not reproducible
[metrics] nwsapi_2_2_21: no measurement after 3 failed attempts; leaving this input unmeasured
[metrics] nwsapi_2_2_22: no measurement after 3 failed attempts; leaving this input unmeasured
[metrics] nwsapi_2_2_23: no measurement after 3 failed attempts; leaving this input unmeasured
[metrics] nwsapi_2_2_24: no measurement after 3 failed attempts; leaving this input unmeasured
[metrics] nwsapi_2_2_25: no measurement after 3 failed attempts; leaving this input unmeasured
[metrics] nwsapi_2_2_26: no measurement after 3 failed attempts; leaving this input unmeasured
[metrics] nwsapi_2_2_27: no measurement after 3 failed attempts; leaving this input unmeasured
  [count_lang_range_beyond] 390s: +1 new input(s), 1 distinct shape(s), 0 measured [CUT: generation budget, not reproducible]
  [seeds] skipped 10 seed(s) over 4096B; parsing one costs more than the request it would seed
[metrics] nwsapi_2_2_21: no measurement after 3 failed attempts; leaving this input unmeasured
[metrics] nwsapi_2_2_22: no measurement after 3 failed attempts; leaving this input unmeasured
[metrics] nwsapi_2_2_23: no measurement after 3 failed attempts; leaving this input unmeasured
[metrics] nwsapi_2_2_24: no measurement after 3 failed attempts; leaving this input unmeasured
[metrics] nwsapi_2_2_25: no measurement after 3 failed attempts; leaving this input unmeasured
[metrics] nwsapi_2_2_26: no measurement after 3 failed attempts; leaving this input unmeasured
[metrics] nwsapi_2_2_27: no measurement after 3 failed attempts; leaving this input unmeasured
[metrics] nwsapi_2_2_24: no measurement after 3 failed attempts; leaving this input unmeasured
  [runtime_ns_high] 194s: +10 new input(s), 7 distinct shape(s), 9 measured
  [seeds] skipped 10 seed(s) over 4096B; parsing one costs more than the request it would seed
[metrics] nwsapi_2_2_21: no measurement after 3 failed attempts; leaving this input unmeasured
[metrics] nwsapi_2_2_22: no measurement after 3 failed attempts; leaving this input unmeasured
[metrics] nwsapi_2_2_23: no measurement after 3 failed attempts; leaving this input unmeasured
[metrics] nwsapi_2_2_24: no measurement after 3 failed attempts; leaving this input unmeasured
[metrics] nwsapi_2_2_25: no measurement after 3 failed attempts; leaving this input unmeasured
[metrics] nwsapi_2_2_26: no measurement after 3 failed attempts; leaving this input unmeasured
[metrics] nwsapi_2_2_27: no measurement after 3 failed attempts; leaving this input unmeasured
[metrics] nwsapi_2_2_21: no measurement after 3 failed attempts; leaving this input unmeasured
[metrics] nwsapi_2_2_22: no measurement after 3 failed attempts; leaving this input unmeasured
[metrics] nwsapi_2_2_23: no measurement after 3 failed attempts; leaving this input unmeasured
[metrics] nwsapi_2_2_24: no measurement after 3 failed attempts; leaving this input unmeasured
[metrics] nwsapi_2_2_25: no measurement after 3 failed attempts; leaving this input unmeasured
[metrics] nwsapi_2_2_26: no measurement after 3 failed attempts; leaving this input unmeasured
[metrics] nwsapi_2_2_27: no measurement after 3 failed attempts; leaving this input unmeasured
[metrics] nwsapi_2_2_21: no measurement after 3 failed attempts; leaving this input unmeasured
[metrics] nwsapi_2_2_22: no measurement after 3 failed attempts; leaving this input unmeasured
[metrics] nwsapi_2_2_23: no measurement after 3 failed attempts; leaving this input unmeasured
[metrics] nwsapi_2_2_24: no measurement after 3 failed attempts; leaving this input unmeasured
[metrics] nwsapi_2_2_25: no measurement after 3 failed attempts; leaving this input unmeasured
[metrics] nwsapi_2_2_26: no measurement after 3 failed attempts; leaving this input unmeasured
[metrics] nwsapi_2_2_27: no measurement after 3 failed attempts; leaving this input unmeasured
[metrics] nwsapi_2_2_21: no measurement after 3 failed attempts; leaving this input unmeasured
[metrics] nwsapi_2_2_22: no measurement after 3 failed attempts; leaving this input unmeasured
[metrics] nwsapi_2_2_23: no measurement after 3 failed attempts; leaving this input unmeasured
[metrics] nwsapi_2_2_24: no measurement after 3 failed attempts; leaving this input unmeasured
[metrics] nwsapi_2_2_25: no measurement after 3 failed attempts; leaving this input unmeasured
[metrics] nwsapi_2_2_26: no measurement after 3 failed attempts; leaving this input unmeasured
[metrics] nwsapi_2_2_27: no measurement after 3 failed attempts; leaving this input unmeasured
[metrics] nwsapi_2_2_21: no measurement after 3 failed attempts; leaving this input unmeasured
[metrics] nwsapi_2_2_22: no measurement after 3 failed attempts; leaving this input unmeasured
[metrics] nwsapi_2_2_23: no measurement after 3 failed attempts; leaving this input unmeasured
[metrics] nwsapi_2_2_24: no measurement after 3 failed attempts; leaving this input unmeasured
[metrics] nwsapi_2_2_25: no measurement after 3 failed attempts; leaving this input unmeasured
[metrics] nwsapi_2_2_26: no measurement after 3 failed attempts; leaving this input unmeasured
[metrics] nwsapi_2_2_27: no measurement after 3 failed attempts; leaving this input unmeasured
[metrics] nwsapi_2_2_21: no measurement after 3 failed attempts; leaving this input unmeasured
[metrics] nwsapi_2_2_22: no measurement after 3 failed attempts; leaving this input unmeasured
[metrics] nwsapi_2_2_23: no measurement after 3 failed attempts; leaving this input unmeasured
[metrics] nwsapi_2_2_24: no measurement after 3 failed attempts; leaving this input unmeasured
[metrics] nwsapi_2_2_25: no measurement after 3 failed attempts; leaving this input unmeasured
[metrics] nwsapi_2_2_26: no measurement after 3 failed attempts; leaving this input unmeasured
[metrics] nwsapi_2_2_27: no measurement after 3 failed attempts; leaving this input unmeasured
[metrics] nwsapi_2_2_21: no measurement after 3 failed attempts; leaving this input unmeasured
[metrics] nwsapi_2_2_22: no measurement after 3 failed attempts; leaving this input unmeasured
[metrics] nwsapi_2_2_23: no measurement after 3 failed attempts; leaving this input unmeasured
[metrics] nwsapi_2_2_24: no measurement after 3 failed attempts; leaving this input unmeasured
[metrics] nwsapi_2_2_25: no measurement after 3 failed attempts; leaving this input unmeasured
[metrics] nwsapi_2_2_26: no measurement after 3 failed attempts; leaving this input unmeasured
[metrics] nwsapi_2_2_27: no measurement after 3 failed attempts; leaving this input unmeasured
[metrics] nwsapi_2_2_21: no measurement after 3 failed attempts; leaving this input unmeasured
[metrics] nwsapi_2_2_22: no measurement after 3 failed attempts; leaving this input unmeasured
[metrics] nwsapi_2_2_23: no measurement after 3 failed attempts; leaving this input unmeasured
[metrics] nwsapi_2_2_24: no measurement after 3 failed attempts; leaving this input unmeasured
[metrics] nwsapi_2_2_25: no measurement after 3 failed attempts; leaving this input unmeasured
[metrics] nwsapi_2_2_26: no measurement after 3 failed attempts; leaving this input unmeasured
[metrics] nwsapi_2_2_27: no measurement after 3 failed attempts; leaving this input unmeasured
[metrics] nwsapi_2_2_21: no measurement after 3 failed attempts; leaving this input unmeasured
[metrics] nwsapi_2_2_22: no measurement after 3 failed attempts; leaving this input unmeasured
[metrics] nwsapi_2_2_23: no measurement after 3 failed attempts; leaving this input unmeasured
[metrics] nwsapi_2_2_24: no measurement after 3 failed attempts; leaving this input unmeasured
[metrics] nwsapi_2_2_25: no measurement after 3 failed attempts; leaving this input unmeasured
[metrics] nwsapi_2_2_26: no measurement after 3 failed attempts; leaving this input unmeasured
[metrics] nwsapi_2_2_27: no measurement after 3 failed attempts; leaving this input unmeasured
[metrics] nwsapi_2_2_21: no measurement after 3 failed attempts; leaving this input unmeasured
[metrics] nwsapi_2_2_22: no measurement after 3 failed attempts; leaving this input unmeasured
[metrics] nwsapi_2_2_23: no measurement after 3 failed attempts; leaving this input unmeasured
[metrics] nwsapi_2_2_24: no measurement after 3 failed attempts; leaving this input unmeasured
[metrics] nwsapi_2_2_25: no measurement after 3 failed attempts; leaving this input unmeasured
[metrics] nwsapi_2_2_26: no measurement after 3 failed attempts; leaving this input unmeasured
[metrics] nwsapi_2_2_27: no measurement after 3 failed attempts; leaving this input unmeasured
  [count_sel_name_edge] 173s: +10 new input(s), 6 distinct shape(s), 0 measured
  [seeds] skipped 1 seed(s) over 4096B; parsing one costs more than the request it would seed
[WARNING] Fandango did not generate any valid inputs.
  [runtime_ns_sparse0] 98s: no new inputs
  [seeds] skipped 1 seed(s) over 4096B; parsing one costs more than the request it would seed
[WARNING] Fandango did not generate any valid inputs.
  [count_lang_range_sparse1] 97s: no new inputs
[nwsapi_tailored] iter 1: corpus=917 (+357 new)
[select] relevance (max |rho| vs any metric on any system): count_complex_selector_list=0.56, count_sel_name=0.32, count_more_complex_selector=0.56, count_escape=0.32, count_comma=0.56, count_sel_namechar=0.30, count_complex_selector=0.46, count_class_selector=0.25, selector_len=0.42, count_hex_pad=0.32, count_subclass_selectors=0.42, count_pseudo_class_selector=0.41, count_type_selector=0.41, count_lang_range=0.37, count_attribute_selector=0.36, count_id_selector=0.35, count_pseudo_class_function=0.34, count_rparen=0.34, count_lparen=0.34, selector_nesting=0.34, count_attr_matcher_ws=0.27, count_pseudo_class_ident=0.32, count_attr_value=0.27, count_span=0.18, count_combinator=0.31, count_digits=0.16, count_phrasing_content=0.20, count_nth_function=0.18, count_attr_ident=0.28, count_attr_modifier=0.10, count_namechar=0.28, count_more_value_word=0.09, count_phrasing_element=0.14, doc_depth=0.15, doc_bytes=0.25, count_attr_value_words=0.05, count_wq_name=0.23, count_an_a=0.23, count_title_attr=0.22, count_more_sel_value_word=0.22, count_id_attr=0.20, count_text_run=0.17, count_signed_integer=0.19, count_sign=0.18, count_lang_tag=0.18, count_an_b_sign=0.18, count_class_attr=0.13, count_flow_content=0.17, count_phrasing_item=0.12, count_sel_value_words=0.14, count_name=0.05, count_tchar=0.16, count_b=0.11, count_em=0.16, count_class_list=0.08, count_a=0.15, count_p=0.13, count_more_node=0.09, count_flow_item=0.13, count_href_attr=0.12, count_node=0.10, count_data_attr=0.09, count_section=0.11, count_lang_attr=0.11, count_type_attr=0.11, count_div=0.10, count_input=0.08, count_attrs=0.10, count_relative_selector_list=0.00, count_more_relative_selector=0.00, count_relative_combinator=0.00, count_complex_selector_in_has=0.00, count_subclass_selectors_in_has=0.00, count_pseudo_class_selector_in_has=0.00, count_pseudo_class_function_in_has=0.00, count_complex_selector_list_in_has=0.00, count_more_complex_selector_in_has=0.00
[select] comparative relevance (max |rho| vs a between-system ratio): count_complex_selector_list=0.48, count_sel_name=0.64, count_more_complex_selector=0.50, count_escape=0.57, count_comma=0.50, count_sel_namechar=0.57, count_complex_selector=0.43, count_class_selector=0.55, selector_len=0.50, count_hex_pad=0.54, count_subclass_selectors=0.53, count_pseudo_class_selector=0.23, count_type_selector=0.41, count_lang_range=0.27, count_attribute_selector=0.42, count_id_selector=0.43, count_pseudo_class_function=0.29, count_rparen=0.29, count_lparen=0.29, selector_nesting=0.30, count_attr_matcher_ws=0.41, count_pseudo_class_ident=0.29, count_attr_value=0.41, count_span=0.36, count_combinator=0.35, count_digits=0.33, count_phrasing_content=0.33, count_nth_function=0.32, count_attr_ident=0.30, count_attr_modifier=0.32, count_namechar=0.21, count_more_value_word=0.32, count_phrasing_element=0.32, doc_depth=0.31, doc_bytes=0.27, count_attr_value_words=0.30, count_wq_name=0.21, count_an_a=0.25, count_title_attr=0.25, count_more_sel_value_word=0.23, count_id_attr=0.27, count_text_run=0.28, count_signed_integer=0.28, count_sign=0.28, count_lang_tag=0.18, count_an_b_sign=0.18, count_class_attr=0.28, count_flow_content=0.27, count_phrasing_item=0.27, count_sel_value_words=0.27, count_name=0.27, count_tchar=0.26, count_b=0.27, count_em=0.26, count_class_list=0.27, count_a=0.22, count_p=0.22, count_more_node=0.25, count_flow_item=0.21, count_href_attr=0.24, count_node=0.24, count_data_attr=0.24, count_section=0.21, count_lang_attr=0.18, count_type_attr=0.19, count_div=0.23, count_input=0.23, count_attrs=0.19, count_relative_selector_list=0.00, count_more_relative_selector=0.00, count_relative_combinator=0.00, count_complex_selector_in_has=0.00, count_subclass_selectors_in_has=0.00, count_pseudo_class_selector_in_has=0.00, count_pseudo_class_function_in_has=0.00, count_complex_selector_list_in_has=0.00, count_more_complex_selector_in_has=0.00
[select] scored on the comparison rather than on the metric: count_sel_name (0.32 -> 0.64), count_escape (0.32 -> 0.57), count_sel_namechar (0.30 -> 0.57), count_class_selector (0.25 -> 0.55), selector_len (0.42 -> 0.50), count_hex_pad (0.32 -> 0.54), count_subclass_selectors (0.42 -> 0.53), count_attribute_selector (0.36 -> 0.42), count_id_selector (0.35 -> 0.43), count_attr_matcher_ws (0.27 -> 0.41), count_attr_value (0.27 -> 0.41), count_span (0.18 -> 0.36), count_digits (0.16 -> 0.33), count_phrasing_content (0.20 -> 0.33), count_nth_function (0.18 -> 0.32), count_attr_modifier (0.10 -> 0.32), count_more_value_word (0.09 -> 0.32), count_phrasing_element (0.14 -> 0.32), doc_depth (0.15 -> 0.31), count_attr_value_words (0.05 -> 0.30), count_id_attr (0.20 -> 0.27), count_text_run (0.17 -> 0.28), count_signed_integer (0.19 -> 0.28), count_sign (0.18 -> 0.28), count_class_attr (0.13 -> 0.28), count_flow_content (0.17 -> 0.27), count_phrasing_item (0.12 -> 0.27), count_sel_value_words (0.14 -> 0.27), count_name (0.05 -> 0.27), count_tchar (0.16 -> 0.26), count_b (0.11 -> 0.27), count_em (0.16 -> 0.26), count_class_list (0.08 -> 0.27), count_a (0.15 -> 0.22), count_p (0.13 -> 0.22), count_more_node (0.09 -> 0.25), count_flow_item (0.13 -> 0.21), count_href_attr (0.12 -> 0.24), count_node (0.10 -> 0.24), count_data_attr (0.09 -> 0.24), count_section (0.11 -> 0.21), count_lang_attr (0.11 -> 0.18), count_type_attr (0.11 -> 0.19), count_div (0.10 -> 0.23), count_input (0.08 -> 0.23), count_attrs (0.10 -> 0.19)
[select] kept count_relative_selector_list despite |rho|=0.00: its axis is not explored yet, so a low score there is absence of data rather than absence of effect
[select] kept count_more_relative_selector despite |rho|=0.00: its axis is not explored yet, so a low score there is absence of data rather than absence of effect
[select] kept count_relative_combinator despite |rho|=0.00: its axis is not explored yet, so a low score there is absence of data rather than absence of effect
[select] kept count_complex_selector_in_has despite |rho|=0.00: its axis is not explored yet, so a low score there is absence of data rather than absence of effect
[select] kept count_subclass_selectors_in_has despite |rho|=0.00: its axis is not explored yet, so a low score there is absence of data rather than absence of effect
[select] kept count_pseudo_class_selector_in_has despite |rho|=0.00: its axis is not explored yet, so a low score there is absence of data rather than absence of effect
[select] kept count_pseudo_class_function_in_has despite |rho|=0.00: its axis is not explored yet, so a low score there is absence of data rather than absence of effect
[select] kept count_complex_selector_list_in_has despite |rho|=0.00: its axis is not explored yet, so a low score there is absence of data rather than absence of effect
[select] kept count_more_complex_selector_in_has despite |rho|=0.00: its axis is not explored yet, so a low score there is absence of data rather than absence of effect
[select] dropped count_more_complex_selector: |rho|=0.97 with count_complex_selector_list, which is already kept
[select] dropped count_escape: |rho|=0.94 with count_sel_name, which is already kept
[select] dropped count_comma: |rho|=0.93 with count_complex_selector_list, which is already kept
[select] dropped count_sel_namechar: |rho|=0.94 with count_sel_name, which is already kept
[select] dropped count_complex_selector: |rho|=0.86 with count_complex_selector_list, which is already kept
[select] dropped selector_len: |rho|=0.93 with count_sel_name, which is already kept
[select] dropped count_hex_pad: |rho|=0.89 with count_sel_name, which is already kept
[select] dropped count_subclass_selectors: |rho|=0.83 with count_complex_selector_list, which is already kept
[select] dropped count_type_selector: over the 4-property cap
[select] dropped count_lang_range: over the 4-property cap
[select] dropped count_attribute_selector: over the 4-property cap
[select] dropped count_id_selector: over the 4-property cap
[select] dropped count_pseudo_class_function: over the 4-property cap
[select] dropped count_rparen: over the 4-property cap
[select] dropped count_lparen: over the 4-property cap
[select] dropped selector_nesting: over the 4-property cap
[select] dropped count_attr_matcher_ws: over the 4-property cap
[select] dropped count_pseudo_class_ident: over the 4-property cap
[select] dropped count_attr_value: over the 4-property cap
[select] dropped count_span: over the 4-property cap
[select] dropped count_combinator: over the 4-property cap
[select] dropped count_digits: over the 4-property cap
[select] dropped count_phrasing_content: over the 4-property cap
[select] dropped count_nth_function: over the 4-property cap
[select] dropped count_attr_ident: over the 4-property cap
[select] dropped count_attr_modifier: over the 4-property cap
[select] dropped count_namechar: over the 4-property cap
[select] dropped count_more_value_word: over the 4-property cap
[select] dropped count_phrasing_element: over the 4-property cap
[select] dropped doc_depth: over the 4-property cap
[select] dropped doc_bytes: over the 4-property cap
[select] dropped count_attr_value_words: over the 4-property cap
[select] dropped count_wq_name: over the 4-property cap
[select] dropped count_an_a: over the 4-property cap
[select] dropped count_title_attr: over the 4-property cap
[select] dropped count_more_sel_value_word: over the 4-property cap
[select] dropped count_id_attr: over the 4-property cap
[select] dropped count_text_run: over the 4-property cap
[select] dropped count_signed_integer: over the 4-property cap
[select] dropped count_sign: over the 4-property cap
[select] dropped count_lang_tag: over the 4-property cap
[select] dropped count_an_b_sign: over the 4-property cap
[select] dropped count_class_attr: over the 4-property cap
[select] dropped count_flow_content: over the 4-property cap
[select] dropped count_phrasing_item: over the 4-property cap
[select] dropped count_sel_value_words: over the 4-property cap
[select] dropped count_name: over the 4-property cap
[select] dropped count_tchar: over the 4-property cap
[select] dropped count_b: over the 4-property cap
[select] dropped count_em: over the 4-property cap
[select] dropped count_class_list: over the 4-property cap
[select] dropped count_a: over the 4-property cap
[select] dropped count_p: over the 4-property cap
[select] dropped count_more_node: over the 4-property cap
[select] dropped count_flow_item: over the 4-property cap
[select] dropped count_href_attr: over the 4-property cap
[select] dropped count_node: over the 4-property cap
[select] dropped count_data_attr: over the 4-property cap
[select] dropped count_section: over the 4-property cap
[select] dropped count_lang_attr: over the 4-property cap
[select] dropped count_type_attr: over the 4-property cap
[select] dropped count_div: over the 4-property cap
[select] dropped count_input: over the 4-property cap
[select] dropped count_attrs: over the 4-property cap
[select] dropped count_relative_selector_list: over the 4-property cap
[select] dropped count_more_relative_selector: over the 4-property cap
[select] dropped count_relative_combinator: over the 4-property cap
[select] dropped count_complex_selector_in_has: over the 4-property cap
[select] dropped count_subclass_selectors_in_has: over the 4-property cap
[select] dropped count_pseudo_class_selector_in_has: over the 4-property cap
[select] dropped count_pseudo_class_function_in_has: over the 4-property cap
[select] dropped count_complex_selector_list_in_has: over the 4-property cap
[select] dropped count_more_complex_selector_in_has: over the 4-property cap
[select] count_complex_selector_list stands for count_more_complex_selector, count_comma, count_complex_selector, count_subclass_selectors (indistinguishable here)
[select] count_sel_name stands for count_escape, count_sel_namechar, selector_len, count_hex_pad (indistinguishable here)
[select] joint fit uses 4 of 77 properties: count_complex_selector_list, count_pseudo_class_selector, count_class_selector, count_sel_name (1,296 model fits)
[nwsapi_tailored] loop targets 4 of 77 properties: count_complex_selector_list, count_pseudo_class_selector, count_class_selector, count_sel_name
[nwsapi_tailored] targeting 8 regions: runtime_ns_divergence, count_pseudo_class_selector_dominance, count_class_selector_undecided, count_sel_name_beyond, runtime_ns_high, count_pseudo_class_selector_edge, runtime_ns_sparse0, count_sel_name_sparse8
  [seeds] skipped 10 seed(s) over 4096B; parsing one costs more than the request it would seed
[metrics] nwsapi_2_2_21: no measurement after 3 failed attempts; leaving this input unmeasured
[metrics] nwsapi_2_2_22: no measurement after 3 failed attempts; leaving this input unmeasured
[metrics] nwsapi_2_2_23: no measurement after 3 failed attempts; leaving this input unmeasured
[metrics] nwsapi_2_2_24: no measurement after 3 failed attempts; leaving this input unmeasured
[metrics] nwsapi_2_2_25: no measurement after 3 failed attempts; leaving this input unmeasured
[metrics] nwsapi_2_2_26: no measurement after 3 failed attempts; leaving this input unmeasured
[metrics] nwsapi_2_2_27: no measurement after 3 failed attempts; leaving this input unmeasured
[metrics] nwsapi_2_2_21: no measurement after 3 failed attempts; leaving this input unmeasured
[metrics] nwsapi_2_2_22: no measurement after 3 failed attempts; leaving this input unmeasured
[metrics] nwsapi_2_2_23: no measurement after 3 failed attempts; leaving this input unmeasured
[metrics] nwsapi_2_2_24: no measurement after 3 failed attempts; leaving this input unmeasured
[metrics] nwsapi_2_2_25: no measurement after 3 failed attempts; leaving this input unmeasured
[metrics] nwsapi_2_2_26: no measurement after 3 failed attempts; leaving this input unmeasured
[metrics] nwsapi_2_2_27: no measurement after 3 failed attempts; leaving this input unmeasured
  [runtime_ns_divergence] 156s: +10 new input(s), 10 distinct shape(s), 8 measured
  [count_pseudo_class_selector_dominance] settling count_pseudo_class_selector [1.743,3.037) would decide 4 dominance verdict(s): nwsapi_2_2_21 vs nwsapi_2_2_22 (runtime_ns undecided) and 3 more
  [seeds] skipped 1 seed(s) over 4096B; parsing one costs more than the request it would seed
[metrics] nwsapi_2_2_21: no measurement after 3 failed attempts; leaving this input unmeasured
[metrics] nwsapi_2_2_22: no measurement after 3 failed attempts; leaving this input unmeasured
[metrics] nwsapi_2_2_23: no measurement after 3 failed attempts; leaving this input unmeasured
[metrics] nwsapi_2_2_24: no measurement after 3 failed attempts; leaving this input unmeasured
[metrics] nwsapi_2_2_25: no measurement after 3 failed attempts; leaving this input unmeasured
[metrics] nwsapi_2_2_26: no measurement after 3 failed attempts; leaving this input unmeasured
[metrics] nwsapi_2_2_27: no measurement after 3 failed attempts; leaving this input unmeasured
[metrics] nwsapi_2_2_21: no measurement after 3 failed attempts; leaving this input unmeasured
[metrics] nwsapi_2_2_22: no measurement after 3 failed attempts; leaving this input unmeasured
[metrics] nwsapi_2_2_23: no measurement after 3 failed attempts; leaving this input unmeasured
[metrics] nwsapi_2_2_24: no measurement after 3 failed attempts; leaving this input unmeasured
[metrics] nwsapi_2_2_25: no measurement after 3 failed attempts; leaving this input unmeasured
[metrics] nwsapi_2_2_26: no measurement after 3 failed attempts; leaving this input unmeasured
[metrics] nwsapi_2_2_27: no measurement after 3 failed attempts; leaving this input unmeasured
  [count_pseudo_class_selector_dominance] 180s: +10 new input(s), 7 distinct shape(s), 8 measured
  [count_class_selector_undecided] 42 comparison(s) undecided in count_class_selector [2.962,5.099): nwsapi_2_2_21 vs nwsapi_2_2_22 on runtime_ns and 41 more
  [seeds] skipped 1 seed(s) over 4096B; parsing one costs more than the request it would seed
[metrics] nwsapi_2_2_21: no measurement after 3 failed attempts; leaving this input unmeasured
[metrics] nwsapi_2_2_22: no measurement after 3 failed attempts; leaving this input unmeasured
[metrics] nwsapi_2_2_23: no measurement after 3 failed attempts; leaving this input unmeasured
[metrics] nwsapi_2_2_24: no measurement after 3 failed attempts; leaving this input unmeasured
[metrics] nwsapi_2_2_25: no measurement after 3 failed attempts; leaving this input unmeasured
[metrics] nwsapi_2_2_26: no measurement after 3 failed attempts; leaving this input unmeasured
[metrics] nwsapi_2_2_27: no measurement after 3 failed attempts; leaving this input unmeasured
[metrics] nwsapi_2_2_21: no measurement after 3 failed attempts; leaving this input unmeasured
[metrics] nwsapi_2_2_22: no measurement after 3 failed attempts; leaving this input unmeasured
[metrics] nwsapi_2_2_23: no measurement after 3 failed attempts; leaving this input unmeasured
[metrics] nwsapi_2_2_24: no measurement after 3 failed attempts; leaving this input unmeasured
[metrics] nwsapi_2_2_25: no measurement after 3 failed attempts; leaving this input unmeasured
[metrics] nwsapi_2_2_26: no measurement after 3 failed attempts; leaving this input unmeasured
[metrics] nwsapi_2_2_27: no measurement after 3 failed attempts; leaving this input unmeasured
[metrics] nwsapi_2_2_21: no measurement after 3 failed attempts; leaving this input unmeasured
[metrics] nwsapi_2_2_22: no measurement after 3 failed attempts; leaving this input unmeasured
[metrics] nwsapi_2_2_23: no measurement after 3 failed attempts; leaving this input unmeasured
[metrics] nwsapi_2_2_24: no measurement after 3 failed attempts; leaving this input unmeasured
[metrics] nwsapi_2_2_25: no measurement after 3 failed attempts; leaving this input unmeasured
[metrics] nwsapi_2_2_26: no measurement after 3 failed attempts; leaving this input unmeasured
[metrics] nwsapi_2_2_27: no measurement after 3 failed attempts; leaving this input unmeasured
[metrics] nwsapi_2_2_21: no measurement after 3 failed attempts; leaving this input unmeasured
[metrics] nwsapi_2_2_22: no measurement after 3 failed attempts; leaving this input unmeasured
[metrics] nwsapi_2_2_23: no measurement after 3 failed attempts; leaving this input unmeasured
[metrics] nwsapi_2_2_24: no measurement after 3 failed attempts; leaving this input unmeasured
[metrics] nwsapi_2_2_25: no measurement after 3 failed attempts; leaving this input unmeasured
[metrics] nwsapi_2_2_26: no measurement after 3 failed attempts; leaving this input unmeasured
[metrics] nwsapi_2_2_27: no measurement after 3 failed attempts; leaving this input unmeasured
[metrics] nwsapi_2_2_21: no measurement after 3 failed attempts; leaving this input unmeasured
[metrics] nwsapi_2_2_22: no measurement after 3 failed attempts; leaving this input unmeasured
[metrics] nwsapi_2_2_23: no measurement after 3 failed attempts; leaving this input unmeasured
[metrics] nwsapi_2_2_24: no measurement after 3 failed attempts; leaving this input unmeasured
[metrics] nwsapi_2_2_25: no measurement after 3 failed attempts; leaving this input unmeasured
[metrics] nwsapi_2_2_26: no measurement after 3 failed attempts; leaving this input unmeasured
[metrics] nwsapi_2_2_27: no measurement after 3 failed attempts; leaving this input unmeasured
  [count_class_selector_undecided] 163s: +10 new input(s), 4 distinct shape(s), 5 measured
  [count_sel_name_beyond] rung 2
[WARNING] wall-clock budget reached after 1 of 10 inputs; keeping what is measured.
  [count_sel_name_beyond] 338s: +1 new input(s), 1 distinct shape(s), 1 measured
  [budget] wall-clock reached; skipping the remaining 4 request(s) this iteration.
[nwsapi_tailored] iter 2: corpus=1134 (+217 new)
[nwsapi_tailored] wall-clock budget (3420s) reached before iteration 3; stopping with the corpus intact.
[compare] runtime_ns: 110 inputs, 7 systems (paired; ratios, 1.10x equivalence band)
[compare] overall verdicts are weighted by what the corpus contains, which the loop itself shapes; the per-region lines are the portable claim.
[compare] count_type_selector bins move with count_sel_namechar (1.5..23 across bins) -- those regions are joint, not count_type_selector findings
[compare] count_class_selector bins move with count_type_selector (1.5..5 across bins); count_sel_namechar (2..37 across bins) -- those regions are joint, not count_class_selector findings
[compare] count_more_complex_selector bins move with count_type_selector (1..6 across bins); count_sel_namechar (2..24 across bins) -- those regions are joint, not count_more_complex_selector findings
[compare] count_sel_namechar bins move with count_type_selector (1..5 across bins) -- those regions are joint, not count_sel_namechar findings
  nwsapi_2_2_21 and nwsapi_2_2_22 equivalent: ratio 0.98x within the equivalence band (95% CI 0.96-1.00, n=110)
      undecided on count_type_selector (confounded) in [3.583,6.782) -- needs more inputs
      undecided on count_class_selector (confounded) in [1.721,2.962), [2.962,5.099) -- needs more inputs
      undecided on count_more_complex_selector (confounded) in [1,1.552), [1.552,2.41) -- needs more inputs
      undecided on count_sel_namechar (confounded) in [20.88,57.5) -- needs more inputs
  nwsapi_2_2_21 and nwsapi_2_2_23 equivalent: ratio 0.99x within the equivalence band (95% CI 0.97-1.00, n=110)
      undecided on count_type_selector (confounded) in [3.583,6.782) -- needs more inputs
      undecided on count_class_selector (confounded) in [1.721,2.962), [2.962,5.099) -- needs more inputs
      undecided on count_more_complex_selector (confounded) in [1.552,2.41) -- needs more inputs
      undecided on count_sel_namechar (confounded) in [20.88,57.5) -- needs more inputs
  nwsapi_2_2_21 and nwsapi_2_2_24 equivalent: ratio 0.98x within the equivalence band (95% CI 0.97-1.00, n=109)
      undecided on count_type_selector (confounded) in [3.583,6.782) -- needs more inputs
      undecided on count_class_selector (confounded) in [1.721,2.962), [2.962,5.099) -- needs more inputs
      undecided on count_more_complex_selector (confounded) in [1.552,2.41) -- needs more inputs
      undecided on count_sel_namechar (confounded) in [20.88,57.5) -- needs more inputs
  nwsapi_2_2_21 and nwsapi_2_2_25 equivalent: ratio 1.00x within the equivalence band (95% CI 0.99-1.01, n=110)
      undecided on count_class_selector (confounded) in [2.962,5.099) -- needs more inputs
      undecided on count_more_complex_selector (confounded) in [1.552,2.41) -- needs more inputs
  nwsapi_2_2_21 and nwsapi_2_2_26 equivalent: ratio 1.02x within the equivalence band (95% CI 1.00-1.03, n=110)
      undecided on count_type_selector (confounded) in [1,1.893) -- needs more inputs
      undecided on count_class_selector (confounded) in [2.962,5.099) -- needs more inputs
      undecided on count_more_complex_selector (confounded) in [1.552,2.41) -- needs more inputs
  nwsapi_2_2_21 and nwsapi_2_2_27 equivalent: ratio 1.01x within the equivalence band (95% CI 0.99-1.02, n=110)
      undecided on count_type_selector (confounded) in [1,1.893) -- needs more inputs
      undecided on count_class_selector (confounded) in [2.962,5.099) -- needs more inputs
      undecided on count_more_complex_selector (confounded) in [1.552,2.41) -- needs more inputs
  nwsapi_2_2_22 and nwsapi_2_2_23 equivalent: ratio 1.01x within the equivalence band (95% CI 0.99-1.01, n=110)
  nwsapi_2_2_22 and nwsapi_2_2_24 equivalent: ratio 1.00x within the equivalence band (95% CI 0.99-1.02, n=109)
  nwsapi_2_2_22 and nwsapi_2_2_25 equivalent: ratio 1.02x within the equivalence band (95% CI 1.01-1.03, n=110)
  nwsapi_2_2_22 and nwsapi_2_2_26 equivalent: ratio 1.03x within the equivalence band (95% CI 1.02-1.05, n=110)
      undecided on count_type_selector (confounded) in [1,1.893) -- needs more inputs
      undecided on count_class_selector (confounded) in [1.721,2.962) -- needs more inputs
  nwsapi_2_2_22 and nwsapi_2_2_27 equivalent: ratio 1.03x within the equivalence band (95% CI 1.02-1.05, n=110)
      undecided on count_type_selector (confounded) in [1,1.893) -- needs more inputs
      undecided on count_class_selector (confounded) in [1.721,2.962) -- needs more inputs
  nwsapi_2_2_23 and nwsapi_2_2_24 equivalent: ratio 1.00x within the equivalence band (95% CI 0.99-1.00, n=109)
  nwsapi_2_2_23 and nwsapi_2_2_25 equivalent: ratio 1.01x within the equivalence band (95% CI 1.01-1.02, n=110)
  nwsapi_2_2_23 and nwsapi_2_2_26 equivalent: ratio 1.03x within the equivalence band (95% CI 1.01-1.04, n=110)
      undecided on count_type_selector (confounded) in [1,1.893) -- needs more inputs
      undecided on count_class_selector (confounded) in [1.721,2.962) -- needs more inputs
      undecided on count_sel_namechar (confounded) in [1,2.754) -- needs more inputs
  nwsapi_2_2_23 and nwsapi_2_2_27 equivalent: ratio 1.02x within the equivalence band (95% CI 1.01-1.03, n=110)
  nwsapi_2_2_24 and nwsapi_2_2_25 equivalent: ratio 1.02x within the equivalence band (95% CI 1.00-1.03, n=109)
      undecided on count_class_selector (confounded) in [1.721,2.962) -- needs more inputs
  nwsapi_2_2_24 and nwsapi_2_2_26 equivalent: ratio 1.02x within the equivalence band (95% CI 1.02-1.04, n=109)
      undecided on count_type_selector (confounded) in [1,1.893) -- needs more inputs
      undecided on count_class_selector (confounded) in [1.721,2.962) -- needs more inputs
  nwsapi_2_2_24 and nwsapi_2_2_27 equivalent: ratio 1.03x within the equivalence band (95% CI 1.01-1.03, n=109)
      undecided on count_class_selector (confounded) in [1.721,2.962) -- needs more inputs
  nwsapi_2_2_25 and nwsapi_2_2_26 equivalent: ratio 1.01x within the equivalence band (95% CI 1.00-1.03, n=110)
      undecided on count_sel_namechar (confounded) in [1,2.754) -- needs more inputs
  nwsapi_2_2_25 and nwsapi_2_2_27 equivalent: ratio 1.01x within the equivalence band (95% CI 1.00-1.02, n=110)
  nwsapi_2_2_26 and nwsapi_2_2_27 equivalent: ratio 0.99x within the equivalence band (95% CI 0.99-1.00, n=110)
[compare] rss: 110 inputs, 7 systems (paired; ratios, 1.10x equivalence band)
[compare] overall verdicts are weighted by what the corpus contains, which the loop itself shapes; the per-region lines are the portable claim.
[compare] count_type_selector bins move with count_sel_namechar (1.5..23 across bins) -- those regions are joint, not count_type_selector findings
[compare] count_class_selector bins move with count_type_selector (1.5..5 across bins); count_sel_namechar (2..37 across bins) -- those regions are joint, not count_class_selector findings
[compare] count_more_complex_selector bins move with count_type_selector (1..6 across bins); count_sel_namechar (2..24 across bins) -- those regions are joint, not count_more_complex_selector findings
[compare] count_sel_namechar bins move with count_type_selector (1..5 across bins) -- those regions are joint, not count_sel_namechar findings
  nwsapi_2_2_21 and nwsapi_2_2_22 equivalent: ratio 1.00x within the equivalence band (95% CI 1.00-1.00, n=110)
  nwsapi_2_2_21 and nwsapi_2_2_23 equivalent: ratio 1.00x within the equivalence band (95% CI 1.00-1.00, n=110)
  nwsapi_2_2_21 and nwsapi_2_2_24 equivalent: ratio 1.00x within the equivalence band (95% CI 1.00-1.00, n=109)
  nwsapi_2_2_21 and nwsapi_2_2_25 equivalent: ratio 1.00x within the equivalence band (95% CI 1.00-1.00, n=110)
  nwsapi_2_2_21 and nwsapi_2_2_26 equivalent: ratio 1.00x within the equivalence band (95% CI 1.00-1.00, n=110)
  nwsapi_2_2_21 and nwsapi_2_2_27 equivalent: ratio 1.00x within the equivalence band (95% CI 1.00-1.00, n=110)
  nwsapi_2_2_22 and nwsapi_2_2_23 equivalent: ratio 1.00x within the equivalence band (95% CI 1.00-1.00, n=110)
  nwsapi_2_2_22 and nwsapi_2_2_24 equivalent: ratio 1.00x within the equivalence band (95% CI 1.00-1.00, n=109)
  nwsapi_2_2_22 and nwsapi_2_2_25 equivalent: ratio 1.00x within the equivalence band (95% CI 1.00-1.00, n=110)
  nwsapi_2_2_22 and nwsapi_2_2_26 equivalent: ratio 1.00x within the equivalence band (95% CI 1.00-1.00, n=110)
  nwsapi_2_2_22 and nwsapi_2_2_27 equivalent: ratio 1.00x within the equivalence band (95% CI 1.00-1.00, n=110)
  nwsapi_2_2_23 and nwsapi_2_2_24 equivalent: ratio 1.00x within the equivalence band (95% CI 1.00-1.00, n=109)
  nwsapi_2_2_23 and nwsapi_2_2_25 equivalent: ratio 1.00x within the equivalence band (95% CI 1.00-1.00, n=110)
  nwsapi_2_2_23 and nwsapi_2_2_26 equivalent: ratio 1.00x within the equivalence band (95% CI 1.00-1.00, n=110)
  nwsapi_2_2_23 and nwsapi_2_2_27 equivalent: ratio 1.00x within the equivalence band (95% CI 1.00-1.00, n=110)
  nwsapi_2_2_24 and nwsapi_2_2_25 equivalent: ratio 1.00x within the equivalence band (95% CI 1.00-1.00, n=109)
  nwsapi_2_2_24 and nwsapi_2_2_26 equivalent: ratio 1.00x within the equivalence band (95% CI 1.00-1.00, n=109)
  nwsapi_2_2_24 and nwsapi_2_2_27 equivalent: ratio 1.00x within the equivalence band (95% CI 1.00-1.00, n=109)
  nwsapi_2_2_25 and nwsapi_2_2_26 equivalent: ratio 1.00x within the equivalence band (95% CI 1.00-1.00, n=110)
  nwsapi_2_2_25 and nwsapi_2_2_27 equivalent: ratio 1.00x within the equivalence band (95% CI 1.00-1.00, n=110)
  nwsapi_2_2_26 and nwsapi_2_2_27 equivalent: ratio 1.00x within the equivalence band (95% CI 1.00-1.00, n=110)
[compare] dominance across runtime_ns, rss:
  nwsapi_2_2_21 and nwsapi_2_2_22 EQUIVALENT on every metric
  nwsapi_2_2_21 and nwsapi_2_2_23 EQUIVALENT on every metric
  nwsapi_2_2_21 and nwsapi_2_2_24 EQUIVALENT on every metric
  nwsapi_2_2_21 and nwsapi_2_2_25 EQUIVALENT on every metric
  nwsapi_2_2_21 and nwsapi_2_2_26 EQUIVALENT on every metric
  nwsapi_2_2_21 and nwsapi_2_2_27 EQUIVALENT on every metric
  nwsapi_2_2_22 and nwsapi_2_2_23 EQUIVALENT on every metric
  nwsapi_2_2_22 and nwsapi_2_2_24 EQUIVALENT on every metric
  nwsapi_2_2_22 and nwsapi_2_2_25 EQUIVALENT on every metric
  nwsapi_2_2_22 and nwsapi_2_2_26 EQUIVALENT on every metric
  nwsapi_2_2_22 and nwsapi_2_2_27 EQUIVALENT on every metric
  nwsapi_2_2_23 and nwsapi_2_2_24 EQUIVALENT on every metric
  nwsapi_2_2_23 and nwsapi_2_2_25 EQUIVALENT on every metric
  nwsapi_2_2_23 and nwsapi_2_2_26 EQUIVALENT on every metric
  nwsapi_2_2_23 and nwsapi_2_2_27 EQUIVALENT on every metric
  nwsapi_2_2_24 and nwsapi_2_2_25 EQUIVALENT on every metric
  nwsapi_2_2_24 and nwsapi_2_2_26 EQUIVALENT on every metric
  nwsapi_2_2_24 and nwsapi_2_2_27 EQUIVALENT on every metric
  nwsapi_2_2_25 and nwsapi_2_2_26 EQUIVALENT on every metric
  nwsapi_2_2_25 and nwsapi_2_2_27 EQUIVALENT on every metric
  nwsapi_2_2_26 and nwsapi_2_2_27 EQUIVALENT on every metric
      count_type_selector =0 (n=16): nwsapi_2_2_21, nwsapi_2_2_22, nwsapi_2_2_23, nwsapi_2_2_24, nwsapi_2_2_25, nwsapi_2_2_26, nwsapi_2_2_27 not dominated
      count_type_selector [1,1.893) (n=26): nwsapi_2_2_21, nwsapi_2_2_22, nwsapi_2_2_23, nwsapi_2_2_24, nwsapi_2_2_25, nwsapi_2_2_26, nwsapi_2_2_27 not dominated
      count_type_selector [1.893,3.583) (n=47): nwsapi_2_2_21, nwsapi_2_2_22, nwsapi_2_2_23, nwsapi_2_2_24, nwsapi_2_2_25, nwsapi_2_2_26, nwsapi_2_2_27 not dominated
      count_type_selector [3.583,6.782) (n=37): nwsapi_2_2_21, nwsapi_2_2_22, nwsapi_2_2_23, nwsapi_2_2_24, nwsapi_2_2_25, nwsapi_2_2_26, nwsapi_2_2_27 not dominated
      count_type_selector [6.782,12.84) (n=17): nwsapi_2_2_21, nwsapi_2_2_22, nwsapi_2_2_23, nwsapi_2_2_24, nwsapi_2_2_25, nwsapi_2_2_26, nwsapi_2_2_27 not dominated
      count_type_selector [12.84,24.3) (n=10): nwsapi_2_2_21, nwsapi_2_2_22, nwsapi_2_2_23, nwsapi_2_2_24, nwsapi_2_2_25, nwsapi_2_2_26, nwsapi_2_2_27 not dominated
      count_type_selector [24.3,46] (n=9): nwsapi_2_2_21, nwsapi_2_2_22, nwsapi_2_2_23, nwsapi_2_2_24, nwsapi_2_2_25, nwsapi_2_2_26, nwsapi_2_2_27 not dominated
      count_class_selector =0 (n=50): nwsapi_2_2_21, nwsapi_2_2_22, nwsapi_2_2_23, nwsapi_2_2_24, nwsapi_2_2_25, nwsapi_2_2_26, nwsapi_2_2_27 not dominated
      count_class_selector [1,1.721) (n=40): nwsapi_2_2_21, nwsapi_2_2_22, nwsapi_2_2_23, nwsapi_2_2_24, nwsapi_2_2_25, nwsapi_2_2_26, nwsapi_2_2_27 not dominated
      count_class_selector [1.721,2.962) (n=20): nwsapi_2_2_21, nwsapi_2_2_22, nwsapi_2_2_23, nwsapi_2_2_24, nwsapi_2_2_25, nwsapi_2_2_26, nwsapi_2_2_27 not dominated
      count_class_selector [2.962,5.099) (n=29): nwsapi_2_2_21, nwsapi_2_2_22, nwsapi_2_2_23, nwsapi_2_2_24, nwsapi_2_2_25, nwsapi_2_2_26, nwsapi_2_2_27 not dominated
      count_class_selector [5.099,8.776) (n=11): nwsapi_2_2_21, nwsapi_2_2_22, nwsapi_2_2_23, nwsapi_2_2_24, nwsapi_2_2_25, nwsapi_2_2_26, nwsapi_2_2_27 not dominated
      count_class_selector [8.776,15.11) (n=8): nwsapi_2_2_21, nwsapi_2_2_22, nwsapi_2_2_23, nwsapi_2_2_24, nwsapi_2_2_25, nwsapi_2_2_26, nwsapi_2_2_27 not dominated
      count_more_complex_selector =0 (n=63): nwsapi_2_2_21, nwsapi_2_2_22, nwsapi_2_2_23, nwsapi_2_2_24, nwsapi_2_2_25, nwsapi_2_2_26, nwsapi_2_2_27 not dominated
      count_more_complex_selector [1,1.552) (n=37): nwsapi_2_2_21, nwsapi_2_2_22, nwsapi_2_2_23, nwsapi_2_2_24, nwsapi_2_2_25, nwsapi_2_2_26, nwsapi_2_2_27 not dominated
      count_more_complex_selector [1.552,2.41) (n=32): nwsapi_2_2_21, nwsapi_2_2_22, nwsapi_2_2_23, nwsapi_2_2_24, nwsapi_2_2_25, nwsapi_2_2_26, nwsapi_2_2_27 not dominated
      count_more_complex_selector [2.41,3.742) (n=10): nwsapi_2_2_21, nwsapi_2_2_22, nwsapi_2_2_23, nwsapi_2_2_24, nwsapi_2_2_25, nwsapi_2_2_26, nwsapi_2_2_27 not dominated
      count_more_complex_selector [3.742,5.809) (n=13): nwsapi_2_2_21, nwsapi_2_2_22, nwsapi_2_2_23, nwsapi_2_2_24, nwsapi_2_2_25, nwsapi_2_2_26, nwsapi_2_2_27 not dominated
      count_sel_namechar =0 (n=21): nwsapi_2_2_21, nwsapi_2_2_22, nwsapi_2_2_23, nwsapi_2_2_24, nwsapi_2_2_25, nwsapi_2_2_26, nwsapi_2_2_27 not dominated
      count_sel_namechar [1,2.754) (n=20): nwsapi_2_2_21, nwsapi_2_2_22, nwsapi_2_2_23, nwsapi_2_2_24, nwsapi_2_2_25, nwsapi_2_2_26, nwsapi_2_2_27 not dominated
      count_sel_namechar [2.754,7.583) (n=17): nwsapi_2_2_21, nwsapi_2_2_22, nwsapi_2_2_23, nwsapi_2_2_24, nwsapi_2_2_25, nwsapi_2_2_26, nwsapi_2_2_27 not dominated
      count_sel_namechar [7.583,20.88) (n=34): nwsapi_2_2_21, nwsapi_2_2_22, nwsapi_2_2_23, nwsapi_2_2_24, nwsapi_2_2_25, nwsapi_2_2_26, nwsapi_2_2_27 not dominated
      count_sel_namechar [20.88,57.5) (n=40): nwsapi_2_2_21, nwsapi_2_2_22, nwsapi_2_2_23, nwsapi_2_2_24, nwsapi_2_2_25, nwsapi_2_2_26, nwsapi_2_2_27 not dominated
      count_sel_namechar [57.5,158.3) (n=22): nwsapi_2_2_21, nwsapi_2_2_22, nwsapi_2_2_23, nwsapi_2_2_24, nwsapi_2_2_25, nwsapi_2_2_26, nwsapi_2_2_27 not dominated
      count_sel_namechar [158.3,436] (n=8): nwsapi_2_2_21, nwsapi_2_2_22, nwsapi_2_2_23, nwsapi_2_2_24, nwsapi_2_2_25, nwsapi_2_2_26, nwsapi_2_2_27 not dominated
[interference] 6 property pair(s) tested over 1134 rows; 5 show a dependence
  count_class_selector vs runtime_ns changes with count_sel_namechar: rho by count_sel_namechar stratum = [-0.48, -0.20, -0.10, +0.18], spread 0.66, p=0.003
  count_more_complex_selector vs runtime_ns changes with count_sel_namechar: rho by count_sel_namechar stratum = [+0.32, +0.53, +0.67, +0.78], spread 0.47, p=0.003
  count_more_complex_selector vs runtime_ns changes with count_type_selector: rho by count_type_selector stratum = [+0.28, +0.23, +0.63, +0.70], spread 0.47, p=0.003
  count_class_selector vs runtime_ns changes with count_type_selector: rho by count_type_selector stratum = [-0.55, -0.25, -0.15, -0.17], spread 0.40, p=0.003
  count_sel_namechar vs runtime_ns changes with count_type_selector: rho by count_type_selector stratum = [-0.21, -0.04, -0.05, -0.37], spread 0.34, p=0.003
  -> a one-dimensional region on these properties states less than it appears to; they are candidates for a joint request.
[nwsapi_tailored] past the wall-clock budget; skipping the model fits and plots and writing the report. They are a function of corpus.csv, which is checkpointed, so the next run recomputes them from the same inputs rather than re-measuring.
[nwsapi_tailored] metric cache: 1134 entries, 6778 SUT executions this run
[nwsapi_tailored] wall clock: 3513s of 3420s budget
[nwsapi_tailored] report -> ./results/rq1/20261002-2243-tailored-nwsapi_tailored/run1/nwsapi_tailored/report.md
[nwsapi_tailored] done. corpus=1134 rows (162 inputs x 7 systems). Artifacts in ./results/rq1/20261002-2243-tailored-nwsapi_tailored/run1/nwsapi_tailored
