$ ./.venv/bin/python -u run.py domselector_tailored --seed=20260922 --output-dir=./results/rq1/20261002-2150-tailored-domselector_tailored/run1/domselector_tailored --max-wall-seconds=3420

[props] max_repetition=20 (bounds * and + during generation)
[props]   count_a                           0..6000  governed by <more_node>{19,1999} in <doc>
[props]   count_an_a                         0..inf  no governing repetition (recursion or alternative)
[props]   count_an_b_sign                    0..inf  no governing repetition (recursion or alternative)
[props]   count_attr_matcher_ws              0..inf  no governing repetition (recursion or alternative)
[props]   count_attr_modifier                0..inf  no governing repetition (recursion or alternative)
[props]   count_attr_name                    0..inf  no governing repetition (recursion or alternative)
[props]   count_attr_value                   0..inf  no governing repetition (recursion or alternative)
[props]   count_attribute_selector           0..inf  no governing repetition (recursion or alternative)
[props]   count_attrs                      0..30000  governed by <more_node>{19,1999} in <doc>
[props]   count_b                           0..2000  governed by <more_node>{19,1999} in <doc>
[props]   count_bare_attribute                 0..1  no governing repetition (recursion or alternative)
[props]   count_class_attr                 0..30000  governed by <more_node>{19,1999} in <doc>
[props]   count_class_selector               0..inf  no governing repetition (recursion or alternative)
[props]   count_combinator                   0..inf  no governing repetition (recursion or alternative)
[props]   count_complex_selector             0..inf  no governing repetition (recursion or alternative)
[props]   count_data_attr                  0..30000  governed by <more_node>{19,1999} in <doc>
[props]   count_digits                       0..inf  no governing repetition (recursion or alternative)
[props]   count_div                         0..2000  governed by <more_node>{19,1999} in <doc>
[props]   count_em                          0..2000  governed by <more_node>{19,1999} in <doc>
[props]   count_eq_attr_name                 0..inf  no governing repetition (recursion or alternative)
[props]   count_id_attr                    0..30000  governed by <more_node>{19,1999} in <doc>
[props]   count_id_selector                  0..inf  no governing repetition (recursion or alternative)
[props]   count_input                       0..6000  governed by <more_node>{19,1999} in <doc>
[props]   count_lang_attr                  0..30000  governed by <more_node>{19,1999} in <doc>
[props]   count_lang_subtag                0..60000  governed by <more_node>{19,1999} in <doc>
[props]   count_leaf_span                   0..6000  governed by <more_node>{19,1999} in <doc>
[props]   count_more_complex_selector        0..inf  no governing repetition (recursion or alternative)
[props]   count_more_node                  19..1999  governed by <more_node>{19,1999} in <doc>
[props]   count_namechar                     0..inf  governed by <more_node>{19,1999} in <doc>
[props]   count_node                       20..2000  governed by <more_node>{19,1999} in <doc>
[props]   count_nth_function                 0..inf  no governing repetition (recursion or alternative)
[props]   count_p                           0..2000  governed by <more_node>{19,1999} in <doc>
[props]   count_phrasing_content            0..6000  governed by <more_node>{19,1999} in <doc>
[props]   count_phrasing_element            0..2000  governed by <more_node>{19,1999} in <doc>
[props]   count_phrasing_item               0..6000  governed by <more_node>{19,1999} in <doc>
[props]   count_pseudo_class_ident           0..inf  no governing repetition (recursion or alternative)
[props]   count_section                     0..2000  governed by <more_node>{19,1999} in <doc>
[props]   count_short_name                   0..inf  governed by <more_node>{19,1999} in <doc>
[props]   count_sign                         0..inf  no governing repetition (recursion or alternative)
[props]   count_signed_integer               0..inf  no governing repetition (recursion or alternative)
[props]   count_span                        0..2000  governed by <more_node>{19,1999} in <doc>
[props]   count_tchar                      0..90000  governed by <more_node>{19,1999} in <doc>
[props]   count_text_run                   0..30000  governed by <more_node>{19,1999} in <doc>
[props]   count_trailing_subclasses          0..inf  no governing repetition (recursion or alternative)
[props]   count_type_attr                   0..6000  governed by <more_node>{19,1999} in <doc>
[props]   count_type_selector                0..inf  no governing repetition (recursion or alternative)
[props] identical to count_a, not derived: count_href_attr
[props] identical to count_attr_matcher_ws, not derived: count_attr_matcher
[props] identical to count_attribute_selector, not derived: count_lbracket, count_rbracket
[props] identical to count_attrs, not derived: count_attrs_data, count_attrs_id, count_attrs_lang, count_attrs_title, count_title_attr
[props] identical to count_class_attr, not derived: count_class_list
[props] identical to count_complex_selector, not derived: count_compound, count_lead_subclass, count_subclass_selectors
[props] identical to count_digits, not derived: count_digit
[props] identical to count_input, not derived: count_input_attrs, count_input_checked, count_input_disabled, count_input_readonly, count_input_required
[props] identical to count_lang_attr, not derived: count_lang_tag
[props] identical to count_more_complex_selector, not derived: count_comma, count_complex_selector_list
[props] identical to count_nth_function, not derived: count_an_plus_b, count_lparen, count_rparen
[props] identical to count_phrasing_item, not derived: count_phrasing_leaf
[props] identical to count_trailing_subclasses, not derived: count_trailing_subclass
[props] identical to count_type_selector, not derived: count_tag, count_wq_name
[props] WARNING <complex_selector> is a separated list written as recursion; write it as `<complex_selector> ::= <compound> <more_compound>*` with `<more_compound> ::= <separator> <compound>` so the length can be banded
[props] WARNING <trailing_subclasses> is a list written as recursion; write it as `<trailing_subclasses> ::= <trailing_subclass>+` so the length can be banded
[props] WARNING <digits> is a list written as recursion; write it as `<digits> ::= <digit>+` so the length can be banded
[props] fixed count, not derived: <doc>, <selector_list>
[domselector_tailored] properties: ['count_complex_selector', 'count_type_selector', 'count_nth_function', 'count_digits', 'count_an_a', 'count_sign', 'count_signed_integer', 'count_an_b_sign', 'count_attribute_selector', 'count_attr_name', 'count_short_name', 'count_namechar', 'count_attr_modifier', 'count_attr_value', 'count_eq_attr_name', 'count_attr_matcher_ws', 'count_trailing_subclasses', 'count_id_selector', 'count_class_selector', 'count_pseudo_class_ident', 'count_combinator', 'count_bare_attribute', 'count_more_complex_selector', 'count_node', 'count_section', 'count_phrasing_content', 'count_phrasing_item', 'count_text_run', 'count_tchar', 'count_leaf_span', 'count_attrs', 'count_class_attr', 'count_lang_attr', 'count_lang_subtag', 'count_data_attr', 'count_id_attr', 'count_a', 'count_input', 'count_type_attr', 'count_p', 'count_phrasing_element', 'count_em', 'count_span', 'count_b', 'count_div', 'count_more_node', 'doc_depth', 'doc_bytes', 'selector_len', 'selector_nesting']
[domselector_tailored] range-stratified exploration: <more_node> bands=[(19, 49), (49, 149), (149, 399), (399, 999), (999, 1999)]
  [explore] band more_node19-49: 20 inputs (max_nodes=30000)
  [explore] band more_node49-149: 20 inputs (max_nodes=30000)
  [explore] band more_node149-399: 20 inputs (max_nodes=30000)
  [explore] band more_node399-999: 20 inputs (max_nodes=30000)
  [explore] band more_node999-1999: 20 inputs (max_nodes=30000)
[metrics] domselector_9_1_0: 60s per-input cap reached after 7 sample(s); keeping them
[metrics] domselector_9_1_2: 60s per-input cap reached after 7 sample(s); keeping them
[metrics] domselector_9_2_2: 60s per-input cap reached after 7 sample(s); keeping them
[metrics] domselector_8_2_4: 60s per-input cap reached after 5 sample(s); keeping them
[metrics] domselector_9_0_4: 60s per-input cap reached after 6 sample(s); keeping them
[metrics] domselector_9_1_0: 60s per-input cap reached after 6 sample(s); keeping them
[metrics] domselector_9_1_1: 60s per-input cap reached after 6 sample(s); keeping them
[metrics] domselector_9_2_1: 60s per-input cap reached after 6 sample(s); keeping them
[metrics] domselector_9_2_2: 60s per-input cap reached after 6 sample(s); keeping them
[WARNING] wall-clock budget reached after 96 of 100 inputs; keeping what is measured.
[domselector_tailored] iter 0 (explore): corpus=864 (+864 new this run)
[domselector_tailored] wall-clock budget (3420s) reached before iteration 1; stopping with the corpus intact.
[compare] runtime_ns: 96 inputs, 9 systems (paired; ratios, 1.10x equivalence band)
[compare] overall verdicts are weighted by what the corpus contains, which the loop itself shapes; the per-region lines are the portable claim.
[compare] count_attr_modifier bins move with count_attribute_selector (1.5..7 across bins) -- those regions are joint, not count_attr_modifier findings
  domselector_8_2_4 and domselector_8_2_5 equivalent: ratio 0.98x within the equivalence band (95% CI 0.94-1.01, n=96)
      DEPENDS ON SAMPLING: counting each count_attribute_selector bin once gives 0.91x (95% CI 0.86-1.00, 3 bins, equal weight per bin), verdict 'undecided' not 'equivalent'
      ... and 4 count_attribute_selector bin(s) have too little data to enter that: [1.491,2.224), [2.224,3.317), [3.317,4.946), [7.376,11]
      DEPENDS ON SAMPLING: counting each count_attr_modifier bin once gives 0.92x (95% CI 0.84-1.01, 3 bins, equal weight per bin), verdict 'undecided' not 'equivalent'
      ... and 4 count_attr_modifier bin(s) have too little data to enter that: [1.5,2), [2.5,3), [3,3.5), [3.5,4]
      undecided on count_attribute_selector in [1,1.491), [4.946,7.376) -- needs more inputs
      undecided on count_attr_modifier (confounded) in [1,1.5), [2,2.5) -- needs more inputs
      undecided on count_bare_attribute in =0 -- needs more inputs
      undecided on count_p in [16.91,43.41), [43.41,111.4), [111.4,286] -- needs more inputs
  domselector_8_2_4 and domselector_9_0_3 equivalent: ratio 1.03x within the equivalence band (95% CI 0.96-1.05, n=96)
      DEPENDS ON SAMPLING: counting each count_attr_modifier bin once gives 0.96x (95% CI 0.89-1.08, 3 bins, equal weight per bin), verdict 'undecided' not 'equivalent'
      ... and 4 count_attr_modifier bin(s) have too little data to enter that: [1.5,2), [2.5,3), [3,3.5), [3.5,4]
      undecided on count_attribute_selector in =0, [1,1.491), [4.946,7.376) -- needs more inputs
      undecided on count_attr_modifier (confounded) in [1,1.5), [2,2.5) -- needs more inputs
      undecided on count_bare_attribute in =0, =1 -- needs more inputs
      undecided on count_p in [16.91,43.41), [43.41,111.4), [111.4,286] -- needs more inputs
  domselector_8_2_4 vs domselector_9_0_4 undecided: domselector_9_0_4 ahead by 1.01x but the 95% CI (0.88-1.03, n=96) spans the equivalence band
      DEPENDS ON SAMPLING: counting each count_attribute_selector bin once gives 0.68x (95% CI 0.66-0.82, 3 bins, equal weight per bin), verdict 'b_faster' not 'undecided'
      ... and 4 count_attribute_selector bin(s) have too little data to enter that: [1.491,2.224), [2.224,3.317), [3.317,4.946), [7.376,11]
      DEPENDS ON SAMPLING: counting each count_bare_attribute bin once gives 0.53x (95% CI 0.51-0.55, 2 bins, equal weight per bin), verdict 'b_faster' not 'undecided'
      undecided on count_attribute_selector in [4.946,7.376) -- needs more inputs
      undecided on count_attr_modifier (confounded) in =0, [2,2.5) -- needs more inputs
      undecided on count_p in [6.589,16.91), [16.91,43.41), [43.41,111.4), [111.4,286] -- needs more inputs
  domselector_8_2_4 vs domselector_9_1_0 undecided: domselector_9_1_0 ahead by 1.01x but the 95% CI (0.88-1.02, n=96) spans the equivalence band
      DEPENDS ON SAMPLING: counting each count_attribute_selector bin once gives 0.67x (95% CI 0.65-0.81, 3 bins, equal weight per bin), verdict 'b_faster' not 'undecided'
      ... and 4 count_attribute_selector bin(s) have too little data to enter that: [1.491,2.224), [2.224,3.317), [3.317,4.946), [7.376,11]
      DEPENDS ON SAMPLING: counting each count_bare_attribute bin once gives 0.53x (95% CI 0.51-0.55, 2 bins, equal weight per bin), verdict 'b_faster' not 'undecided'
      undecided on count_attribute_selector in [4.946,7.376) -- needs more inputs
      undecided on count_attr_modifier (confounded) in =0, [2,2.5) -- needs more inputs
      undecided on count_p in [6.589,16.91), [16.91,43.41), [43.41,111.4), [111.4,286] -- needs more inputs
  domselector_8_2_4 vs domselector_9_1_1 undecided: domselector_8_2_4 ahead by 1.00x but the 95% CI (0.90-1.03, n=96) spans the equivalence band
      DEPENDS ON SAMPLING: counting each count_attribute_selector bin once gives 0.68x (95% CI 0.66-0.83, 3 bins, equal weight per bin), verdict 'b_faster' not 'undecided'
      ... and 4 count_attribute_selector bin(s) have too little data to enter that: [1.491,2.224), [2.224,3.317), [3.317,4.946), [7.376,11]
      DEPENDS ON SAMPLING: counting each count_bare_attribute bin once gives 0.54x (95% CI 0.51-0.55, 2 bins, equal weight per bin), verdict 'b_faster' not 'undecided'
      undecided on count_attribute_selector in [4.946,7.376) -- needs more inputs
      undecided on count_attr_modifier (confounded) in =0, [2,2.5) -- needs more inputs
      undecided on count_p in [16.91,43.41), [43.41,111.4), [111.4,286] -- needs more inputs
  domselector_8_2_4 vs domselector_9_1_2 undecided: domselector_9_1_2 ahead by 1.04x but the 95% CI (0.73-1.00, n=96) spans the equivalence band
      DEPENDS ON SAMPLING: counting each count_attribute_selector bin once gives 0.67x (95% CI 0.61-0.81, 3 bins, equal weight per bin), verdict 'b_faster' not 'undecided'
      ... and 4 count_attribute_selector bin(s) have too little data to enter that: [1.491,2.224), [2.224,3.317), [3.317,4.946), [7.376,11]
      DEPENDS ON SAMPLING: counting each count_bare_attribute bin once gives 0.53x (95% CI 0.50-0.55, 2 bins, equal weight per bin), verdict 'b_faster' not 'undecided'
      undecided on count_attribute_selector in [4.946,7.376) -- needs more inputs
      undecided on count_attr_modifier (confounded) in =0, [2,2.5) -- needs more inputs
      undecided on count_p in [16.91,43.41), [43.41,111.4), [111.4,286] -- needs more inputs
  domselector_8_2_4 vs domselector_9_2_1 undecided: domselector_9_2_1 ahead by 1.02x but the 95% CI (0.71-1.02, n=96) spans the equivalence band
      DEPENDS ON SAMPLING: counting each count_attribute_selector bin once gives 0.69x (95% CI 0.61-0.80, 3 bins, equal weight per bin), verdict 'b_faster' not 'undecided'
      ... and 4 count_attribute_selector bin(s) have too little data to enter that: [1.491,2.224), [2.224,3.317), [3.317,4.946), [7.376,11]
      DEPENDS ON SAMPLING: counting each count_bare_attribute bin once gives 0.53x (95% CI 0.51-0.56, 2 bins, equal weight per bin), verdict 'b_faster' not 'undecided'
      undecided on count_attribute_selector in [1,1.491), [4.946,7.376) -- needs more inputs
      undecided on count_attr_modifier (confounded) in =0, [1,1.5), [2,2.5) -- needs more inputs
      undecided on count_p in [6.589,16.91), [16.91,43.41), [43.41,111.4), [111.4,286] -- needs more inputs
  domselector_8_2_4 vs domselector_9_2_2 undecided: domselector_9_2_2 ahead by 1.03x but the 95% CI (0.74-1.06, n=96) spans the equivalence band
      DEPENDS ON SAMPLING: counting each count_attribute_selector bin once gives 0.69x (95% CI 0.61-0.80, 3 bins, equal weight per bin), verdict 'b_faster' not 'undecided'
      ... and 4 count_attribute_selector bin(s) have too little data to enter that: [1.491,2.224), [2.224,3.317), [3.317,4.946), [7.376,11]
      DEPENDS ON SAMPLING: counting each count_bare_attribute bin once gives 0.54x (95% CI 0.52-0.57, 2 bins, equal weight per bin), verdict 'b_faster' not 'undecided'
      undecided on count_attribute_selector in [1,1.491), [4.946,7.376) -- needs more inputs
      undecided on count_attr_modifier (confounded) in =0, [1,1.5), [2,2.5) -- needs more inputs
      undecided on count_bare_attribute in =0 -- needs more inputs
      undecided on count_p in [6.589,16.91), [16.91,43.41), [43.41,111.4), [111.4,286] -- needs more inputs
  domselector_8_2_5 and domselector_9_0_3 equivalent: ratio 1.06x within the equivalence band (95% CI 1.04-1.07, n=96)
  domselector_8_2_5 vs domselector_9_0_4 undecided: domselector_8_2_5 ahead by 1.03x but the 95% CI (1.00-1.13, n=96) spans the equivalence band
      DEPENDS ON SAMPLING: counting each count_attribute_selector bin once gives 0.74x (95% CI 0.68-0.80, 3 bins, equal weight per bin), verdict 'b_faster' not 'undecided'
      ... and 4 count_attribute_selector bin(s) have too little data to enter that: [1.491,2.224), [2.224,3.317), [3.317,4.946), [7.376,11]
      DEPENDS ON SAMPLING: counting each count_bare_attribute bin once gives 0.55x (95% CI 0.53-0.58, 2 bins, equal weight per bin), verdict 'b_faster' not 'undecided'
      undecided on count_attribute_selector in [1,1.491), [4.946,7.376) -- needs more inputs
      undecided on count_attr_modifier (confounded) in =0, [1,1.5) -- needs more inputs
      undecided on count_bare_attribute in =0 -- needs more inputs
      undecided on count_p in [6.589,16.91), [16.91,43.41), [43.41,111.4), [111.4,286] -- needs more inputs
  domselector_8_2_5 vs domselector_9_1_0 undecided: domselector_8_2_5 ahead by 1.05x but the 95% CI (1.01-1.13, n=96) spans the equivalence band
      DEPENDS ON SAMPLING: counting each count_attribute_selector bin once gives 0.72x (95% CI 0.68-0.81, 3 bins, equal weight per bin), verdict 'b_faster' not 'undecided'
      ... and 4 count_attribute_selector bin(s) have too little data to enter that: [1.491,2.224), [2.224,3.317), [3.317,4.946), [7.376,11]
      DEPENDS ON SAMPLING: counting each count_bare_attribute bin once gives 0.55x (95% CI 0.53-0.58, 2 bins, equal weight per bin), verdict 'b_faster' not 'undecided'
      undecided on count_attribute_selector in [1,1.491), [4.946,7.376) -- needs more inputs
      undecided on count_attr_modifier (confounded) in =0, [1,1.5) -- needs more inputs
      undecided on count_bare_attribute in =0 -- needs more inputs
      undecided on count_p in [6.589,16.91), [16.91,43.41), [43.41,111.4), [111.4,286] -- needs more inputs
  domselector_8_2_5 vs domselector_9_1_1 undecided: domselector_8_2_5 ahead by 1.05x but the 95% CI (1.01-1.13, n=96) spans the equivalence band
      DEPENDS ON SAMPLING: counting each count_attribute_selector bin once gives 0.73x (95% CI 0.70-0.80, 3 bins, equal weight per bin), verdict 'b_faster' not 'undecided'
      ... and 4 count_attribute_selector bin(s) have too little data to enter that: [1.491,2.224), [2.224,3.317), [3.317,4.946), [7.376,11]
      DEPENDS ON SAMPLING: counting each count_bare_attribute bin once gives 0.56x (95% CI 0.54-0.58, 2 bins, equal weight per bin), verdict 'b_faster' not 'undecided'
      crossover on count_attribute_selector: domselector_9_1_1 better at 0, domselector_8_2_5 better above 4.946
      undecided on count_attribute_selector in [1,1.491) -- needs more inputs
      undecided on count_attr_modifier (confounded) in =0 -- needs more inputs
      undecided on count_bare_attribute in =0 -- needs more inputs
      undecided on count_p in [6.589,16.91), [16.91,43.41), [43.41,111.4), [111.4,286] -- needs more inputs
  domselector_8_2_5 and domselector_9_1_2 equivalent: ratio 1.03x within the equivalence band (95% CI 0.99-1.08, n=96)
      DEPENDS ON SAMPLING: counting each count_attribute_selector bin once gives 0.71x (95% CI 0.67-0.79, 3 bins, equal weight per bin), verdict 'b_faster' not 'equivalent'
      ... and 4 count_attribute_selector bin(s) have too little data to enter that: [1.491,2.224), [2.224,3.317), [3.317,4.946), [7.376,11]
      DEPENDS ON SAMPLING: counting each count_attr_modifier bin once gives 1.11x (95% CI 0.75-1.16, 3 bins, equal weight per bin), verdict 'undecided' not 'equivalent'
      ... and 4 count_attr_modifier bin(s) have too little data to enter that: [1.5,2), [2.5,3), [3,3.5), [3.5,4]
      DEPENDS ON SAMPLING: counting each count_bare_attribute bin once gives 0.55x (95% CI 0.53-0.56, 2 bins, equal weight per bin), verdict 'b_faster' not 'equivalent'
      DEPENDS ON SAMPLING: counting each count_p bin once gives 1.02x (95% CI 0.73-1.08, 4 bins, equal weight per bin), verdict 'undecided' not 'equivalent'
      ... and 2 count_p bin(s) have too little data to enter that: [1,2.567), [2.567,6.589)
      undecided on count_attribute_selector in [1,1.491), [4.946,7.376) -- needs more inputs
      undecided on count_attr_modifier (confounded) in =0, [1,1.5), [2,2.5) -- needs more inputs
      undecided on count_bare_attribute in =0 -- needs more inputs
      undecided on count_p in [6.589,16.91), [16.91,43.41), [43.41,111.4), [111.4,286] -- needs more inputs
  domselector_8_2_5 and domselector_9_2_1 equivalent: ratio 1.06x within the equivalence band (95% CI 1.03-1.09, n=96)
      DEPENDS ON SAMPLING: counting each count_attribute_selector bin once gives 0.71x (95% CI 0.68-0.78, 3 bins, equal weight per bin), verdict 'b_faster' not 'equivalent'
      ... and 4 count_attribute_selector bin(s) have too little data to enter that: [1.491,2.224), [2.224,3.317), [3.317,4.946), [7.376,11]
      DEPENDS ON SAMPLING: counting each count_attr_modifier bin once gives 1.11x (95% CI 0.77-1.17, 3 bins, equal weight per bin), verdict 'undecided' not 'equivalent'
      ... and 4 count_attr_modifier bin(s) have too little data to enter that: [1.5,2), [2.5,3), [3,3.5), [3.5,4]
      DEPENDS ON SAMPLING: counting each count_bare_attribute bin once gives 0.55x (95% CI 0.53-0.57, 2 bins, equal weight per bin), verdict 'b_faster' not 'equivalent'
      DEPENDS ON SAMPLING: counting each count_p bin once gives 1.05x (95% CI 0.74-1.09, 4 bins, equal weight per bin), verdict 'undecided' not 'equivalent'
      ... and 2 count_p bin(s) have too little data to enter that: [1,2.567), [2.567,6.589)
      undecided on count_attribute_selector in [1,1.491), [4.946,7.376) -- needs more inputs
      undecided on count_attr_modifier (confounded) in =0, [2,2.5) -- needs more inputs
      undecided on count_bare_attribute in =0 -- needs more inputs
      undecided on count_p in [6.589,16.91), [16.91,43.41), [43.41,111.4), [111.4,286] -- needs more inputs
  domselector_8_2_5 vs domselector_9_2_2 undecided: domselector_8_2_5 ahead by 1.09x but the 95% CI (1.02-1.14, n=96) spans the equivalence band
      DEPENDS ON SAMPLING: counting each count_attribute_selector bin once gives 0.72x (95% CI 0.67-0.79, 3 bins, equal weight per bin), verdict 'b_faster' not 'undecided'
      ... and 4 count_attribute_selector bin(s) have too little data to enter that: [1.491,2.224), [2.224,3.317), [3.317,4.946), [7.376,11]
      DEPENDS ON SAMPLING: counting each count_bare_attribute bin once gives 0.56x (95% CI 0.54-0.58, 2 bins, equal weight per bin), verdict 'b_faster' not 'undecided'
      undecided on count_attribute_selector in [1,1.491), [4.946,7.376) -- needs more inputs
      undecided on count_attr_modifier (confounded) in =0, [2,2.5) -- needs more inputs
      crossover on count_bare_attribute: domselector_8_2_5 better at 0, domselector_9_2_2 better at 1
      undecided on count_p in [6.589,16.91), [16.91,43.41), [43.41,111.4), [111.4,286] -- needs more inputs
  domselector_9_0_3 and domselector_9_0_4 equivalent: ratio 1.02x within the equivalence band (95% CI 0.99-1.08, n=96)
      DEPENDS ON SAMPLING: counting each count_attribute_selector bin once gives 0.68x (95% CI 0.65-0.75, 3 bins, equal weight per bin), verdict 'b_faster' not 'equivalent'
      ... and 4 count_attribute_selector bin(s) have too little data to enter that: [1.491,2.224), [2.224,3.317), [3.317,4.946), [7.376,11]
      DEPENDS ON SAMPLING: counting each count_attr_modifier bin once gives 1.10x (95% CI 0.72-1.13, 3 bins, equal weight per bin), verdict 'undecided' not 'equivalent'
      ... and 4 count_attr_modifier bin(s) have too little data to enter that: [1.5,2), [2.5,3), [3,3.5), [3.5,4]
      DEPENDS ON SAMPLING: counting each count_bare_attribute bin once gives 0.52x (95% CI 0.51-0.53, 2 bins, equal weight per bin), verdict 'b_faster' not 'equivalent'
      DEPENDS ON SAMPLING: counting each count_p bin once gives 1.03x (95% CI 0.72-1.08, 4 bins, equal weight per bin), verdict 'undecided' not 'equivalent'
      ... and 2 count_p bin(s) have too little data to enter that: [1,2.567), [2.567,6.589)
      undecided on count_attribute_selector in [1,1.491), [4.946,7.376) -- needs more inputs
      undecided on count_attr_modifier (confounded) in =0, [1,1.5), [2,2.5) -- needs more inputs
      undecided on count_bare_attribute in =0 -- needs more inputs
      undecided on count_p in [6.589,16.91), [16.91,43.41), [43.41,111.4), [111.4,286] -- needs more inputs
  domselector_9_0_3 and domselector_9_1_0 equivalent: ratio 1.04x within the equivalence band (95% CI 1.02-1.08, n=96)
      DEPENDS ON SAMPLING: counting each count_attribute_selector bin once gives 0.68x (95% CI 0.65-0.76, 3 bins, equal weight per bin), verdict 'b_faster' not 'equivalent'
      ... and 4 count_attribute_selector bin(s) have too little data to enter that: [1.491,2.224), [2.224,3.317), [3.317,4.946), [7.376,11]
      DEPENDS ON SAMPLING: counting each count_attr_modifier bin once gives 1.11x (95% CI 0.72-1.13, 3 bins, equal weight per bin), verdict 'undecided' not 'equivalent'
      ... and 4 count_attr_modifier bin(s) have too little data to enter that: [1.5,2), [2.5,3), [3,3.5), [3.5,4]
      DEPENDS ON SAMPLING: counting each count_bare_attribute bin once gives 0.52x (95% CI 0.50-0.54, 2 bins, equal weight per bin), verdict 'b_faster' not 'equivalent'
      DEPENDS ON SAMPLING: counting each count_p bin once gives 1.04x (95% CI 0.72-1.08, 4 bins, equal weight per bin), verdict 'undecided' not 'equivalent'
      ... and 2 count_p bin(s) have too little data to enter that: [1,2.567), [2.567,6.589)
      undecided on count_attribute_selector in [1,1.491), [4.946,7.376) -- needs more inputs
      undecided on count_attr_modifier (confounded) in =0, [1,1.5) -- needs more inputs
      undecided on count_bare_attribute in =0 -- needs more inputs
      undecided on count_p in [16.91,43.41), [43.41,111.4), [111.4,286] -- needs more inputs
  domselector_9_0_3 and domselector_9_1_1 equivalent: ratio 1.05x within the equivalence band (95% CI 1.01-1.09, n=96)
      DEPENDS ON SAMPLING: counting each count_attribute_selector bin once gives 0.69x (95% CI 0.66-0.75, 3 bins, equal weight per bin), verdict 'b_faster' not 'equivalent'
      ... and 4 count_attribute_selector bin(s) have too little data to enter that: [1.491,2.224), [2.224,3.317), [3.317,4.946), [7.376,11]
      DEPENDS ON SAMPLING: counting each count_attr_modifier bin once gives 1.10x (95% CI 0.72-1.12, 3 bins, equal weight per bin), verdict 'undecided' not 'equivalent'
      ... and 4 count_attr_modifier bin(s) have too little data to enter that: [1.5,2), [2.5,3), [3,3.5), [3.5,4]
      DEPENDS ON SAMPLING: counting each count_bare_attribute bin once gives 0.53x (95% CI 0.51-0.54, 2 bins, equal weight per bin), verdict 'b_faster' not 'equivalent'
      DEPENDS ON SAMPLING: counting each count_p bin once gives 1.04x (95% CI 0.73-1.09, 4 bins, equal weight per bin), verdict 'undecided' not 'equivalent'
      ... and 2 count_p bin(s) have too little data to enter that: [1,2.567), [2.567,6.589)
      undecided on count_attribute_selector in [1,1.491), [4.946,7.376) -- needs more inputs
      undecided on count_attr_modifier (confounded) in =0, [1,1.5) -- needs more inputs
      undecided on count_bare_attribute in =0 -- needs more inputs
      undecided on count_p in [6.589,16.91), [16.91,43.41), [43.41,111.4), [111.4,286] -- needs more inputs
  domselector_9_0_3 and domselector_9_1_2 equivalent: ratio 1.02x within the equivalence band (95% CI 1.00-1.05, n=96)
      DEPENDS ON SAMPLING: counting each count_attribute_selector bin once gives 0.66x (95% CI 0.63-0.74, 3 bins, equal weight per bin), verdict 'b_faster' not 'equivalent'
      ... and 4 count_attribute_selector bin(s) have too little data to enter that: [1.491,2.224), [2.224,3.317), [3.317,4.946), [7.376,11]
      DEPENDS ON SAMPLING: counting each count_attr_modifier bin once gives 1.06x (95% CI 0.69-1.10, 3 bins, equal weight per bin), verdict 'undecided' not 'equivalent'
      ... and 4 count_attr_modifier bin(s) have too little data to enter that: [1.5,2), [2.5,3), [3,3.5), [3.5,4]
      DEPENDS ON SAMPLING: counting each count_bare_attribute bin once gives 0.52x (95% CI 0.50-0.53, 2 bins, equal weight per bin), verdict 'b_faster' not 'equivalent'
      DEPENDS ON SAMPLING: counting each count_p bin once gives 1.02x (95% CI 0.71-1.05, 4 bins, equal weight per bin), verdict 'undecided' not 'equivalent'
      ... and 2 count_p bin(s) have too little data to enter that: [1,2.567), [2.567,6.589)
      undecided on count_attribute_selector in [1,1.491), [4.946,7.376) -- needs more inputs
      undecided on count_attr_modifier (confounded) in =0, [1,1.5), [2,2.5) -- needs more inputs
      undecided on count_bare_attribute in =0 -- needs more inputs
      undecided on count_p in [6.589,16.91), [16.91,43.41), [111.4,286] -- needs more inputs
  domselector_9_0_3 and domselector_9_2_1 equivalent: ratio 1.04x within the equivalence band (95% CI 1.01-1.07, n=96)
      DEPENDS ON SAMPLING: counting each count_attribute_selector bin once gives 0.67x (95% CI 0.65-0.74, 3 bins, equal weight per bin), verdict 'b_faster' not 'equivalent'
      ... and 4 count_attribute_selector bin(s) have too little data to enter that: [1.491,2.224), [2.224,3.317), [3.317,4.946), [7.376,11]
      DEPENDS ON SAMPLING: counting each count_attr_modifier bin once gives 1.07x (95% CI 0.71-1.11, 3 bins, equal weight per bin), verdict 'undecided' not 'equivalent'
      ... and 4 count_attr_modifier bin(s) have too little data to enter that: [1.5,2), [2.5,3), [3,3.5), [3.5,4]
      DEPENDS ON SAMPLING: counting each count_bare_attribute bin once gives 0.52x (95% CI 0.51-0.53, 2 bins, equal weight per bin), verdict 'b_faster' not 'equivalent'
      DEPENDS ON SAMPLING: counting each count_p bin once gives 1.03x (95% CI 0.72-1.06, 4 bins, equal weight per bin), verdict 'undecided' not 'equivalent'
      ... and 2 count_p bin(s) have too little data to enter that: [1,2.567), [2.567,6.589)
      undecided on count_attribute_selector in [1,1.491), [4.946,7.376) -- needs more inputs
      undecided on count_attr_modifier (confounded) in =0, [1,1.5), [2,2.5) -- needs more inputs
      undecided on count_p in [6.589,16.91), [16.91,43.41), [111.4,286] -- needs more inputs
  domselector_9_0_3 vs domselector_9_2_2 undecided: domselector_9_0_3 ahead by 1.04x but the 95% CI (1.01-1.11, n=96) spans the equivalence band
      DEPENDS ON SAMPLING: counting each count_attribute_selector bin once gives 0.68x (95% CI 0.64-0.74, 3 bins, equal weight per bin), verdict 'b_faster' not 'undecided'
      ... and 4 count_attribute_selector bin(s) have too little data to enter that: [1.491,2.224), [2.224,3.317), [3.317,4.946), [7.376,11]
      DEPENDS ON SAMPLING: counting each count_bare_attribute bin once gives 0.53x (95% CI 0.51-0.54, 2 bins, equal weight per bin), verdict 'b_faster' not 'undecided'
      undecided on count_attribute_selector in [1,1.491), [4.946,7.376) -- needs more inputs
      undecided on count_attr_modifier (confounded) in =0, [1,1.5), [2,2.5) -- needs more inputs
      undecided on count_bare_attribute in =0 -- needs more inputs
      undecided on count_p in [6.589,16.91), [16.91,43.41), [111.4,286] -- needs more inputs
  domselector_9_0_4 and domselector_9_1_0 equivalent: ratio 1.00x within the equivalence band (95% CI 1.00-1.01, n=96)
  domselector_9_0_4 and domselector_9_1_1 equivalent: ratio 1.01x within the equivalence band (95% CI 1.00-1.02, n=96)
  domselector_9_0_4 and domselector_9_1_2 equivalent: ratio 1.00x within the equivalence band (95% CI 0.99-1.01, n=96)
  domselector_9_0_4 and domselector_9_2_1 equivalent: ratio 1.01x within the equivalence band (95% CI 1.00-1.02, n=96)
      undecided on count_attr_modifier (confounded) in [2,2.5) -- needs more inputs
  domselector_9_0_4 and domselector_9_2_2 equivalent: ratio 1.01x within the equivalence band (95% CI 1.00-1.02, n=96)
      undecided on count_attr_modifier (confounded) in [2,2.5) -- needs more inputs
  domselector_9_1_0 and domselector_9_1_1 equivalent: ratio 1.00x within the equivalence band (95% CI 0.99-1.01, n=96)
  domselector_9_1_0 and domselector_9_1_2 equivalent: ratio 1.00x within the equivalence band (95% CI 0.98-1.00, n=96)
  domselector_9_1_0 and domselector_9_2_1 equivalent: ratio 1.01x within the equivalence band (95% CI 0.98-1.02, n=96)
  domselector_9_1_0 and domselector_9_2_2 equivalent: ratio 1.01x within the equivalence band (95% CI 1.00-1.02, n=96)
      undecided on count_attribute_selector in [4.946,7.376) -- needs more inputs
      undecided on count_attr_modifier (confounded) in [2,2.5) -- needs more inputs
      undecided on count_p in [6.589,16.91) -- needs more inputs
  domselector_9_1_1 and domselector_9_1_2 equivalent: ratio 0.99x within the equivalence band (95% CI 0.98-1.00, n=96)
      undecided on count_attribute_selector in [4.946,7.376) -- needs more inputs
  domselector_9_1_1 and domselector_9_2_1 equivalent: ratio 1.00x within the equivalence band (95% CI 0.99-1.01, n=96)
  domselector_9_1_1 and domselector_9_2_2 equivalent: ratio 1.01x within the equivalence band (95% CI 0.99-1.02, n=96)
      undecided on count_attribute_selector in [4.946,7.376) -- needs more inputs
      undecided on count_attr_modifier (confounded) in [2,2.5) -- needs more inputs
  domselector_9_1_2 and domselector_9_2_1 equivalent: ratio 1.01x within the equivalence band (95% CI 1.00-1.02, n=96)
  domselector_9_1_2 and domselector_9_2_2 equivalent: ratio 1.01x within the equivalence band (95% CI 1.00-1.02, n=96)
      undecided on count_p in [6.589,16.91) -- needs more inputs
  domselector_9_2_1 and domselector_9_2_2 equivalent: ratio 1.00x within the equivalence band (95% CI 0.99-1.01, n=96)
[compare] fresh_ns: 96 inputs, 9 systems (paired; ratios, 1.10x equivalence band)
[compare] overall verdicts are weighted by what the corpus contains, which the loop itself shapes; the per-region lines are the portable claim.
[compare] count_attr_modifier bins move with count_attribute_selector (1.5..7 across bins) -- those regions are joint, not count_attr_modifier findings
  domselector_8_2_4 vs domselector_8_2_5 undecided: domselector_8_2_5 ahead by 1.03x but the 95% CI (0.87-1.00, n=96) spans the equivalence band
      undecided on count_attribute_selector in [1,1.491), [4.946,7.376) -- needs more inputs
      undecided on count_attr_modifier (confounded) in [1,1.5), [2,2.5) -- needs more inputs
      undecided on count_p in [6.589,16.91), [16.91,43.41), [43.41,111.4), [111.4,286] -- needs more inputs
  domselector_8_2_4 vs domselector_9_0_3 undecided: domselector_9_0_3 ahead by 1.03x but the 95% CI (0.90-1.05, n=96) spans the equivalence band
      DEPENDS ON SAMPLING: counting each count_attribute_selector bin once gives 0.96x (95% CI 0.92-1.00, 3 bins, equal weight per bin), verdict 'equivalent' not 'undecided'
      ... and 4 count_attribute_selector bin(s) have too little data to enter that: [1.491,2.224), [2.224,3.317), [3.317,4.946), [7.376,11]
      DEPENDS ON SAMPLING: counting each count_bare_attribute bin once gives 1.00x (95% CI 0.97-1.03, 2 bins, equal weight per bin), verdict 'equivalent' not 'undecided'
      undecided on count_attribute_selector in =0, [1,1.491), [4.946,7.376) -- needs more inputs
      undecided on count_attr_modifier (confounded) in [1,1.5), [2,2.5) -- needs more inputs
      undecided on count_bare_attribute in =0, =1 -- needs more inputs
      undecided on count_p in [6.589,16.91), [16.91,43.41), [43.41,111.4), [111.4,286] -- needs more inputs
  domselector_8_2_4 vs domselector_9_0_4 undecided: domselector_9_0_4 ahead by 1.40x but the 95% CI (0.34-0.99, n=96) spans the equivalence band
      DEPENDS ON SAMPLING: counting each count_attribute_selector bin once gives 0.64x (95% CI 0.60-0.66, 3 bins, equal weight per bin), verdict 'b_faster' not 'undecided'
      ... and 4 count_attribute_selector bin(s) have too little data to enter that: [1.491,2.224), [2.224,3.317), [3.317,4.946), [7.376,11]
      DEPENDS ON SAMPLING: counting each count_attr_modifier bin once gives 0.65x (95% CI 0.53-0.85, 3 bins, equal weight per bin), verdict 'b_faster' not 'undecided'
      ... and 4 count_attr_modifier bin(s) have too little data to enter that: [1.5,2), [2.5,3), [3,3.5), [3.5,4]
      DEPENDS ON SAMPLING: counting each count_bare_attribute bin once gives 0.48x (95% CI 0.46-0.51, 2 bins, equal weight per bin), verdict 'b_faster' not 'undecided'
      DEPENDS ON SAMPLING: counting each count_p bin once gives 0.69x (95% CI 0.40-0.74, 4 bins, equal weight per bin), verdict 'b_faster' not 'undecided'
      ... and 2 count_p bin(s) have too little data to enter that: [1,2.567), [2.567,6.589)
      undecided on count_attribute_selector in [1,1.491), [4.946,7.376) -- needs more inputs
      undecided on count_attr_modifier (confounded) in [1,1.5), [2,2.5) -- needs more inputs
      undecided on count_p in [16.91,43.41), [43.41,111.4) -- needs more inputs
  domselector_8_2_4 vs domselector_9_1_0 undecided: domselector_9_1_0 ahead by 1.42x but the 95% CI (0.36-1.00, n=96) spans the equivalence band
      DEPENDS ON SAMPLING: counting each count_attribute_selector bin once gives 0.64x (95% CI 0.60-0.66, 3 bins, equal weight per bin), verdict 'b_faster' not 'undecided'
      ... and 4 count_attribute_selector bin(s) have too little data to enter that: [1.491,2.224), [2.224,3.317), [3.317,4.946), [7.376,11]
      DEPENDS ON SAMPLING: counting each count_attr_modifier bin once gives 0.66x (95% CI 0.53-0.85, 3 bins, equal weight per bin), verdict 'b_faster' not 'undecided'
      ... and 4 count_attr_modifier bin(s) have too little data to enter that: [1.5,2), [2.5,3), [3,3.5), [3.5,4]
      DEPENDS ON SAMPLING: counting each count_bare_attribute bin once gives 0.49x (95% CI 0.46-0.52, 2 bins, equal weight per bin), verdict 'b_faster' not 'undecided'
      DEPENDS ON SAMPLING: counting each count_p bin once gives 0.69x (95% CI 0.40-0.74, 4 bins, equal weight per bin), verdict 'b_faster' not 'undecided'
      ... and 2 count_p bin(s) have too little data to enter that: [1,2.567), [2.567,6.589)
      undecided on count_attribute_selector in [4.946,7.376) -- needs more inputs
      undecided on count_attr_modifier (confounded) in [1,1.5), [2,2.5) -- needs more inputs
      undecided on count_p in [16.91,43.41), [43.41,111.4) -- needs more inputs
  domselector_8_2_4 vs domselector_9_1_1 undecided: domselector_9_1_1 ahead by 1.45x but the 95% CI (0.36-0.99, n=96) spans the equivalence band
      DEPENDS ON SAMPLING: counting each count_attribute_selector bin once gives 0.64x (95% CI 0.60-0.67, 3 bins, equal weight per bin), verdict 'b_faster' not 'undecided'
      ... and 4 count_attribute_selector bin(s) have too little data to enter that: [1.491,2.224), [2.224,3.317), [3.317,4.946), [7.376,11]
      DEPENDS ON SAMPLING: counting each count_attr_modifier bin once gives 0.66x (95% CI 0.53-0.85, 3 bins, equal weight per bin), verdict 'b_faster' not 'undecided'
      ... and 4 count_attr_modifier bin(s) have too little data to enter that: [1.5,2), [2.5,3), [3,3.5), [3.5,4]
      DEPENDS ON SAMPLING: counting each count_bare_attribute bin once gives 0.50x (95% CI 0.46-0.51, 2 bins, equal weight per bin), verdict 'b_faster' not 'undecided'
      DEPENDS ON SAMPLING: counting each count_p bin once gives 0.69x (95% CI 0.40-0.74, 4 bins, equal weight per bin), verdict 'b_faster' not 'undecided'
      ... and 2 count_p bin(s) have too little data to enter that: [1,2.567), [2.567,6.589)
      undecided on count_attr_modifier (confounded) in [1,1.5), [2,2.5) -- needs more inputs
      undecided on count_p in [16.91,43.41), [43.41,111.4) -- needs more inputs
  domselector_8_2_4 vs domselector_9_1_2 undecided: domselector_9_1_2 ahead by 1.62x but the 95% CI (0.36-0.95, n=96) spans the equivalence band
      DEPENDS ON SAMPLING: counting each count_attribute_selector bin once gives 0.61x (95% CI 0.55-0.65, 3 bins, equal weight per bin), verdict 'b_faster' not 'undecided'
      ... and 4 count_attribute_selector bin(s) have too little data to enter that: [1.491,2.224), [2.224,3.317), [3.317,4.946), [7.376,11]
      DEPENDS ON SAMPLING: counting each count_attr_modifier bin once gives 0.65x (95% CI 0.50-0.81, 3 bins, equal weight per bin), verdict 'b_faster' not 'undecided'
      ... and 4 count_attr_modifier bin(s) have too little data to enter that: [1.5,2), [2.5,3), [3,3.5), [3.5,4]
      DEPENDS ON SAMPLING: counting each count_bare_attribute bin once gives 0.48x (95% CI 0.45-0.49, 2 bins, equal weight per bin), verdict 'b_faster' not 'undecided'
      DEPENDS ON SAMPLING: counting each count_p bin once gives 0.64x (95% CI 0.40-0.72, 4 bins, equal weight per bin), verdict 'b_faster' not 'undecided'
      ... and 2 count_p bin(s) have too little data to enter that: [1,2.567), [2.567,6.589)
      undecided on count_attribute_selector in [1,1.491), [4.946,7.376) -- needs more inputs
      undecided on count_attr_modifier (confounded) in [1,1.5), [2,2.5) -- needs more inputs
      undecided on count_bare_attribute in =0 -- needs more inputs
      undecided on count_p in [16.91,43.41), [43.41,111.4) -- needs more inputs
  domselector_8_2_4 vs domselector_9_2_1 undecided: domselector_9_2_1 ahead by 1.62x but the 95% CI (0.36-0.97, n=96) spans the equivalence band
      DEPENDS ON SAMPLING: counting each count_attribute_selector bin once gives 0.63x (95% CI 0.55-0.66, 3 bins, equal weight per bin), verdict 'b_faster' not 'undecided'
      ... and 4 count_attribute_selector bin(s) have too little data to enter that: [1.491,2.224), [2.224,3.317), [3.317,4.946), [7.376,11]
      DEPENDS ON SAMPLING: counting each count_attr_modifier bin once gives 0.66x (95% CI 0.50-0.82, 3 bins, equal weight per bin), verdict 'b_faster' not 'undecided'
      ... and 4 count_attr_modifier bin(s) have too little data to enter that: [1.5,2), [2.5,3), [3,3.5), [3.5,4]
      DEPENDS ON SAMPLING: counting each count_bare_attribute bin once gives 0.48x (95% CI 0.45-0.51, 2 bins, equal weight per bin), verdict 'b_faster' not 'undecided'
      DEPENDS ON SAMPLING: counting each count_p bin once gives 0.64x (95% CI 0.40-0.73, 4 bins, equal weight per bin), verdict 'b_faster' not 'undecided'
      ... and 2 count_p bin(s) have too little data to enter that: [1,2.567), [2.567,6.589)
      undecided on count_attribute_selector in [1,1.491), [4.946,7.376) -- needs more inputs
      undecided on count_attr_modifier (confounded) in [1,1.5), [2,2.5) -- needs more inputs
      undecided on count_bare_attribute in =0 -- needs more inputs
      undecided on count_p in [6.589,16.91), [16.91,43.41), [43.41,111.4) -- needs more inputs
  domselector_8_2_4 vs domselector_9_2_2 undecided: domselector_9_2_2 ahead by 1.56x but the 95% CI (0.38-0.94, n=96) spans the equivalence band
      DEPENDS ON SAMPLING: counting each count_attribute_selector bin once gives 0.61x (95% CI 0.54-0.66, 3 bins, equal weight per bin), verdict 'b_faster' not 'undecided'
      ... and 4 count_attribute_selector bin(s) have too little data to enter that: [1.491,2.224), [2.224,3.317), [3.317,4.946), [7.376,11]
      DEPENDS ON SAMPLING: counting each count_attr_modifier bin once gives 0.66x (95% CI 0.50-0.82, 3 bins, equal weight per bin), verdict 'b_faster' not 'undecided'
      ... and 4 count_attr_modifier bin(s) have too little data to enter that: [1.5,2), [2.5,3), [3,3.5), [3.5,4]
      DEPENDS ON SAMPLING: counting each count_bare_attribute bin once gives 0.47x (95% CI 0.45-0.50, 2 bins, equal weight per bin), verdict 'b_faster' not 'undecided'
      DEPENDS ON SAMPLING: counting each count_p bin once gives 0.64x (95% CI 0.40-0.73, 4 bins, equal weight per bin), verdict 'b_faster' not 'undecided'
      ... and 2 count_p bin(s) have too little data to enter that: [1,2.567), [2.567,6.589)
      undecided on count_attribute_selector in [1,1.491), [4.946,7.376) -- needs more inputs
      undecided on count_attr_modifier (confounded) in [1,1.5), [2,2.5) -- needs more inputs
      undecided on count_bare_attribute in =0 -- needs more inputs
      undecided on count_p in [6.589,16.91), [16.91,43.41), [43.41,111.4) -- needs more inputs
  domselector_8_2_5 and domselector_9_0_3 equivalent: ratio 1.05x within the equivalence band (95% CI 1.04-1.07, n=96)
  domselector_8_2_5 vs domselector_9_0_4 undecided: domselector_8_2_5 ahead by 1.04x but the 95% CI (0.98-1.10, n=96) spans the equivalence band
      DEPENDS ON SAMPLING: counting each count_attribute_selector bin once gives 0.67x (95% CI 0.63-0.73, 3 bins, equal weight per bin), verdict 'b_faster' not 'undecided'
      ... and 4 count_attribute_selector bin(s) have too little data to enter that: [1.491,2.224), [2.224,3.317), [3.317,4.946), [7.376,11]
      DEPENDS ON SAMPLING: counting each count_bare_attribute bin once gives 0.51x (95% CI 0.48-0.53, 2 bins, equal weight per bin), verdict 'b_faster' not 'undecided'
      undecided on count_attribute_selector in [1,1.491), [4.946,7.376) -- needs more inputs
      undecided on count_attr_modifier (confounded) in =0, [1,1.5) -- needs more inputs
      undecided on count_bare_attribute in =0 -- needs more inputs
      undecided on count_p in [6.589,16.91), [16.91,43.41), [43.41,111.4), [111.4,286] -- needs more inputs
  domselector_8_2_5 vs domselector_9_1_0 undecided: domselector_8_2_5 ahead by 1.04x but the 95% CI (1.00-1.12, n=96) spans the equivalence band
      DEPENDS ON SAMPLING: counting each count_attribute_selector bin once gives 0.68x (95% CI 0.64-0.76, 3 bins, equal weight per bin), verdict 'b_faster' not 'undecided'
      ... and 4 count_attribute_selector bin(s) have too little data to enter that: [1.491,2.224), [2.224,3.317), [3.317,4.946), [7.376,11]
      DEPENDS ON SAMPLING: counting each count_bare_attribute bin once gives 0.51x (95% CI 0.49-0.54, 2 bins, equal weight per bin), verdict 'b_faster' not 'undecided'
      undecided on count_attribute_selector in [1,1.491), [4.946,7.376) -- needs more inputs
      undecided on count_attr_modifier (confounded) in =0, [1,1.5) -- needs more inputs
      undecided on count_bare_attribute in =0 -- needs more inputs
      undecided on count_p in [6.589,16.91), [16.91,43.41), [43.41,111.4), [111.4,286] -- needs more inputs
  domselector_8_2_5 and domselector_9_1_1 equivalent: ratio 1.04x within the equivalence band (95% CI 1.00-1.10, n=96)
      DEPENDS ON SAMPLING: counting each count_attribute_selector bin once gives 0.68x (95% CI 0.65-0.75, 3 bins, equal weight per bin), verdict 'b_faster' not 'equivalent'
      ... and 4 count_attribute_selector bin(s) have too little data to enter that: [1.491,2.224), [2.224,3.317), [3.317,4.946), [7.376,11]
      DEPENDS ON SAMPLING: counting each count_attr_modifier bin once gives 1.11x (95% CI 0.72-1.14, 3 bins, equal weight per bin), verdict 'undecided' not 'equivalent'
      ... and 4 count_attr_modifier bin(s) have too little data to enter that: [1.5,2), [2.5,3), [3,3.5), [3.5,4]
      DEPENDS ON SAMPLING: counting each count_bare_attribute bin once gives 0.51x (95% CI 0.48-0.54, 2 bins, equal weight per bin), verdict 'b_faster' not 'equivalent'
      DEPENDS ON SAMPLING: counting each count_p bin once gives 1.03x (95% CI 0.71-1.11, 4 bins, equal weight per bin), verdict 'undecided' not 'equivalent'
      ... and 2 count_p bin(s) have too little data to enter that: [1,2.567), [2.567,6.589)
      undecided on count_attribute_selector in [1,1.491), [4.946,7.376) -- needs more inputs
      undecided on count_attr_modifier (confounded) in =0, [1,1.5) -- needs more inputs
      undecided on count_bare_attribute in =0 -- needs more inputs
      undecided on count_p in [6.589,16.91), [16.91,43.41), [43.41,111.4), [111.4,286] -- needs more inputs
  domselector_8_2_5 and domselector_9_1_2 equivalent: ratio 1.02x within the equivalence band (95% CI 0.98-1.06, n=96)
      DEPENDS ON SAMPLING: counting each count_attribute_selector bin once gives 0.65x (95% CI 0.62-0.71, 3 bins, equal weight per bin), verdict 'b_faster' not 'equivalent'
      ... and 4 count_attribute_selector bin(s) have too little data to enter that: [1.491,2.224), [2.224,3.317), [3.317,4.946), [7.376,11]
      DEPENDS ON SAMPLING: counting each count_attr_modifier bin once gives 1.08x (95% CI 0.71-1.11, 3 bins, equal weight per bin), verdict 'undecided' not 'equivalent'
      ... and 4 count_attr_modifier bin(s) have too little data to enter that: [1.5,2), [2.5,3), [3,3.5), [3.5,4]
      DEPENDS ON SAMPLING: counting each count_bare_attribute bin once gives 0.50x (95% CI 0.47-0.52, 2 bins, equal weight per bin), verdict 'b_faster' not 'equivalent'
      DEPENDS ON SAMPLING: counting each count_p bin once gives 1.00x (95% CI 0.70-1.06, 4 bins, equal weight per bin), verdict 'undecided' not 'equivalent'
      ... and 2 count_p bin(s) have too little data to enter that: [1,2.567), [2.567,6.589)
      undecided on count_attribute_selector in [1,1.491), [4.946,7.376) -- needs more inputs
      undecided on count_attr_modifier (confounded) in =0, [1,1.5), [2,2.5) -- needs more inputs
      undecided on count_bare_attribute in =0 -- needs more inputs
      undecided on count_p in [6.589,16.91), [16.91,43.41), [43.41,111.4), [111.4,286] -- needs more inputs
  domselector_8_2_5 and domselector_9_2_1 equivalent: ratio 1.02x within the equivalence band (95% CI 1.00-1.07, n=96)
      DEPENDS ON SAMPLING: counting each count_attribute_selector bin once gives 0.66x (95% CI 0.62-0.71, 3 bins, equal weight per bin), verdict 'b_faster' not 'equivalent'
      ... and 4 count_attribute_selector bin(s) have too little data to enter that: [1.491,2.224), [2.224,3.317), [3.317,4.946), [7.376,11]
      DEPENDS ON SAMPLING: counting each count_attr_modifier bin once gives 1.08x (95% CI 0.71-1.12, 3 bins, equal weight per bin), verdict 'undecided' not 'equivalent'
      ... and 4 count_attr_modifier bin(s) have too little data to enter that: [1.5,2), [2.5,3), [3,3.5), [3.5,4]
      DEPENDS ON SAMPLING: counting each count_bare_attribute bin once gives 0.50x (95% CI 0.48-0.52, 2 bins, equal weight per bin), verdict 'b_faster' not 'equivalent'
      DEPENDS ON SAMPLING: counting each count_p bin once gives 1.02x (95% CI 0.70-1.07, 4 bins, equal weight per bin), verdict 'undecided' not 'equivalent'
      ... and 2 count_p bin(s) have too little data to enter that: [1,2.567), [2.567,6.589)
      undecided on count_attribute_selector in [1,1.491), [4.946,7.376) -- needs more inputs
      undecided on count_attr_modifier (confounded) in =0, [1,1.5), [2,2.5) -- needs more inputs
      undecided on count_bare_attribute in =0 -- needs more inputs
      undecided on count_p in [6.589,16.91), [16.91,43.41), [43.41,111.4), [111.4,286] -- needs more inputs
  domselector_8_2_5 and domselector_9_2_2 equivalent: ratio 1.03x within the equivalence band (95% CI 0.98-1.07, n=96)
      DEPENDS ON SAMPLING: counting each count_attribute_selector bin once gives 0.65x (95% CI 0.62-0.72, 3 bins, equal weight per bin), verdict 'b_faster' not 'equivalent'
      ... and 4 count_attribute_selector bin(s) have too little data to enter that: [1.491,2.224), [2.224,3.317), [3.317,4.946), [7.376,11]
      DEPENDS ON SAMPLING: counting each count_attr_modifier bin once gives 1.05x (95% CI 0.71-1.10, 3 bins, equal weight per bin), verdict 'undecided' not 'equivalent'
      ... and 4 count_attr_modifier bin(s) have too little data to enter that: [1.5,2), [2.5,3), [3,3.5), [3.5,4]
      DEPENDS ON SAMPLING: counting each count_bare_attribute bin once gives 0.50x (95% CI 0.48-0.52, 2 bins, equal weight per bin), verdict 'b_faster' not 'equivalent'
      DEPENDS ON SAMPLING: counting each count_p bin once gives 1.01x (95% CI 0.69-1.07, 4 bins, equal weight per bin), verdict 'undecided' not 'equivalent'
      ... and 2 count_p bin(s) have too little data to enter that: [1,2.567), [2.567,6.589)
      undecided on count_attribute_selector in [1,1.491) -- needs more inputs
      undecided on count_attr_modifier (confounded) in =0, [1,1.5), [2,2.5) -- needs more inputs
      undecided on count_bare_attribute in =0 -- needs more inputs
      undecided on count_p in [16.91,43.41), [43.41,111.4), [111.4,286] -- needs more inputs
  domselector_9_0_3 and domselector_9_0_4 equivalent: ratio 1.02x within the equivalence band (95% CI 0.99-1.07, n=96)
      DEPENDS ON SAMPLING: counting each count_attribute_selector bin once gives 0.64x (95% CI 0.61-0.67, 3 bins, equal weight per bin), verdict 'b_faster' not 'equivalent'
      ... and 4 count_attribute_selector bin(s) have too little data to enter that: [1.491,2.224), [2.224,3.317), [3.317,4.946), [7.376,11]
      DEPENDS ON SAMPLING: counting each count_attr_modifier bin once gives 1.07x (95% CI 0.66-1.11, 3 bins, equal weight per bin), verdict 'undecided' not 'equivalent'
      ... and 4 count_attr_modifier bin(s) have too little data to enter that: [1.5,2), [2.5,3), [3,3.5), [3.5,4]
      DEPENDS ON SAMPLING: counting each count_bare_attribute bin once gives 0.49x (95% CI 0.46-0.50, 2 bins, equal weight per bin), verdict 'b_faster' not 'equivalent'
      DEPENDS ON SAMPLING: counting each count_p bin once gives 1.02x (95% CI 0.69-1.07, 4 bins, equal weight per bin), verdict 'undecided' not 'equivalent'
      ... and 2 count_p bin(s) have too little data to enter that: [1,2.567), [2.567,6.589)
      undecided on count_attribute_selector in [1,1.491), [4.946,7.376) -- needs more inputs
      undecided on count_attr_modifier (confounded) in =0, [1,1.5), [2,2.5) -- needs more inputs
      undecided on count_bare_attribute in =0 -- needs more inputs
      undecided on count_p in [16.91,43.41), [43.41,111.4), [111.4,286] -- needs more inputs
  domselector_9_0_3 and domselector_9_1_0 equivalent: ratio 1.04x within the equivalence band (95% CI 1.01-1.07, n=96)
      DEPENDS ON SAMPLING: counting each count_attribute_selector bin once gives 0.64x (95% CI 0.62-0.69, 3 bins, equal weight per bin), verdict 'b_faster' not 'equivalent'
      ... and 4 count_attribute_selector bin(s) have too little data to enter that: [1.491,2.224), [2.224,3.317), [3.317,4.946), [7.376,11]
      DEPENDS ON SAMPLING: counting each count_attr_modifier bin once gives 1.09x (95% CI 0.68-1.12, 3 bins, equal weight per bin), verdict 'undecided' not 'equivalent'
      ... and 4 count_attr_modifier bin(s) have too little data to enter that: [1.5,2), [2.5,3), [3,3.5), [3.5,4]
      DEPENDS ON SAMPLING: counting each count_bare_attribute bin once gives 0.48x (95% CI 0.46-0.50, 2 bins, equal weight per bin), verdict 'b_faster' not 'equivalent'
      DEPENDS ON SAMPLING: counting each count_p bin once gives 1.03x (95% CI 0.71-1.07, 4 bins, equal weight per bin), verdict 'undecided' not 'equivalent'
      ... and 2 count_p bin(s) have too little data to enter that: [1,2.567), [2.567,6.589)
      undecided on count_attribute_selector in [1,1.491), [4.946,7.376) -- needs more inputs
      undecided on count_attr_modifier (confounded) in =0, [1,1.5), [2,2.5) -- needs more inputs
      undecided on count_bare_attribute in =0 -- needs more inputs
      undecided on count_p in [6.589,16.91), [16.91,43.41), [43.41,111.4), [111.4,286] -- needs more inputs
  domselector_9_0_3 and domselector_9_1_1 equivalent: ratio 1.04x within the equivalence band (95% CI 1.00-1.07, n=96)
      DEPENDS ON SAMPLING: counting each count_attribute_selector bin once gives 0.65x (95% CI 0.63-0.68, 3 bins, equal weight per bin), verdict 'b_faster' not 'equivalent'
      ... and 4 count_attribute_selector bin(s) have too little data to enter that: [1.491,2.224), [2.224,3.317), [3.317,4.946), [7.376,11]
      DEPENDS ON SAMPLING: counting each count_attr_modifier bin once gives 1.06x (95% CI 0.66-1.10, 3 bins, equal weight per bin), verdict 'undecided' not 'equivalent'
      ... and 4 count_attr_modifier bin(s) have too little data to enter that: [1.5,2), [2.5,3), [3,3.5), [3.5,4]
      DEPENDS ON SAMPLING: counting each count_bare_attribute bin once gives 0.49x (95% CI 0.46-0.51, 2 bins, equal weight per bin), verdict 'b_faster' not 'equivalent'
      DEPENDS ON SAMPLING: counting each count_p bin once gives 1.03x (95% CI 0.70-1.07, 4 bins, equal weight per bin), verdict 'undecided' not 'equivalent'
      ... and 2 count_p bin(s) have too little data to enter that: [1,2.567), [2.567,6.589)
      undecided on count_attribute_selector in [1,1.491), [4.946,7.376) -- needs more inputs
      undecided on count_attr_modifier (confounded) in =0, [1,1.5), [2,2.5) -- needs more inputs
      undecided on count_bare_attribute in =0 -- needs more inputs
      undecided on count_p in [6.589,16.91), [16.91,43.41), [43.41,111.4), [111.4,286] -- needs more inputs
  domselector_9_0_3 and domselector_9_1_2 equivalent: ratio 1.02x within the equivalence band (95% CI 0.98-1.05, n=96)
      DEPENDS ON SAMPLING: counting each count_attribute_selector bin once gives 0.63x (95% CI 0.61-0.67, 3 bins, equal weight per bin), verdict 'b_faster' not 'equivalent'
      ... and 4 count_attribute_selector bin(s) have too little data to enter that: [1.491,2.224), [2.224,3.317), [3.317,4.946), [7.376,11]
      DEPENDS ON SAMPLING: counting each count_attr_modifier bin once gives 1.04x (95% CI 0.65-1.08, 3 bins, equal weight per bin), verdict 'undecided' not 'equivalent'
      ... and 4 count_attr_modifier bin(s) have too little data to enter that: [1.5,2), [2.5,3), [3,3.5), [3.5,4]
      DEPENDS ON SAMPLING: counting each count_bare_attribute bin once gives 0.48x (95% CI 0.45-0.49, 2 bins, equal weight per bin), verdict 'b_faster' not 'equivalent'
      DEPENDS ON SAMPLING: counting each count_p bin once gives 1.01x (95% CI 0.68-1.04, 4 bins, equal weight per bin), verdict 'undecided' not 'equivalent'
      ... and 2 count_p bin(s) have too little data to enter that: [1,2.567), [2.567,6.589)
      undecided on count_attr_modifier (confounded) in =0, [1,1.5), [2,2.5) -- needs more inputs
      undecided on count_p in [16.91,43.41), [111.4,286] -- needs more inputs
  domselector_9_0_3 and domselector_9_2_1 equivalent: ratio 1.03x within the equivalence band (95% CI 0.99-1.05, n=96)
      DEPENDS ON SAMPLING: counting each count_attribute_selector bin once gives 0.63x (95% CI 0.61-0.67, 3 bins, equal weight per bin), verdict 'b_faster' not 'equivalent'
      ... and 4 count_attribute_selector bin(s) have too little data to enter that: [1.491,2.224), [2.224,3.317), [3.317,4.946), [7.376,11]
      DEPENDS ON SAMPLING: counting each count_attr_modifier bin once gives 1.04x (95% CI 0.65-1.07, 3 bins, equal weight per bin), verdict 'undecided' not 'equivalent'
      ... and 4 count_attr_modifier bin(s) have too little data to enter that: [1.5,2), [2.5,3), [3,3.5), [3.5,4]
      DEPENDS ON SAMPLING: counting each count_bare_attribute bin once gives 0.48x (95% CI 0.46-0.49, 2 bins, equal weight per bin), verdict 'b_faster' not 'equivalent'
      DEPENDS ON SAMPLING: counting each count_p bin once gives 1.03x (95% CI 0.69-1.05, 4 bins, equal weight per bin), verdict 'undecided' not 'equivalent'
      ... and 2 count_p bin(s) have too little data to enter that: [1,2.567), [2.567,6.589)
      undecided on count_attribute_selector in [1,1.491) -- needs more inputs
      undecided on count_attr_modifier (confounded) in =0, [1,1.5), [2,2.5) -- needs more inputs
      undecided on count_p in [16.91,43.41), [111.4,286] -- needs more inputs
  domselector_9_0_3 and domselector_9_2_2 equivalent: ratio 1.01x within the equivalence band (95% CI 0.97-1.03, n=96)
      DEPENDS ON SAMPLING: counting each count_attribute_selector bin once gives 0.62x (95% CI 0.60-0.66, 3 bins, equal weight per bin), verdict 'b_faster' not 'equivalent'
      ... and 4 count_attribute_selector bin(s) have too little data to enter that: [1.491,2.224), [2.224,3.317), [3.317,4.946), [7.376,11]
      DEPENDS ON SAMPLING: counting each count_attr_modifier bin once gives 1.02x (95% CI 0.65-1.06, 3 bins, equal weight per bin), verdict 'undecided' not 'equivalent'
      ... and 4 count_attr_modifier bin(s) have too little data to enter that: [1.5,2), [2.5,3), [3,3.5), [3.5,4]
      DEPENDS ON SAMPLING: counting each count_bare_attribute bin once gives 0.48x (95% CI 0.46-0.49, 2 bins, equal weight per bin), verdict 'b_faster' not 'equivalent'
      DEPENDS ON SAMPLING: counting each count_p bin once gives 1.01x (95% CI 0.68-1.03, 4 bins, equal weight per bin), verdict 'undecided' not 'equivalent'
      ... and 2 count_p bin(s) have too little data to enter that: [1,2.567), [2.567,6.589)
      undecided on count_attribute_selector in [1,1.491) -- needs more inputs
      undecided on count_attr_modifier (confounded) in =0, [1,1.5), [2,2.5) -- needs more inputs
      undecided on count_p in [6.589,16.91), [16.91,43.41), [111.4,286] -- needs more inputs
  domselector_9_0_4 and domselector_9_1_0 equivalent: ratio 1.01x within the equivalence band (95% CI 1.00-1.02, n=96)
  domselector_9_0_4 and domselector_9_1_1 equivalent: ratio 1.00x within the equivalence band (95% CI 0.99-1.01, n=96)
  domselector_9_0_4 and domselector_9_1_2 equivalent: ratio 0.99x within the equivalence band (95% CI 0.98-1.01, n=96)
  domselector_9_0_4 and domselector_9_2_1 equivalent: ratio 1.00x within the equivalence band (95% CI 0.98-1.01, n=96)
  domselector_9_0_4 and domselector_9_2_2 equivalent: ratio 1.01x within the equivalence band (95% CI 0.99-1.01, n=96)
      undecided on count_attr_modifier (confounded) in [2,2.5) -- needs more inputs
  domselector_9_1_0 and domselector_9_1_1 equivalent: ratio 0.99x within the equivalence band (95% CI 0.99-1.00, n=96)
  domselector_9_1_0 and domselector_9_1_2 equivalent: ratio 0.99x within the equivalence band (95% CI 0.97-0.99, n=96)
      undecided on count_attribute_selector in [4.946,7.376) -- needs more inputs
  domselector_9_1_0 and domselector_9_2_1 equivalent: ratio 1.00x within the equivalence band (95% CI 0.98-1.00, n=96)
  domselector_9_1_0 and domselector_9_2_2 equivalent: ratio 0.99x within the equivalence band (95% CI 0.97-1.01, n=96)
      undecided on count_attribute_selector in [4.946,7.376) -- needs more inputs
      undecided on count_attr_modifier (confounded) in [2,2.5) -- needs more inputs
      undecided on count_p in [43.41,111.4) -- needs more inputs
  domselector_9_1_1 and domselector_9_1_2 equivalent: ratio 0.98x within the equivalence band (95% CI 0.97-1.00, n=96)
  domselector_9_1_1 and domselector_9_2_1 equivalent: ratio 1.00x within the equivalence band (95% CI 0.98-1.01, n=96)
  domselector_9_1_1 and domselector_9_2_2 equivalent: ratio 0.98x within the equivalence band (95% CI 0.97-1.02, n=96)
  domselector_9_1_2 and domselector_9_2_1 equivalent: ratio 1.01x within the equivalence band (95% CI 1.00-1.02, n=96)
  domselector_9_1_2 and domselector_9_2_2 equivalent: ratio 1.00x within the equivalence band (95% CI 0.99-1.01, n=96)
  domselector_9_2_1 and domselector_9_2_2 equivalent: ratio 0.99x within the equivalence band (95% CI 0.98-1.01, n=96)
[compare] dominance across runtime_ns, fresh_ns:
  domselector_8_2_4 vs domselector_8_2_5 undecided on every metric
  domselector_8_2_4 vs domselector_9_0_3 undecided on every metric
  domselector_8_2_4 vs domselector_9_0_4 undecided on every metric
  domselector_8_2_4 vs domselector_9_1_0 undecided on every metric
  domselector_8_2_4 vs domselector_9_1_1 undecided on every metric
  domselector_8_2_4 vs domselector_9_1_2 undecided on every metric
  domselector_8_2_4 vs domselector_9_2_1 undecided on every metric
  domselector_8_2_4 vs domselector_9_2_2 undecided on every metric
  domselector_8_2_5 and domselector_9_0_3 EQUIVALENT on every metric
  domselector_8_2_5 vs domselector_9_0_4 undecided on every metric
  domselector_8_2_5 vs domselector_9_1_0 undecided on every metric
  domselector_8_2_5 vs domselector_9_1_1 undecided on every metric
  domselector_8_2_5 and domselector_9_1_2 EQUIVALENT on every metric
  domselector_8_2_5 and domselector_9_2_1 EQUIVALENT on every metric
  domselector_8_2_5 vs domselector_9_2_2 undecided on every metric
  domselector_9_0_3 and domselector_9_0_4 EQUIVALENT on every metric
  domselector_9_0_3 and domselector_9_1_0 EQUIVALENT on every metric
  domselector_9_0_3 and domselector_9_1_1 EQUIVALENT on every metric
  domselector_9_0_3 and domselector_9_1_2 EQUIVALENT on every metric
  domselector_9_0_3 and domselector_9_2_1 EQUIVALENT on every metric
  domselector_9_0_3 vs domselector_9_2_2 undecided on every metric
  domselector_9_0_4 and domselector_9_1_0 EQUIVALENT on every metric
  domselector_9_0_4 and domselector_9_1_1 EQUIVALENT on every metric
  domselector_9_0_4 and domselector_9_1_2 EQUIVALENT on every metric
  domselector_9_0_4 and domselector_9_2_1 EQUIVALENT on every metric
  domselector_9_0_4 and domselector_9_2_2 EQUIVALENT on every metric
  domselector_9_1_0 and domselector_9_1_1 EQUIVALENT on every metric
  domselector_9_1_0 and domselector_9_1_2 EQUIVALENT on every metric
  domselector_9_1_0 and domselector_9_2_1 EQUIVALENT on every metric
  domselector_9_1_0 and domselector_9_2_2 EQUIVALENT on every metric
  domselector_9_1_1 and domselector_9_1_2 EQUIVALENT on every metric
  domselector_9_1_1 and domselector_9_2_1 EQUIVALENT on every metric
  domselector_9_1_1 and domselector_9_2_2 EQUIVALENT on every metric
  domselector_9_1_2 and domselector_9_2_1 EQUIVALENT on every metric
  domselector_9_1_2 and domselector_9_2_2 EQUIVALENT on every metric
  domselector_9_2_1 and domselector_9_2_2 EQUIVALENT on every metric
      count_attribute_selector =0 (n=39): domselector_9_0_4, domselector_9_1_0, domselector_9_1_1, domselector_9_1_2, domselector_9_2_1, domselector_9_2_2 not dominated
      count_attribute_selector [1,1.491) (n=26): domselector_8_2_4, domselector_8_2_5, domselector_9_0_3, domselector_9_0_4, domselector_9_1_0, domselector_9_1_1, domselector_9_1_2, domselector_9_2_1, domselector_9_2_2 not dominated
      count_attribute_selector [4.946,7.376) (n=11): domselector_8_2_4, domselector_8_2_5, domselector_9_0_3, domselector_9_0_4, domselector_9_1_0, domselector_9_1_1, domselector_9_1_2, domselector_9_2_1, domselector_9_2_2 not dominated
      count_attr_modifier =0 (n=61): domselector_8_2_4, domselector_8_2_5, domselector_9_0_3, domselector_9_0_4, domselector_9_1_0, domselector_9_1_1, domselector_9_1_2, domselector_9_2_1, domselector_9_2_2 not dominated
      count_attr_modifier [1,1.5) (n=18): domselector_8_2_4, domselector_8_2_5, domselector_9_0_3, domselector_9_0_4, domselector_9_1_0, domselector_9_1_1, domselector_9_1_2, domselector_9_2_1, domselector_9_2_2 not dominated
      count_attr_modifier [2,2.5) (n=10): domselector_8_2_4, domselector_8_2_5, domselector_9_0_3, domselector_9_1_2, domselector_9_2_1, domselector_9_2_2 not dominated
      count_bare_attribute =0 (n=68): domselector_8_2_4, domselector_8_2_5, domselector_9_0_3, domselector_9_0_4, domselector_9_1_0, domselector_9_1_1, domselector_9_1_2, domselector_9_2_1, domselector_9_2_2 not dominated
      count_bare_attribute =1 (n=28): domselector_9_0_4, domselector_9_1_0, domselector_9_1_1, domselector_9_1_2, domselector_9_2_1, domselector_9_2_2 not dominated
      count_p [6.589,16.91) (n=19): domselector_8_2_4, domselector_8_2_5, domselector_9_0_3, domselector_9_0_4, domselector_9_1_0, domselector_9_1_1, domselector_9_1_2, domselector_9_2_1, domselector_9_2_2 not dominated
      count_p [16.91,43.41) (n=17): domselector_8_2_4, domselector_8_2_5, domselector_9_0_3, domselector_9_0_4, domselector_9_1_0, domselector_9_1_1, domselector_9_1_2, domselector_9_2_1, domselector_9_2_2 not dominated
      count_p [43.41,111.4) (n=21): domselector_8_2_4, domselector_8_2_5, domselector_9_0_3, domselector_9_0_4, domselector_9_1_0, domselector_9_1_1, domselector_9_1_2, domselector_9_2_1, domselector_9_2_2 not dominated
      count_p [111.4,286] (n=34): domselector_8_2_4, domselector_8_2_5, domselector_9_0_3, domselector_9_0_4, domselector_9_1_0, domselector_9_1_1, domselector_9_1_2, domselector_9_2_1, domselector_9_2_2 not dominated
[interference] 3 property pair(s) tested over 864 rows; 3 show a dependence
  count_attribute_selector vs runtime_ns changes with count_p: rho by count_p stratum = [+0.51, +0.19, +0.70, +0.32], spread 0.51, p=0.003
  count_bare_attribute vs runtime_ns changes with count_p: rho by count_p stratum = [-0.04, +0.02, -0.16, -0.30], spread 0.32, p=0.003
  count_attr_modifier vs runtime_ns changes with count_p: rho by count_p stratum = [+0.47, +0.25, +0.50, +0.40], spread 0.26, p=0.030
  -> a one-dimensional region on these properties states less than it appears to; they are candidates for a joint request.
[domselector_tailored] past the wall-clock budget; skipping the model fits and plots and writing the report. They are a function of corpus.csv, which is checkpointed, so the next run recomputes them from the same inputs rather than re-measuring.
[domselector_tailored] metric cache: 864 entries, 5423 SUT executions this run
[domselector_tailored] wall clock: 3522s of 3420s budget
[domselector_tailored] report -> ./results/rq1/20261002-2150-tailored-domselector_tailored/run1/domselector_tailored/report.md
[domselector_tailored] done. corpus=864 rows (96 inputs x 9 systems). Artifacts in ./results/rq1/20261002-2150-tailored-domselector_tailored/run1/domselector_tailored
